04-18 21:34:32.748  2106  2106 D wpa_supplicant: wlan0: BSS: Add new id 118 BSSID a4:6c:2a:1b:58:4e SSID 'ROKID.GUEST'
04-18 21:34:32.748  2106  2106 D wpa_supplicant: CTRL-DEBUG: ctrl_sock-sendmsg: sock=11 sndbuf=163840 outq=8960 send_len=42
04-18 21:34:32.748  2106  2106 D wpa_supplicant: CTRL_IFACE monitor sent successfully to /data/misc/wifi/sockets/wpa_ctrl_504-2\x00
04-18 21:34:32.748  2106  2106 D wpa_supplicant: CTRL-DEBUG: ctrl_sock-sendmsg: sock=11 sndbuf=163840 outq=9408 send_len=42
04-18 21:34:32.748  2106  2106 D wpa_supplicant: CTRL_IFACE monitor sent successfully to /data/misc/wifi/sockets/wpa_ctrl_1444-3\x00
04-18 21:34:32.748  2106  2106 D wpa_supplicant: wlan0: BSS: Add new id 119 BSSID a4:6c:2a:1b:58:4f SSID 'ROKID.TC'
04-18 21:34:32.748  2106  2106 D wpa_supplicant: CTRL-DEBUG: ctrl_sock-sendmsg: sock=11 sndbuf=163840 outq=9856 send_len=42
04-18 21:34:32.748  2106  2106 D wpa_supplicant: CTRL_IFACE monitor sent successfully to /data/misc/wifi/sockets/wpa_ctrl_504-2\x00
04-18 21:34:32.748  2106  2106 D wpa_supplicant: CTRL-DEBUG: ctrl_sock-sendmsg: sock=11 sndbuf=163840 outq=10304 send_len=42
04-18 21:34:32.748  2106  2106 D wpa_supplicant: CTRL_IFACE monitor sent successfully to /data/misc/wifi/sockets/wpa_ctrl_1444-3\x00
04-18 21:34:32.748  2106  2106 D wpa_supplicant: wlan0: BSS: Add new id 120 BSSID 18:8b:9d:6a:fe:1e SSID 'ROKID.GUEST'
04-18 21:34:32.748  2106  2106 D wpa_supplicant: CTRL-DEBUG: ctrl_sock-sendmsg: sock=11 sndbuf=163840 outq=10752 send_len=42
04-18 21:34:32.748  2106  2106 D wpa_supplicant: CTRL_IFACE monitor sent successfully to /data/misc/wifi/sockets/wpa_ctrl_504-2\x00
04-18 21:34:32.748  2106  2106 D wpa_supplicant: CTRL-DEBUG: ctrl_sock-sendmsg: sock=11 sndbuf=163840 outq=11200 send_len=42
04-18 21:34:32.748  2106  2106 D wpa_supplicant: CTRL_IFACE monitor sent successfully to /data/misc/wifi/sockets/wpa_ctrl_1444-3\x00
04-18 21:34:32.748  2106  2106 D wpa_supplicant: wlan0: BSS: Add new id 121 BSSID 18:8b:9d:6a:fe:1d SSID 'ROKID.TEST'
04-18 21:34:32.748  2106  2106 D wpa_supplicant: CTRL-DEBUG: ctrl_sock-sendmsg: sock=11 sndbuf=163840 outq=11648 send_len=42
04-18 21:34:32.748  2106  2106 D wpa_supplicant: CTRL_IFACE monitor sent successfully to /data/misc/wifi/sockets/wpa_ctrl_504-2\x00
04-18 21:34:32.748  2106  2106 D wpa_supplicant: CTRL-DEBUG: ctrl_sock-sendmsg: sock=11 sndbuf=163840 outq=12096 send_len=42
04-18 21:34:32.748  2106  2106 D wpa_supplicant: CTRL_IFACE monitor sent successfully to /data/misc/wifi/sockets/wpa_ctrl_1444-3\x00
04-18 21:34:32.749  2106  2106 D wpa_supplicant: wlan0: BSS: Add new id 122 BSSID 18:8b:9d:6a:fe:1f SSID 'ROKID.TC'
04-18 21:34:32.749  2106  2106 D wpa_supplicant: CTRL-DEBUG: ctrl_sock-sendmsg: sock=11 sndbuf=163840 outq=12544 send_len=42
04-18 21:34:32.749  2106  2106 D wpa_supplicant: CTRL_IFACE monitor sent successfully to /data/misc/wifi/sockets/wpa_ctrl_504-2\x00
04-18 21:34:32.749  2106  2106 D wpa_supplicant: CTRL-DEBUG: ctrl_sock-sendmsg: sock=11 sndbuf=163840 outq=12992 send_len=42
04-18 21:34:32.749  2106  2106 D wpa_supplicant: CTRL_IFACE monitor sent successfully to /data/misc/wifi/sockets/wpa_ctrl_1444-3\x00
04-18 21:34:32.749  2106  2106 D wpa_supplicant: wlan0: BSS: Add new id 123 BSSID 18:8b:9d:91:51:2f SSID 'ROKID.TC'
04-18 21:34:32.765  2352  3282 D tts.WSInHandler: channel read0
04-18 21:34:32.765  2352  3282 D tts.WSInHandler: recv pong
04-18 21:34:32.766  1444  2180 E LocSvc_api_v02: I/---> locClientSendReq line 2020 QMI_LOC_INJECT_WIFI_POSITION_REQ_V02
04-18 21:34:32.767  2106  2106 D wpa_supplicant: CTRL-DEBUG: ctrl_sock-sendmsg: sock=11 sndbuf=163840 outq=0 send_len=42
04-18 21:34:32.767  2106  2106 D wpa_supplicant: CTRL_IFACE monitor sent successfully to /data/misc/wifi/sockets/wpa_ctrl_504-2\x00
04-18 21:34:32.767  2106  2106 D wpa_supplicant: CTRL-DEBUG: ctrl_sock-sendmsg: sock=11 sndbuf=163840 outq=0 send_len=42
04-18 21:34:32.767  2106  2106 D wpa_supplicant: CTRL_IFACE monitor sent successfully to /data/misc/wifi/sockets/wpa_ctrl_1444-3\x00
04-18 21:34:32.767  2106  2106 D wpa_supplicant: wlan0: BSS: Add new id 124 BSSID 18:8b:9d:91:51:2e SSID 'ROKID.GUEST'
04-18 21:34:32.767  2106  2106 D wpa_supplicant: CTRL-DEBUG: ctrl_sock-sendmsg: sock=11 sndbuf=163840 outq=0 send_len=42
04-18 21:34:32.767  2106  2106 D wpa_supplicant: CTRL_IFACE monitor sent successfully to /data/misc/wifi/sockets/wpa_ctrl_504-2\x00
04-18 21:34:32.767  2106  2106 D wpa_supplicant: CTRL-DEBUG: ctrl_sock-sendmsg: sock=11 sndbuf=163840 outq=0 send_len=42
04-18 21:34:32.767  2106  2106 D wpa_supplicant: CTRL_IFACE monitor sent successfully to /data/misc/wifi/sockets/wpa_ctrl_1444-3\x00
04-18 21:34:32.767  2106  2106 D wpa_supplicant: wlan0: BSS: Add new id 125 BSSID 18:8b:9d:91:51:2d SSID 'ROKID.TEST'
04-18 21:34:32.767  2106  2106 D wpa_supplicant: CTRL-DEBUG: ctrl_sock-sendmsg: sock=11 sndbuf=163840 outq=0 send_len=42
04-18 21:34:32.767  2106  2106 D wpa_supplicant: CTRL_IFACE monitor sent successfully to /data/misc/wifi/sockets/wpa_ctrl_504-2\x00
04-18 21:34:32.767  2106  2106 D wpa_supplicant: CTRL-DEBUG: ctrl_sock-sendmsg: sock=11 sndbuf=163840 outq=0 send_len=42
04-18 21:34:32.768  2106  2106 D wpa_supplicant: CTRL_IFACE monitor sent successfully to /data/misc/wifi/sockets/wpa_ctrl_1444-3\x00
04-18 21:34:32.768  2106  2106 D wpa_supplicant: wlan0: BSS: Add new id 126 BSSID 6c:b0:ce:11:e5:71 SSID 'Homebase-test'
04-18 21:34:32.768  2106  2106 D wpa_supplicant: CTRL-DEBUG: ctrl_sock-sendmsg: sock=11 sndbuf=163840 outq=0 send_len=42
04-18 21:34:32.768  2106  2106 D wpa_supplicant: CTRL_IFACE monitor sent successfully to /data/misc/wifi/sockets/wpa_ctrl_504-2\x00
04-18 21:34:32.768  2106  2106 D wpa_supplicant: CTRL-DEBUG: ctrl_sock-sendmsg: sock=11 sndbuf=163840 outq=0 send_len=42
04-18 21:34:32.768  2106  2106 D wpa_supplicant: CTRL_IFACE monitor sent successfully to /data/misc/wifi/sockets/wpa_ctrl_1444-3\x00
04-18 21:34:32.768  2106  2106 D wpa_supplicant: wlan0: BSS: Add new id 127 BSSID 94:77:2b:42:81:64 SSID 'HUAWEI-JE7CRE'
04-18 21:34:32.768  2106  2106 D wpa_supplicant: CTRL-DEBUG: ctrl_sock-sendmsg: sock=11 sndbuf=163840 outq=0 send_len=42
04-18 21:34:32.768  2106  2106 D wpa_supplicant: CTRL_IFACE monitor sent successfully to /data/misc/wifi/sockets/wpa_ctrl_504-2\x00
04-18 21:34:32.768  2106  2106 D wpa_supplicant: CTRL-DEBUG: ctrl_sock-sendmsg: sock=11 sndbuf=163840 outq=0 send_len=42
04-18 21:34:32.769  2106  2106 D wpa_supplicant: CTRL_IFACE monitor sent successfully to /data/misc/wifi/sockets/wpa_ctrl_1444-3\x00
04-18 21:34:32.769  2106  2106 D wpa_supplicant: wlan0: BSS: Add new id 128 BSSID e0:05:c5:c6:e1:a8 SSID 'Airplay_Network'
04-18 21:34:32.769  2106  2106 D wpa_supplicant: CTRL-DEBUG: ctrl_sock-sendmsg: sock=11 sndbuf=163840 outq=0 send_len=42
04-18 21:34:32.769  1444  2188 E LocSvc_ApiV02: I/<--- void globalRespCb(locClientHandleType, uint32_t, locClientRespIndUnionType, void*) line 115 QMI_LOC_INJECT_WIFI_POSITION_REQ_V02
04-18 21:34:32.769  2106  2106 D wpa_supplicant: CTRL_IFACE monitor sent successfully to /data/misc/wifi/sockets/wpa_ctrl_504-2\x00
04-18 21:34:32.769  2106  2106 D wpa_supplicant: CTRL-DEBUG: ctrl_sock-sendmsg: sock=11 sndbuf=163840 outq=0 send_len=42
04-18 21:34:32.769  2106  2106 D wpa_supplicant: CTRL_IFACE monitor sent successfully to /data/misc/wifi/sockets/wpa_ctrl_1444-3\x00
04-18 21:34:32.769  2106  2106 D wpa_supplicant: wlan0: BSS: Add new id 129 BSSID f0:b4:29:e6:e4:8b SSID 'Test-Show'
04-18 21:34:32.769  2106  2106 D wpa_supplicant: CTRL-DEBUG: ctrl_sock-sendmsg: sock=11 sndbuf=163840 outq=0 send_len=42
04-18 21:34:32.770  2106  2106 D wpa_supplicant: CTRL_IFACE monitor sent successfully to /data/misc/wifi/sockets/wpa_ctrl_504-2\x00
04-18 21:34:32.770  2106  2106 D wpa_supplicant: CTRL-DEBUG: ctrl_sock-sendmsg: sock=11 sndbuf=163840 outq=0 send_len=42
04-18 21:34:32.770  2106  2106 D wpa_supplicant: CTRL_IFACE monitor sent successfully to /data/misc/wifi/sockets/wpa_ctrl_1444-3\x00
04-18 21:34:32.770  2106  2106 D wpa_supplicant: wlan0: BSS: Add new id 130 BSSID b0:7d:47:63:d4:90 SSID 'ROKID-SHOW'
04-18 21:34:32.770  2106  2106 D wpa_supplicant: CTRL-DEBUG: ctrl_sock-sendmsg: sock=11 sndbuf=163840 outq=0 send_len=42
04-18 21:34:32.770  2106  2106 D wpa_supplicant: CTRL_IFACE monitor sent successfully to /data/misc/wifi/sockets/wpa_ctrl_504-2\x00
04-18 21:34:32.770  2106  2106 D wpa_supplicant: CTRL-DEBUG: ctrl_sock-sendmsg: sock=11 sndbuf=163840 outq=0 send_len=42
04-18 21:34:32.770  2106  2106 D wpa_supplicant: CTRL_IFACE monitor sent successfully to /data/misc/wifi/sockets/wpa_ctrl_1444-3\x00
04-18 21:34:32.770  2106  2106 D wpa_supplicant: wlan0: BSS: Add new id 131 BSSID 14:1f:ba:7d:a7:98 SSID 'rokid-ali-2'
04-18 21:34:32.770  2106  2106 D wpa_supplicant: CTRL-DEBUG: ctrl_sock-sendmsg: sock=11 sndbuf=163840 outq=0 send_len=42
04-18 21:34:32.770  2106  2106 D wpa_supplicant: CTRL_IFACE monitor sent successfully to /data/misc/wifi/sockets/wpa_ctrl_504-2\x00
04-18 21:34:32.770  2106  2106 D wpa_supplicant: CTRL-DEBUG: ctrl_sock-sendmsg: sock=11 sndbuf=163840 outq=0 send_len=42
04-18 21:34:32.771  2106  2106 D wpa_supplicant: CTRL_IFACE monitor sent successfully to /data/misc/wifi/sockets/wpa_ctrl_1444-3\x00
04-18 21:34:32.771  2106  2106 D wpa_supplicant: wlan0: BSS: Add new id 132 BSSID 1c:1c:fd:00:29:80 SSID 'ABOX-HOME-297F-5G'
04-18 21:34:32.771  2106  2106 D wpa_supplicant: CTRL-DEBUG: ctrl_sock-sendmsg: sock=11 sndbuf=163840 outq=0 send_len=42
04-18 21:34:32.771  2106  2106 D wpa_supplicant: CTRL_IFACE monitor sent successfully to /data/misc/wifi/sockets/wpa_ctrl_504-2\x00
04-18 21:34:32.771  2106  2106 D wpa_supplicant: CTRL-DEBUG: ctrl_sock-sendmsg: sock=11 sndbuf=163840 outq=0 send_len=42
04-18 21:34:32.771  2106  2106 D wpa_supplicant: CTRL_IFACE monitor sent successfully to /data/misc/wifi/sockets/wpa_ctrl_1444-3\x00
04-18 21:34:32.771  2106  2106 D wpa_supplicant: wlan0: BSS: Add new id 133 BSSID f0:b4:29:e6:e4:8c SSID 'Test-Show_5G'
04-18 21:34:32.771  2106  2106 D wpa_supplicant: CTRL-DEBUG: ctrl_sock-sendmsg: sock=11 sndbuf=163840 outq=0 send_len=42
04-18 21:34:32.774  2106  2106 D wpa_supplicant: CTRL_IFACE monitor sent successfully to /data/misc/wifi/sockets/wpa_ctrl_504-2\x00
04-18 21:34:32.774  2106  2106 D wpa_supplicant: CTRL-DEBUG: ctrl_sock-sendmsg: sock=11 sndbuf=163840 outq=0 send_len=42
04-18 21:34:32.774  2106  2106 D wpa_supplicant: CTRL_IFACE monitor sent successfully to /data/misc/wifi/sockets/wpa_ctrl_1444-3\x00
04-18 21:34:32.774  2106  2106 D wpa_supplicant: wlan0: BSS: Add new id 134 BSSID 14:1f:ba:7d:a7:91 SSID 'rokid-ali-2'
04-18 21:34:32.774  2106  2106 D wpa_supplicant: CTRL-DEBUG: ctrl_sock-sendmsg: sock=11 sndbuf=163840 outq=0 send_len=42
04-18 21:34:32.775  2106  2106 D wpa_supplicant: CTRL_IFACE monitor sent successfully to /data/misc/wifi/sockets/wpa_ctrl_504-2\x00
04-18 21:34:32.775  2106  2106 D wpa_supplicant: CTRL-DEBUG: ctrl_sock-sendmsg: sock=11 sndbuf=163840 outq=0 send_len=42
04-18 21:34:32.775  2106  2106 D wpa_supplicant: CTRL_IFACE monitor sent successfully to /data/misc/wifi/sockets/wpa_ctrl_1444-3\x00
04-18 21:34:32.775  2106  2106 D wpa_supplicant: wlan0: BSS: Add new id 135 BSSID 14:1f:ba:7d:a7:90 SSID 'Rokid-Ali'
04-18 21:34:32.775  2106  2106 D wpa_supplicant: CTRL-DEBUG: ctrl_sock-sendmsg: sock=11 sndbuf=163840 outq=0 send_len=42
04-18 21:34:32.775  2106  2106 D wpa_supplicant: CTRL_IFACE monitor sent successfully to /data/misc/wifi/sockets/wpa_ctrl_504-2\x00
04-18 21:34:32.775  2106  2106 D wpa_supplicant: CTRL-DEBUG: ctrl_sock-sendmsg: sock=11 sndbuf=163840 outq=0 send_len=42
04-18 21:34:32.775  2106  2106 D wpa_supplicant: CTRL_IFACE monitor sent successfully to /data/misc/wifi/sockets/wpa_ctrl_1444-3\x00
04-18 21:34:32.775  2106  2106 D wpa_supplicant: wlan0: BSS: Add new id 136 BSSID 6c:b0:ce:11:e3:32 SSID ''
04-18 21:34:32.775  2106  2106 D wpa_supplicant: CTRL-DEBUG: ctrl_sock-sendmsg: sock=11 sndbuf=163840 outq=0 send_len=42
04-18 21:34:32.775  2106  2106 D wpa_supplicant: CTRL_IFACE monitor sent successfully to /data/misc/wifi/sockets/wpa_ctrl_504-2\x00
04-18 21:34:32.775  2106  2106 D wpa_supplicant: CTRL-DEBUG: ctrl_sock-sendmsg: sock=11 sndbuf=163840 outq=0 send_len=42
04-18 21:34:32.775  2106  2106 D wpa_supplicant: CTRL_IFACE monitor sent successfully to /data/misc/wifi/sockets/wpa_ctrl_1444-3\x00
04-18 21:34:32.775  2106  2106 D wpa_supplicant: wlan0: BSS: Add new id 137 BSSID b0:7d:47:61:d4:90 SSID 'ROKID-SHOW'
04-18 21:34:32.775  2106  2106 D wpa_supplicant: CTRL-DEBUG: ctrl_sock-sendmsg: sock=11 sndbuf=163840 outq=0 send_len=42
04-18 21:34:32.776  2106  2106 D wpa_supplicant: CTRL_IFACE monitor sent successfully to /data/misc/wifi/sockets/wpa_ctrl_504-2\x00
04-18 21:34:32.776  2106  2106 D wpa_supplicant: CTRL-DEBUG: ctrl_sock-sendmsg: sock=11 sndbuf=163840 outq=0 send_len=42
04-18 21:34:32.776  2106  2106 D wpa_supplicant: CTRL_IFACE monitor sent successfully to /data/misc/wifi/sockets/wpa_ctrl_1444-3\x00
04-18 21:34:32.776  2106  2106 D wpa_supplicant: wlan0: BSS: Add new id 138 BSSID 18:8b:9d:91:53:72 SSID 'ROKID.TEST'
04-18 21:34:32.776  2106  2106 D wpa_supplicant: CTRL-DEBUG: ctrl_sock-sendmsg: sock=11 sndbuf=163840 outq=0 send_len=42
04-18 21:34:32.776  2106  2106 D wpa_supplicant: CTRL_IFACE monitor sent successfully to /data/misc/wifi/sockets/wpa_ctrl_504-2\x00
04-18 21:34:32.776  2106  2106 D wpa_supplicant: CTRL-DEBUG: ctrl_sock-sendmsg: sock=11 sndbuf=163840 outq=0 send_len=42
04-18 21:34:32.776  2106  2106 D wpa_supplicant: CTRL_IFACE monitor sent successfully to /data/misc/wifi/sockets/wpa_ctrl_1444-3\x00
04-18 21:34:32.776  2106  2106 D wpa_supplicant: wlan0: BSS: Add new id 139 BSSID 18:8b:9d:91:53:71 SSID 'ROKID.GUEST'
04-18 21:34:32.776  2106  2106 D wpa_supplicant: CTRL-DEBUG: ctrl_sock-sendmsg: sock=11 sndbuf=163840 outq=0 send_len=42
04-18 21:34:32.776  2106  2106 D wpa_supplicant: CTRL_IFACE monitor sent successfully to /data/misc/wifi/sockets/wpa_ctrl_504-2\x00
04-18 21:34:32.776  2106  2106 D wpa_supplicant: CTRL-DEBUG: ctrl_sock-sendmsg: sock=11 sndbuf=163840 outq=0 send_len=42
04-18 21:34:32.776  2106  2106 D wpa_supplicant: CTRL_IFACE monitor sent successfully to /data/misc/wifi/sockets/wpa_ctrl_1444-3\x00
04-18 21:34:32.777  2106  2106 D wpa_supplicant: wlan0: BSS: Add new id 140 BSSID a4:6c:2a:63:38:51 SSID 'ROKID.GUEST'
04-18 21:34:32.777  2106  2106 D wpa_supplicant: CTRL-DEBUG: ctrl_sock-sendmsg: sock=11 sndbuf=163840 outq=0 send_len=42
04-18 21:34:32.777  2106  2106 D wpa_supplicant: CTRL_IFACE monitor sent successfully to /data/misc/wifi/sockets/wpa_ctrl_504-2\x00
04-18 21:34:32.777  2106  2106 D wpa_supplicant: CTRL-DEBUG: ctrl_sock-sendmsg: sock=11 sndbuf=163840 outq=0 send_len=42
04-18 21:34:32.777  2106  2106 D wpa_supplicant: CTRL_IFACE monitor sent successfully to /data/misc/wifi/sockets/wpa_ctrl_1444-3\x00
04-18 21:34:32.777  2106  2106 D wpa_supplicant: wlan0: BSS: Add new id 141 BSSID a4:6c:2a:63:38:50 SSID 'ROKID.TC'
04-18 21:34:32.777  2106  2106 D wpa_supplicant: CTRL-DEBUG: ctrl_sock-sendmsg: sock=11 sndbuf=163840 outq=0 send_len=42
04-18 21:34:32.777  2106  2106 D wpa_supplicant: CTRL_IFACE monitor sent successfully to /data/misc/wifi/sockets/wpa_ctrl_504-2\x00
04-18 21:34:32.777  2106  2106 D wpa_supplicant: CTRL-DEBUG: ctrl_sock-sendmsg: sock=11 sndbuf=163840 outq=0 send_len=42
04-18 21:34:32.777  2106  2106 D wpa_supplicant: CTRL_IFACE monitor sent successfully to /data/misc/wifi/sockets/wpa_ctrl_1444-3\x00
04-18 21:34:32.777  2106  2106 D wpa_supplicant: wlan0: BSS: Add new id 142 BSSID a4:6c:2a:63:38:52 SSID 'ROKID.TEST'
04-18 21:34:32.777  2106  2106 D wpa_supplicant: CTRL-DEBUG: ctrl_sock-sendmsg: sock=11 sndbuf=163840 outq=0 send_len=42
04-18 21:34:32.777  2106  2106 D wpa_supplicant: CTRL_IFACE monitor sent successfully to /data/misc/wifi/sockets/wpa_ctrl_504-2\x00
04-18 21:34:32.777  2106  2106 D wpa_supplicant: CTRL-DEBUG: ctrl_sock-sendmsg: sock=11 sndbuf=163840 outq=0 send_len=42
04-18 21:34:32.778  2106  2106 D wpa_supplicant: CTRL_IFACE monitor sent successfully to /data/misc/wifi/sockets/wpa_ctrl_1444-3\x00
04-18 21:34:32.778  2106  2106 D wpa_supplicant: wlan0: BSS: Add new id 143 BSSID 18:8b:9d:6a:fe:11 SSID 'ROKID.GUEST'
04-18 21:34:32.778  2106  2106 D wpa_supplicant: CTRL-DEBUG: ctrl_sock-sendmsg: sock=11 sndbuf=163840 outq=0 send_len=42
04-18 21:34:32.778  2106  2106 D wpa_supplicant: CTRL_IFACE monitor sent successfully to /data/misc/wifi/sockets/wpa_ctrl_504-2\x00
04-18 21:34:32.778  2106  2106 D wpa_supplicant: CTRL-DEBUG: ctrl_sock-sendmsg: sock=11 sndbuf=163840 outq=0 send_len=42
04-18 21:34:32.782  2106  2106 D wpa_supplicant: CTRL_IFACE monitor sent successfully to /data/misc/wifi/sockets/wpa_ctrl_1444-3\x00
04-18 21:34:32.782  2106  2106 D wpa_supplicant: wlan0: BSS: Add new id 144 BSSID 18:8b:9d:6a:fe:12 SSID 'ROKID.TEST'
04-18 21:34:32.782  2106  2106 D wpa_supplicant: CTRL-DEBUG: ctrl_sock-sendmsg: sock=11 sndbuf=163840 outq=0 send_len=42
04-18 21:34:32.782  2106  2106 D wpa_supplicant: CTRL_IFACE monitor sent successfully to /data/misc/wifi/sockets/wpa_ctrl_504-2\x00
04-18 21:34:32.782  2106  2106 D wpa_supplicant: CTRL-DEBUG: ctrl_sock-sendmsg: sock=11 sndbuf=163840 outq=0 send_len=42
04-18 21:34:32.782  2106  2106 D wpa_supplicant: CTRL_IFACE monitor sent successfully to /data/misc/wifi/sockets/wpa_ctrl_1444-3\x00
04-18 21:34:32.782  2106  2106 D wpa_supplicant: wlan0: BSS: Add new id 145 BSSID 18:8b:9d:6a:fe:10 SSID 'ROKID.TC'
04-18 21:34:32.782  2106  2106 D wpa_supplicant: CTRL-DEBUG: ctrl_sock-sendmsg: sock=11 sndbuf=163840 outq=0 send_len=42
04-18 21:34:32.782  2106  2106 D wpa_supplicant: CTRL_IFACE monitor sent successfully to /data/misc/wifi/sockets/wpa_ctrl_504-2\x00
04-18 21:34:32.782  2106  2106 D wpa_supplicant: CTRL-DEBUG: ctrl_sock-sendmsg: sock=11 sndbuf=163840 outq=0 send_len=42
04-18 21:34:32.782  2106  2106 D wpa_supplicant: CTRL_IFACE monitor sent successfully to /data/misc/wifi/sockets/wpa_ctrl_1444-3\x00
04-18 21:34:32.782  2106  2106 D wpa_supplicant: wlan0: BSS: Add new id 146 BSSID 18:8b:9d:90:3b:00 SSID 'ROKID.TC'
04-18 21:34:32.782  2106  2106 D wpa_supplicant: CTRL-DEBUG: ctrl_sock-sendmsg: sock=11 sndbuf=163840 outq=0 send_len=42
04-18 21:34:32.783  2106  2106 D wpa_supplicant: CTRL_IFACE monitor sent successfully to /data/misc/wifi/sockets/wpa_ctrl_504-2\x00
04-18 21:34:32.783  2106  2106 D wpa_supplicant: CTRL-DEBUG: ctrl_sock-sendmsg: sock=11 sndbuf=163840 outq=0 send_len=42
04-18 21:34:32.783  2106  2106 D wpa_supplicant: CTRL_IFACE monitor sent successfully to /data/misc/wifi/sockets/wpa_ctrl_1444-3\x00
04-18 21:34:32.783  2106  2106 D wpa_supplicant: wlan0: BSS: Add new id 147 BSSID 18:8b:9d:91:51:22 SSID 'ROKID.TEST'
04-18 21:34:32.783  2106  2106 D wpa_supplicant: CTRL-DEBUG: ctrl_sock-sendmsg: sock=11 sndbuf=163840 outq=0 send_len=42
04-18 21:34:32.783  2106  2106 D wpa_supplicant: CTRL_IFACE monitor sent successfully to /data/misc/wifi/sockets/wpa_ctrl_504-2\x00
04-18 21:34:32.783  2106  2106 D wpa_supplicant: CTRL-DEBUG: ctrl_sock-sendmsg: sock=11 sndbuf=163840 outq=0 send_len=42
04-18 21:34:32.783  2106  2106 D wpa_supplicant: CTRL_IFACE monitor sent successfully to /data/misc/wifi/sockets/wpa_ctrl_1444-3\x00
04-18 21:34:32.783  2106  2106 D wpa_supplicant: wlan0: BSS: Add new id 148 BSSID 18:8b:9d:91:51:20 SSID 'ROKID.TC'
04-18 21:34:32.783  2106  2106 D wpa_supplicant: CTRL-DEBUG: ctrl_sock-sendmsg: sock=11 sndbuf=163840 outq=0 send_len=42
04-18 21:34:32.783  2106  2106 D wpa_supplicant: CTRL_IFACE monitor sent successfully to /data/misc/wifi/sockets/wpa_ctrl_504-2\x00
04-18 21:34:32.783  2106  2106 D wpa_supplicant: CTRL-DEBUG: ctrl_sock-sendmsg: sock=11 sndbuf=163840 outq=0 send_len=42
04-18 21:34:32.783  2106  2106 D wpa_supplicant: CTRL_IFACE monitor sent successfully to /data/misc/wifi/sockets/wpa_ctrl_1444-3\x00
04-18 21:34:32.783  2106  2106 D wpa_supplicant: wlan0: BSS: Add new id 149 BSSID 18:8b:9d:91:51:21 SSID 'ROKID.GUEST'
04-18 21:34:32.783  2106  2106 D wpa_supplicant: CTRL-DEBUG: ctrl_sock-sendmsg: sock=11 sndbuf=163840 outq=0 send_len=42
04-18 21:34:32.783  2106  2106 D wpa_supplicant: CTRL_IFACE monitor sent successfully to /data/misc/wifi/sockets/wpa_ctrl_504-2\x00
04-18 21:34:32.783  2106  2106 D wpa_supplicant: CTRL-DEBUG: ctrl_sock-sendmsg: sock=11 sndbuf=163840 outq=0 send_len=42
04-18 21:34:32.783  2106  2106 D wpa_supplicant: CTRL_IFACE monitor sent successfully to /data/misc/wifi/sockets/wpa_ctrl_1444-3\x00
04-18 21:34:32.784  2106  2106 D wpa_supplicant: wlan0: BSS: Add new id 150 BSSID 74:26:ac:68:aa:b4 SSID 'ROKID-SHOW'
04-18 21:34:32.784  2106  2106 D wpa_supplicant: CTRL-DEBUG: ctrl_sock-sendmsg: sock=11 sndbuf=163840 outq=0 send_len=42
04-18 21:34:32.784  2106  2106 D wpa_supplicant: CTRL_IFACE monitor sent successfully to /data/misc/wifi/sockets/wpa_ctrl_504-2\x00
04-18 21:34:32.784  2106  2106 D wpa_supplicant: CTRL-DEBUG: ctrl_sock-sendmsg: sock=11 sndbuf=163840 outq=0 send_len=42
04-18 21:34:32.784  2106  2106 D wpa_supplicant: CTRL_IFACE monitor sent successfully to /data/misc/wifi/sockets/wpa_ctrl_1444-3\x00
04-18 21:34:32.784  2106  2106 D wpa_supplicant: wlan0: BSS: Add new id 151 BSSID f2:b4:29:e5:e4:8b SSID 'Xiaomi_E48A_VIP'
04-18 21:34:32.784  2106  2106 D wpa_supplicant: CTRL-DEBUG: ctrl_sock-sendmsg: sock=11 sndbuf=163840 outq=0 send_len=42
04-18 21:34:32.784  2106  2106 D wpa_supplicant: CTRL_IFACE monitor sent successfully to /data/misc/wifi/sockets/wpa_ctrl_504-2\x00
04-18 21:34:32.784  2106  2106 D wpa_supplicant: CTRL-DEBUG: ctrl_sock-sendmsg: sock=11 sndbuf=163840 outq=0 send_len=42
04-18 21:34:32.784  2106  2106 D wpa_supplicant: CTRL_IFACE monitor sent successfully to /data/misc/wifi/sockets/wpa_ctrl_1444-3\x00
04-18 21:34:32.784  2106  2106 D wpa_supplicant: BSS: last_scan_res_used=45/64
04-18 21:34:32.784  2106  2106 D wpa_supplicant: wlan0: Scan-only results received
04-18 21:34:32.784  2106  2106 D wpa_supplicant: CTRL-DEBUG: ctrl_sock-sendmsg: sock=11 sndbuf=163840 outq=0 send_len=24
04-18 21:34:32.784  2106  2106 D wpa_supplicant: CTRL_IFACE monitor sent successfully to /data/misc/wifi/sockets/wpa_ctrl_504-2\x00
04-18 21:34:32.784  2106  2106 D wpa_supplicant: CTRL-DEBUG: ctrl_sock-sendmsg: sock=11 sndbuf=163840 outq=0 send_len=24
04-18 21:34:32.786  2106  2106 D wpa_supplicant: CTRL_IFACE monitor sent successfully to /data/misc/wifi/sockets/wpa_ctrl_1444-3\x00
04-18 21:34:32.786  2106  2106 D wpa_supplicant: wlan0: Radio work 'scan'@0xb6823208 done in 1.461441 seconds
04-18 21:34:32.786  2106  2106 D wpa_supplicant: wlan0: Control interface command 'SCAN_RESULTS'
04-18 21:34:32.787  2106  2106 D wpa_supplicant: CTRL-DEBUG: global_ctrl_sock-sendto: sock=11 sndbuf=163840 outq=0 send_len=3697
04-18 21:34:32.787  2106  2106 D wpa_supplicant: RTM_NEWLINK: ifi_index=22 ifname=wlan0 wext ifi_family=0 ifi_flags=0x11043 ([UP][RUNNING][LOWER_UP])
04-18 21:34:32.788  2106  2106 D wpa_supplicant: CTRL-DEBUG: global_ctrl_sock-sendto: sock=11 sndbuf=163840 outq=0 send_len=4033
04-18 21:34:32.788  2106  2106 D wpa_supplicant: wlan0: Control interface command 'SCAN_RESULTS'
04-18 21:34:32.789  2106  2106 D wpa_supplicant: CTRL-DEBUG: global_ctrl_sock-sendto: sock=11 sndbuf=163840 outq=0 send_len=3697
04-18 21:34:32.791  2106  2106 D wpa_supplicant: CTRL-DEBUG: global_ctrl_sock-sendto: sock=11 sndbuf=163840 outq=0 send_len=3725
04-18 21:34:32.800  2106  2106 D wpa_supplicant: CTRL-DEBUG: global_ctrl_sock-sendto: sock=11 sndbuf=163840 outq=0 send_len=3849
04-18 21:34:32.801  2106  2106 D wpa_supplicant: CTRL-DEBUG: global_ctrl_sock-sendto: sock=11 sndbuf=163840 outq=0 send_len=3839
04-18 21:34:32.804  2106  2106 D wpa_supplicant: CTRL-DEBUG: global_ctrl_sock-sendto: sock=11 sndbuf=163840 outq=0 send_len=3879
04-18 21:34:32.809  2106  2106 D wpa_supplicant: CTRL-DEBUG: global_ctrl_sock-sendto: sock=11 sndbuf=163840 outq=0 send_len=3644
04-18 21:34:32.811  2106  2106 D wpa_supplicant: CTRL-DEBUG: global_ctrl_sock-sendto: sock=11 sndbuf=163840 outq=0 send_len=4053
04-18 21:34:32.812  2106  2106 D wpa_supplicant: CTRL-DEBUG: global_ctrl_sock-sendto: sock=11 sndbuf=163840 outq=0 send_len=4047
04-18 21:34:32.813  2106  2106 D wpa_supplicant: CTRL-DEBUG: global_ctrl_sock-sendto: sock=11 sndbuf=163840 outq=0 send_len=1550
04-18 21:34:32.839  2106  2106 D wpa_supplicant: EAPOL: EAP Session-Id not available
04-18 21:34:32.839  2106  2106 D wpa_supplicant: CTRL-DEBUG: global_ctrl_sock-sendto: sock=11 sndbuf=163840 outq=0 send_len=270
04-18 21:34:32.843  2319  2319 I WifiStateHolder: receive action android.net.wifi.SCAN_RESULTS, updated = true
04-18 21:34:33.302  2106  2106 D wpa_supplicant: wlan0: Control interface command 'SIGNAL_POLL'
04-18 21:34:33.317  2106  2106 D wpa_supplicant: CTRL-DEBUG: global_ctrl_sock-sendto: sock=11 sndbuf=163840 outq=0 send_len=49
04-18 21:34:36.330  2106  2106 D wpa_supplicant: wlan0: Control interface command 'SIGNAL_POLL'
04-18 21:34:36.344  2106  2106 D wpa_supplicant: CTRL-DEBUG: global_ctrl_sock-sendto: sock=11 sndbuf=163840 outq=0 send_len=49
04-18 21:34:37.982  2319  3235 I NetworkMonitor: start ping process
04-18 21:34:38.149  2455  3433 D WSToPBHandler: channel read0
04-18 21:34:38.149  2455  3433 D PBHandler: receive msg ping
04-18 21:34:38.150  2455  3081 D ChannelThread: get RCPkgPB pversion: "1.0.0"
04-18 21:34:38.150  2455  3081 D ChannelThread: msgType: msg
04-18 21:34:38.150  2455  3081 D ChannelThread: msgs {
04-18 21:34:38.150  2455  3081 D ChannelThread:   from: "13777808645"
04-18 21:34:38.150  2455  3081 D ChannelThread:   to: "02010217020001F4"
04-18 21:34:38.150  2455  3081 D ChannelThread:   msgId: ""
04-18 21:34:38.150  2455  3081 D ChannelThread:   msgTopic: "ping"
04-18 21:34:38.150  2455  3081 D ChannelThread:   msgStamp: "1492522477595"
04-18 21:34:38.150  2455  3081 D ChannelThread: }
04-18 21:34:38.152  2455  3081 I AppChannelClient: send pong msg to 13777808645
04-18 21:34:38.184  2455  3433 D WSToPBHandler: channel read0
04-18 21:34:38.185  2455  3081 D ChannelThread: get RCPkgPB pversion: "1.0.0"
04-18 21:34:38.185  2455  3081 D ChannelThread: msgType: ack
04-18 21:34:38.185  2455  3081 D ChannelThread: success: true
04-18 21:34:39.353  2106  2106 D wpa_supplicant: wlan0: Control interface command 'SIGNAL_POLL'
04-18 21:34:39.360  2106  2106 D wpa_supplicant: CTRL-DEBUG: global_ctrl_sock-sendto: sock=11 sndbuf=163840 outq=0 send_len=49
04-18 21:34:42.371  2106  2106 D wpa_supplicant: wlan0: Control interface command 'SIGNAL_POLL'
04-18 21:34:42.376  2106  2106 D wpa_supplicant: CTRL-DEBUG: global_ctrl_sock-sendto: sock=11 sndbuf=163840 outq=0 send_len=49
04-18 21:34:43.125  2464  3375 D RKUpdateService: update check ticTac: 200
04-18 21:34:45.386  2106  2106 D wpa_supplicant: wlan0: Control interface command 'SIGNAL_POLL'
04-18 21:34:45.392  2106  2106 D wpa_supplicant: CTRL-DEBUG: global_ctrl_sock-sendto: sock=11 sndbuf=163840 outq=0 send_len=49
04-18 21:34:47.160  2319  3235 I NetworkMonitor: statistics starts at 12
04-18 21:34:47.163  2319  3235 I NetworkMonitor: match@6
04-18 21:34:47.164  2319  3235 I NetworkMonitor: send 10 with recv 10 lose 0 in 9012ms
04-18 21:34:47.165  2319  3235 I NetworkMonitor: roundTrip match@7
04-18 21:34:47.166  2319  3235 I NetworkMonitor: min:32.649/avg:42.891/max:45.509/mdev:3.533
04-18 21:34:47.166  2319  3235 I NetworkMonitor: ping process exit, lantency is 42
04-18 21:34:48.402  2106  2106 D wpa_supplicant: wlan0: Control interface command 'SIGNAL_POLL'
04-18 21:34:48.420  2106  2106 D wpa_supplicant: CTRL-DEBUG: global_ctrl_sock-sendto: sock=11 sndbuf=163840 outq=0 send_len=49
04-18 21:34:51.426  2106  2106 D wpa_supplicant: wlan0: Control interface command 'SIGNAL_POLL'
04-18 21:34:51.443  2106  2106 D wpa_supplicant: CTRL-DEBUG: global_ctrl_sock-sendto: sock=11 sndbuf=163840 outq=0 send_len=49
04-18 21:34:52.474  2352  3078 D tts.WSThread: doPing
04-18 21:34:52.506  2352  3282 D tts.WSInHandler: channel read0
04-18 21:34:52.506  2352  3282 D tts.WSInHandler: recv pong
04-18 21:34:54.454  2106  2106 D wpa_supplicant: wlan0: Control interface command 'SIGNAL_POLL'
04-18 21:34:54.468  2106  2106 D wpa_supplicant: CTRL-DEBUG: global_ctrl_sock-sendto: sock=11 sndbuf=163840 outq=0 send_len=49
04-18 21:34:57.477  2106  2106 D wpa_supplicant: wlan0: Control interface command 'SIGNAL_POLL'
04-18 21:34:57.494  2106  2106 D wpa_supplicant: CTRL-DEBUG: global_ctrl_sock-sendto: sock=11 sndbuf=163840 outq=0 send_len=49
04-18 21:35:00.503  2106  2106 D wpa_supplicant: wlan0: Control interface command 'SIGNAL_POLL'
04-18 21:35:00.518  2106  2106 D wpa_supplicant: CTRL-DEBUG: global_ctrl_sock-sendto: sock=11 sndbuf=163840 outq=0 send_len=49
04-18 21:35:03.527  2106  2106 D wpa_supplicant: wlan0: Control interface command 'SIGNAL_POLL'
04-18 21:35:03.544  2106  2106 D wpa_supplicant: CTRL-DEBUG: global_ctrl_sock-sendto: sock=11 sndbuf=163840 outq=0 send_len=49
04-18 21:35:06.550  2106  2106 D wpa_supplicant: wlan0: Control interface command 'SIGNAL_POLL'
04-18 21:35:06.564  2106  2106 D wpa_supplicant: CTRL-DEBUG: global_ctrl_sock-sendto: sock=11 sndbuf=163840 outq=0 send_len=49
04-18 21:35:07.529   391  1679 E NetlinkEvent: NetlinkEvent::FindParam(): Parameter 'TIME_NS' not found
04-18 21:35:07.529   391  1679 E NetlinkEvent: NetlinkEvent::FindParam(): Parameter 'UID' not found
04-18 21:35:08.186  2455  3081 I ChannelThread: ping server
04-18 21:35:08.188   391  1679 E NetlinkEvent: NetlinkEvent::FindParam(): Parameter 'TIME_NS' not found
04-18 21:35:08.189   391  1679 E NetlinkEvent: NetlinkEvent::FindParam(): Parameter 'UID' not found
04-18 21:35:08.209  2455  3433 D WSToPBHandler: channel read0
04-18 21:35:08.209  2455  3433 E WSToPBHandler: recv pong
04-18 21:35:09.573  2106  2106 D wpa_supplicant: wlan0: Control interface command 'SIGNAL_POLL'
04-18 21:35:09.588  2106  2106 D wpa_supplicant: CTRL-DEBUG: global_ctrl_sock-sendto: sock=11 sndbuf=163840 outq=0 send_len=49
04-18 21:35:12.486  2352  3078 D tts.WSThread: doPing
04-18 21:35:12.509  2352  3282 D tts.WSInHandler: channel read0
04-18 21:35:12.509  2352  3282 D tts.WSInHandler: recv pong
04-18 21:35:12.593  2106  2106 D wpa_supplicant: wlan0: Control interface command 'SIGNAL_POLL'
04-18 21:35:12.598  2106  2106 D wpa_supplicant: CTRL-DEBUG: global_ctrl_sock-sendto: sock=11 sndbuf=163840 outq=0 send_len=49
04-18 21:35:15.611  2106  2106 D wpa_supplicant: wlan0: Control interface command 'SIGNAL_POLL'
04-18 21:35:15.627  2106  2106 D wpa_supplicant: CTRL-DEBUG: global_ctrl_sock-sendto: sock=11 sndbuf=163840 outq=0 send_len=49
04-18 21:35:18.634  2106  2106 D wpa_supplicant: wlan0: Control interface command 'SIGNAL_POLL'
04-18 21:35:18.650  2106  2106 D wpa_supplicant: CTRL-DEBUG: global_ctrl_sock-sendto: sock=11 sndbuf=163840 outq=0 send_len=49
04-18 21:35:21.677  2106  2106 D wpa_supplicant: CTRL-DEBUG: global_ctrl_sock-sendto: sock=11 sndbuf=163840 outq=0 send_len=49
04-18 21:35:24.270  6193  6193 D AndroidRuntime: >>>>>> START com.android.internal.os.RuntimeInit uid 2000 <<<<<<
04-18 21:35:24.274  6193  6193 D AndroidRuntime: CheckJNI is OFF
04-18 21:35:24.319  6193  6193 D ICU     : No timezone override file found: /data/misc/zoneinfo/current/icu/icu_tzdata.dat
04-18 21:35:24.356  6193  6193 I Radio-JNI: register_android_hardware_Radio DONE
04-18 21:35:24.361  6193  6193 V RKStartup: register jni methods in real ...
04-18 21:35:24.378  6193  6193 D AndroidRuntime: Calling main entry com.android.commands.am.Am
04-18 21:35:24.380  1444  2409 I ActivityManager: Force stopping rokid.rkengine appid=10062 user=0: from pid 6193
04-18 21:35:24.380  1444  2409 I ActivityManager: Killing 30507:rokid.rkengine/u0a62 (adj 0): stop rokid.rkengine
04-18 21:35:24.393  1444  1506 D GraphicsStats: Buffer count: 1
04-18 21:35:24.394  1444  2558 I WindowState: WIN DEATH: Window{919e25e u0 rokid.rkengine/MainActivity}
04-18 21:35:24.405  1444  1557 W WindowAnimator: Failed to dispatch window animation state change.
04-18 21:35:24.405  1444  1557 W WindowAnimator: android.os.DeadObjectException
04-18 21:35:24.405  1444  1557 W WindowAnimator: 	at android.os.BinderProxy.transactNative(Native Method)
04-18 21:35:24.405  1444  1557 W WindowAnimator: 	at android.os.BinderProxy.transact(Binder.java:503)
04-18 21:35:24.405  1444  1557 W WindowAnimator: 	at android.view.IWindow$Stub$Proxy.onAnimationStarted(IWindow.java:520)
04-18 21:35:24.405  1444  1557 W WindowAnimator: 	at com.android.server.wm.WindowAnimator.updateWindowsLocked(WindowAnimator.java:282)
04-18 21:35:24.405  1444  1557 W WindowAnimator: 	at com.android.server.wm.WindowAnimator.animateLocked(WindowAnimator.java:678)
04-18 21:35:24.405  1444  1557 W WindowAnimator: 	at com.android.server.wm.WindowAnimator.access$000(WindowAnimator.java:53)
04-18 21:35:24.405  1444  1557 W WindowAnimator: 	at com.android.server.wm.WindowAnimator$1.doFrame(WindowAnimator.java:123)
04-18 21:35:24.405  1444  1557 W WindowAnimator: 	at android.view.Choreographer$CallbackRecord.run(Choreographer.java:856)
04-18 21:35:24.405  1444  1557 W WindowAnimator: 	at android.view.Choreographer.doCallbacks(Choreographer.java:670)
04-18 21:35:24.405  1444  1557 W WindowAnimator: 	at android.view.Choreographer.doFrame(Choreographer.java:603)
04-18 21:35:24.405  1444  1557 W WindowAnimator: 	at android.view.Choreographer$FrameDisplayEventReceiver.run(Choreographer.java:844)
04-18 21:35:24.405  1444  1557 W WindowAnimator: 	at android.os.Handler.handleCallback(Handler.java:739)
04-18 21:35:24.405  1444  1557 W WindowAnimator: 	at android.os.Handler.dispatchMessage(Handler.java:95)
04-18 21:35:24.405  1444  1557 W WindowAnimator: 	at android.os.Looper.loop(Looper.java:148)
04-18 21:35:24.405  1444  1557 W WindowAnimator: 	at android.os.HandlerThread.run(HandlerThread.java:61)
04-18 21:35:24.405  1444  1557 W WindowAnimator: 	at com.android.server.ServiceThread.run(ServiceThread.java:46)
04-18 21:35:24.409  1444  2409 W ActivityManager: Force removing ActivityRecord{3597a29 u0 rokid.rkengine/.MainActivity t11}: app died, no saved state
04-18 21:35:24.414  1444  2513 W ActivityManager: Spurious death for ProcessRecord{a13e547 0:rokid.rkengine/u0a62}, curProc for 30507: null
04-18 21:35:24.414  6193  6193 D AndroidRuntime: Shutting down VM
04-18 21:35:24.447  2397  2397 D PortalActivity: onRestart
04-18 21:35:24.447  2397  2397 I Activity: activityInfo: ActivityInfo{7d46fb1 com.rokid.launcher.PortalActivity}
04-18 21:35:24.447  2397  2397 D PortalActivity: onStart
04-18 21:35:24.448  1444  1444 I RKAndroidBridge: activity com.rokid.launcher.PortalActivity for com.rokid.launcher report status onStart
04-18 21:35:24.448  1444  1444 I RKIncubatorNative: process 1444 getService rkruntime, res = android.os.BinderProxy@8b4cff1
04-18 21:35:24.448  2397  2397 D PortalActivity: portal onStart with stat: STAT_EXEC
04-18 21:35:24.448  2397  2397 D PortalActivity: recv stat chg: STAT_EXEC -> STAT_EXEC
04-18 21:35:24.448  2397  2397 E PortalActivity: stat is not changed ...
04-18 21:35:24.448  2397  2397 I Activity: activityInfo: ActivityInfo{7d46fb1 com.rokid.launcher.PortalActivity}
04-18 21:35:24.448  2636  2636 I RKRuntimeService: RKRuntimeService handleActivityStatusReport with packageName com.rokid.launcher compName com.rokid.launcher.PortalActivity
04-18 21:35:24.448  2636  2636 I RKRuntime: status changed: package name is com.rokid.launcher comp name is com.rokid.launcher.PortalActivity
04-18 21:35:24.448  1444  1444 I RKAndroidBridge: send native app state change notify
04-18 21:35:24.448  2397  2397 D PortalActivity: onResume
04-18 21:35:24.448  2636  2666 I RKNativeAppClientService: recv event callback for app change
04-18 21:35:24.448  2636  2636 I RKNativeAppClientService: app state change with compName com.rokid.launcher.PortalActivity pkgName com.rokid.launcher
04-18 21:35:24.449  1444  1444 I RKAndroidBridge: activity com.rokid.launcher.PortalActivity for com.rokid.launcher report status onResume
04-18 21:35:24.449  1444  1444 I RKIncubatorNative: process 1444 getService rkruntime, res = android.os.BinderProxy@8b4cff1
04-18 21:35:24.449  1444  1444 I RKAndroidBridge: send native app state change notify
04-18 21:35:24.450  2636  2660 I RKNativeAppClientService: recv event callback for app change
04-18 21:35:24.450  2636  2636 E RKNativeAppClientService: target package appid is null
04-18 21:35:24.450  2636  2636 I RKRuntimeService: RKRuntimeService handleActivityStatusReport with packageName com.rokid.launcher compName com.rokid.launcher.PortalActivity
04-18 21:35:24.450  2636  2636 I RKRuntime: status changed: package name is com.rokid.launcher comp name is com.rokid.launcher.PortalActivity
04-18 21:35:24.450  2636  2636 I RKRuntime: [ON_RESUME] current top is not same as new one. last one: packageName=rokid.rkengine, componentName=MainActivity current one: packageName=com.rokid.launcher, componentName=com.rokid.launcher.PortalActivity
04-18 21:35:24.450  2636  2636 I RKRuntimeService: ContextSwitch Back to Launcher...
04-18 21:35:24.450  2636  2636 I RKRuntimeService: back to launcher... current state is STATE_EXEC
04-18 21:35:24.450  1444  1506 I RKPowerManagerService: notifyPowerState EVENT_AWAKE
04-18 21:35:24.451  1444  1444 I RKPowerManagerService: current state is  =======a===STATE_EXE recv event EVENT_AWAKE
04-18 21:35:24.451  1444  1444 I RKPowerManagerService: accept event EVENT_AWAKE current state is STATE_EXE
04-18 21:35:24.451  1444  1444 I RKPowerManagerService: exit state sleep
04-18 21:35:24.451  1444  1444 I LegacySLManager: exit execution light
04-18 21:35:24.451  1444  1444 I RKPowerManagerService: reach state awake with event ===c===EVENT_AWAKE
04-18 21:35:24.451  1444  1444 E RKPowerManagerService: ====================false
04-18 21:35:24.451  1444  1444 W System.err: android.os.DeadObjectException
04-18 21:35:24.451  1444  1444 W System.err: 	at android.os.BinderProxy.transactNative(Native Method)
04-18 21:35:24.451  1444  1444 W System.err: 	at android.os.BinderProxy.transact(Binder.java:503)
04-18 21:35:24.451  1444  1444 W System.err: 	at com.rokid.server.power.LegacySiren.setSirenState(LegacySiren.java:79)
04-18 21:35:24.451  1444  1444 W System.err: 	at com.rokid.server.power.RKPowerManagerService.reachStateAwake(RKPowerManagerService.java:930)
04-18 21:35:24.451  1444  1444 W System.err: 	at com.rokid.server.power.RKPowerManagerService.handleStateEXE(RKPowerManagerService.java:1611)
04-18 21:35:24.451  1444  1444 W System.err: 	at com.rokid.server.power.RKPowerManagerService.notifyPowerStateLocked(RKPowerManagerService.java:674)
04-18 21:35:24.451  1444  1444 W System.err: 	at com.rokid.server.power.RKPowerManagerService.access$000(RKPowerManagerService.java:65)
04-18 21:35:24.451  1444  1444 W System.err: 	at com.rokid.server.power.RKPowerManagerService$RKPowerManagerHandler.handleMessage(RKPowerManagerService.java:160)
04-18 21:35:24.451  1444  1444 W System.err: 	at android.os.Handler.dispatchMessage(Handler.java:102)
04-18 21:35:24.451  1444  1444 W System.err: 	at android.os.Looper.loop(Looper.java:148)
04-18 21:35:24.451  1444  1444 W System.err: 	at com.android.server.SystemServer.run(SystemServer.java:288)
04-18 21:35:24.451  1444  1444 W System.err: 	at com.android.server.SystemServer.main(SystemServer.java:173)
04-18 21:35:24.451  1444  1444 W System.err: 	at java.lang.reflect.Method.invoke(Native Method)
04-18 21:35:24.451  1444  1444 W System.err: 	at com.android.internal.os.ZygoteInit$MethodAndArgsCaller.run(ZygoteInit.java:730)
04-18 21:35:24.451  1444  1444 W System.err: 	at com.android.internal.os.ZygoteInit.main(ZygoteInit.java:620)
04-18 21:35:24.451  1444  1444 I LegacySLManager: light awake at 53.0 with flag 0
04-18 21:35:24.452  2474  2559 D RKLightStub: service impl recv: TC_SET_MIND in : 1444
04-18 21:35:24.452  1444  1444 I RKPowerManagerService: start launcher
04-18 21:35:24.452  1444  1444 I RKAndroidBridge: get top component with package name: com.rokid.launcher class(component) name: com.rokid.launcher.PortalActivity
04-18 21:35:24.454   407  1737 E AudioPolicyManagerCustom: getNewOutputDevice() selected device 4000
04-18 21:35:24.455  1444  1444 I RKPowerManagerService: reportStateChangedCompleted: callback list is empty
04-18 21:35:24.456  2330  2330 I RKEventReceiver: receive intent com.rokid.server.RKPowerManager.event.callback
04-18 21:35:24.457  2330  2330 D RKSystemUI.SoundLightPrompt: Event: POWER_STATE_CHANGE connect: true
04-18 21:35:24.477  1444  1757 W InputMethodManagerService: Got RemoteException sending setActive(false) notification to pid 30507 uid 10062
04-18 21:35:24.479  2474  2782 D LightService_MIND: degree: 53.0 --> index: 2
04-18 21:35:24.480  2474  2782 D LightService_MIND: EXEC -> AWAKE target: 2 preStat: INIT
04-18 21:35:24.480  2474  2782 D LightService_MIND: clear all action
04-18 21:35:24.480  2474  2782 D LightService_PEBBLEEXEC: EXEC -> AWAKE target: 2
04-18 21:35:24.490  2397  2397 D PortalActivity: recv msg: 100
04-18 21:35:24.490  2397  2397 D PortalActivity: recv stat chg: STAT_EXEC -> STATE_AWAKE
04-18 21:35:24.684  2106  2106 D wpa_supplicant: wlan0: Control interface command 'SIGNAL_POLL'
04-18 21:35:24.696  2106  2106 D wpa_supplicant: CTRL-DEBUG: global_ctrl_sock-sendto: sock=11 sndbuf=163840 outq=0 send_len=49
04-18 21:35:24.918   407  1737 E AudioPolicyManagerCustom: getNewOutputDevice() selected device 0
04-18 21:35:24.923  1444  1557 W WindowAnimator: Failed to dispatch window animation state change.
04-18 21:35:24.923  1444  1557 W WindowAnimator: android.os.DeadObjectException
04-18 21:35:24.923  1444  1557 W WindowAnimator: 	at android.os.BinderProxy.transactNative(Native Method)
04-18 21:35:24.923  1444  1557 W WindowAnimator: 	at android.os.BinderProxy.transact(Binder.java:503)
04-18 21:35:24.923  1444  1557 W WindowAnimator: 	at android.view.IWindow$Stub$Proxy.onAnimationStopped(IWindow.java:534)
04-18 21:35:24.923  1444  1557 W WindowAnimator: 	at com.android.server.wm.WindowAnimator.updateWindowsLocked(WindowAnimator.java:286)
04-18 21:35:24.923  1444  1557 W WindowAnimator: 	at com.android.server.wm.WindowAnimator.animateLocked(WindowAnimator.java:678)
04-18 21:35:24.923  1444  1557 W WindowAnimator: 	at com.android.server.wm.WindowAnimator.access$000(WindowAnimator.java:53)
04-18 21:35:24.923  1444  1557 W WindowAnimator: 	at com.android.server.wm.WindowAnimator$1.doFrame(WindowAnimator.java:123)
04-18 21:35:24.923  1444  1557 W WindowAnimator: 	at android.view.Choreographer$CallbackRecord.run(Choreographer.java:856)
04-18 21:35:24.923  1444  1557 W WindowAnimator: 	at android.view.Choreographer.doCallbacks(Choreographer.java:670)
04-18 21:35:24.923  1444  1557 W WindowAnimator: 	at android.view.Choreographer.doFrame(Choreographer.java:603)
04-18 21:35:24.923  1444  1557 W WindowAnimator: 	at android.view.Choreographer$FrameDisplayEventReceiver.run(Choreographer.java:844)
04-18 21:35:24.923  1444  1557 W WindowAnimator: 	at android.os.Handler.handleCallback(Handler.java:739)
04-18 21:35:24.923  1444  1557 W WindowAnimator: 	at android.os.Handler.dispatchMessage(Handler.java:95)
04-18 21:35:24.923  1444  1557 W WindowAnimator: 	at android.os.Looper.loop(Looper.java:148)
04-18 21:35:24.923  1444  1557 W WindowAnimator: 	at android.os.HandlerThread.run(HandlerThread.java:61)
04-18 21:35:24.923  1444  1557 W WindowAnimator: 	at com.android.server.ServiceThread.run(ServiceThread.java:46)
04-18 21:35:24.951  2636  2636 I RKNativeAppClientService: app state change with compName com.rokid.launcher.PortalActivity pkgName com.rokid.launcher
04-18 21:35:24.952  2636  2636 E RKNativeAppClientService: target package appid is null
04-18 21:35:24.952  2636  2636 I RKRuntimeService: resume launcher
04-18 21:35:24.953  2636  2636 I RKApplicationRecord: find component OwnerPackageName: com.rokid.launcher
04-18 21:35:24.953  2636  2636 I RKApplicationRecord: ignoreFromCDomain: false
04-18 21:35:24.953  2636  2636 I RKApplicationRecord: type: 1
04-18 21:35:24.953  2636  2636 I RKApplicationRecord: isSystem: true
04-18 21:35:24.953  2636  2636 I RKApplicationRecord: android:name: com.rokid.launcher.PortalActivity
04-18 21:35:24.953  2636  2636 I RKApplicationRecord: domain: com.rokid.system.launcher
04-18 21:35:24.953  2636  2636 I RKApplicationRecord:  for domain com.rokid.system.launcher
04-18 21:35:24.953  2636  2636 I RuntimeContextManager: don't affect cdomain since mComponent isSystem?true type = 1 ignoreFromCDomain = false
04-18 21:35:24.953  2636  2636 I ApplicationExecuter: goes for scene
04-18 21:35:24.953  2636  2636 I SceneCutExecuter: execute domain: com.rokid.system.launcher nlp: {"domain":"com.rokid.system.launcher","intent":"resume"} event: 1 activation: false
04-18 21:35:24.954  1444  1505 I ActivityManager: START u0 {flg=0x30004000 cmp=com.rokid.launcher/.PortalActivity (has extras)} from uid 10020 on display 0
04-18 21:35:24.963  2397  2397 D PortalActivity: onNewIntent in thread (main thread): 1
04-18 21:35:24.963  2397  2397 D PortalActivity: recv intent: resume
04-18 21:35:24.963  2397  2397 E PortalActivity: do nothing with intent: resume
04-18 21:35:25.283  6255  6255 D AndroidRuntime: >>>>>> START com.android.internal.os.RuntimeInit uid 2000 <<<<<<
04-18 21:35:25.288  6255  6255 D AndroidRuntime: CheckJNI is OFF
04-18 21:35:25.332  6255  6255 D ICU     : No timezone override file found: /data/misc/zoneinfo/current/icu/icu_tzdata.dat
04-18 21:35:25.370  6255  6255 I Radio-JNI: register_android_hardware_Radio DONE
04-18 21:35:25.375  6255  6255 V RKStartup: register jni methods in real ...
04-18 21:35:25.392  6255  6255 D AndroidRuntime: Calling main entry com.android.commands.pm.Pm
04-18 21:35:25.398  6255  6255 I art     : System.exit called, status: 0
04-18 21:35:25.398  6255  6255 I AndroidRuntime: VM exiting with result code 0.
04-18 21:35:26.888  6329  6329 D AndroidRuntime: >>>>>> START com.android.internal.os.RuntimeInit uid 2000 <<<<<<
04-18 21:35:26.892  6329  6329 D AndroidRuntime: CheckJNI is OFF
04-18 21:35:26.909  6341  6341 D AndroidRuntime: >>>>>> START com.android.internal.os.RuntimeInit uid 2000 <<<<<<
04-18 21:35:26.913  6341  6341 D AndroidRuntime: CheckJNI is OFF
04-18 21:35:26.940  6329  6329 D ICU     : No timezone override file found: /data/misc/zoneinfo/current/icu/icu_tzdata.dat
04-18 21:35:26.970  6341  6341 D ICU     : No timezone override file found: /data/misc/zoneinfo/current/icu/icu_tzdata.dat
04-18 21:35:26.989  6329  6329 I Radio-JNI: register_android_hardware_Radio DONE
04-18 21:35:26.995  6329  6329 V RKStartup: register jni methods in real ...
04-18 21:35:27.013  6329  6329 D AndroidRuntime: Calling main entry com.android.commands.wm.Wm
04-18 21:35:27.014  6329  6329 D AndroidRuntime: Shutting down VM
04-18 21:35:27.020  6341  6341 I Radio-JNI: register_android_hardware_Radio DONE
04-18 21:35:27.026  6341  6341 V RKStartup: register jni methods in real ...
04-18 21:35:27.044  6341  6341 D AndroidRuntime: Calling main entry com.android.commands.am.Am
04-18 21:35:27.046  1444  2541 I ActivityManager: Force stopping rokid.rkengine appid=10062 user=0: from pid 6341
04-18 21:35:27.048  6341  6341 D AndroidRuntime: Shutting down VM
04-18 21:35:27.529   391  1679 E NetlinkEvent: NetlinkEvent::FindParam(): Parameter 'TIME_NS' not found
04-18 21:35:27.529   391  1679 E NetlinkEvent: NetlinkEvent::FindParam(): Parameter 'UID' not found
04-18 21:35:27.709  2106  2106 D wpa_supplicant: wlan0: Control interface command 'SIGNAL_POLL'
04-18 21:35:27.722  2106  2106 D wpa_supplicant: CTRL-DEBUG: global_ctrl_sock-sendto: sock=11 sndbuf=163840 outq=0 send_len=49
04-18 21:35:27.917  6418  6418 D AndroidRuntime: >>>>>> START com.android.internal.os.RuntimeInit uid 2000 <<<<<<
04-18 21:35:27.921  6418  6418 D AndroidRuntime: CheckJNI is OFF
04-18 21:35:27.965  6418  6418 D ICU     : No timezone override file found: /data/misc/zoneinfo/current/icu/icu_tzdata.dat
04-18 21:35:28.006  6418  6418 I Radio-JNI: register_android_hardware_Radio DONE
04-18 21:35:28.012  6418  6418 V RKStartup: register jni methods in real ...
04-18 21:35:28.030  6418  6418 D AndroidRuntime: Calling main entry com.android.commands.am.Am
04-18 21:35:28.033  1444  2395 I ActivityManager: START u0 {act=android.intent.action.MAIN cat=[android.intent.category.LAUNCHER] flg=0x10000000 cmp=rokid.rkengine/.MainActivity} from uid 2000 on display 0
04-18 21:35:28.038  2397  2397 I Activity: activityInfo: ActivityInfo{7d46fb1 com.rokid.launcher.PortalActivity}
04-18 21:35:28.039  2397  2397 D PortalActivity: onPause
04-18 21:35:28.039  1444  1444 I RKAndroidBridge: activity com.rokid.launcher.PortalActivity for com.rokid.launcher report status onPause
04-18 21:35:28.039  1444  1444 I RKIncubatorNative: process 1444 getService rkruntime, res = android.os.BinderProxy@8b4cff1
04-18 21:35:28.050  1444  1444 I RKAndroidBridge: send native app state change notify
04-18 21:35:28.050  2636  2636 I RKRuntimeService: RKRuntimeService handleActivityStatusReport with packageName com.rokid.launcher compName com.rokid.launcher.PortalActivity
04-18 21:35:28.050  2636  2636 I RKRuntime: status changed: package name is com.rokid.launcher comp name is com.rokid.launcher.PortalActivity
04-18 21:35:28.050  2636  2636 I RKRuntime: the same package as last one
04-18 21:35:28.051  2636  2666 I RKNativeAppClientService: recv event callback for app change
04-18 21:35:28.051  2636  2636 I RKNativeAppClientService: app state change with compName com.rokid.launcher.PortalActivity pkgName com.rokid.launcher
04-18 21:35:28.052  2636  2636 E RKNativeAppClientService: target package appid is null
04-18 21:35:28.055  6418  6418 D AndroidRuntime: Shutting down VM
04-18 21:35:28.084  1444  1757 V BoostFramework: BoostFramework() : mPerf = com.qualcomm.qti.Performance@181f6d3
04-18 21:35:28.084  1444  1757 I ActivityManager: Start proc 6446:rokid.rkengine/u0a62 for activity rokid.rkengine/.MainActivity
04-18 21:35:28.090  6446  6446 I art     : Late-enabling -Xcheck:jni
04-18 21:35:28.114  6446  6452 I art     : Debugger is no longer active
