04-18 21:35:28.127  6446  6446 E DX      : /data/app/rokid.rkengine-1/base.apk
04-18 21:35:28.171  6459  6459 E dex2oat : Failed to create oat file: /data/dalvik-cache/arm/system@rokid@netty-android.jar@classes.dex: Permission denied
04-18 21:35:28.171  6459  6459 I dex2oat : dex2oat took 703.334us (threads: 4) 
04-18 21:35:28.175  6446  6446 W art     : Failed execv(/system/bin/dex2oat --runtime-arg -classpath --runtime-arg  --debuggable --instruction-set=arm --instruction-set-features=smp,div,atomic_ldrd_strd --runtime-arg -Xrelocate --boot-image=/system/framework/boot.art --runtime-arg -Xms64m --runtime-arg -Xmx512m --instruction-set-variant=krait --instruction-set-features=default --dex-file=/system/rokid/netty-android.jar --oat-file=/data/dalvik-cache/arm/system@rokid@netty-android.jar@classes.dex) because non-0 exit status
04-18 21:35:28.396  6471  6471 E dex2oat : Failed to create oat file: /data/dalvik-cache/arm/system@rokid@jctools-android.jar@classes.dex: Permission denied
04-18 21:35:28.396  6471  6471 I dex2oat : dex2oat took 726.979us (threads: 4) 
04-18 21:35:28.400  6446  6446 W art     : Failed execv(/system/bin/dex2oat --runtime-arg -classpath --runtime-arg  --debuggable --instruction-set=arm --instruction-set-features=smp,div,atomic_ldrd_strd --runtime-arg -Xrelocate --boot-image=/system/framework/boot.art --runtime-arg -Xms64m --runtime-arg -Xmx512m --instruction-set-variant=krait --instruction-set-features=default --dex-file=/system/rokid/jctools-android.jar --oat-file=/data/dalvik-cache/arm/system@rokid@jctools-android.jar@classes.dex) because non-0 exit status
04-18 21:35:28.410  6446  6446 W System  : ClassLoader referenced unknown path: /data/app/rokid.rkengine-1/lib/arm
04-18 21:35:28.418  6446  6446 I Activity: activityInfo: ActivityInfo{ab83258 MainActivity}
04-18 21:35:28.418  1444  1444 I RKAndroidBridge: activity MainActivity for rokid.rkengine report status onCreate
04-18 21:35:28.418  1444  1444 I RKIncubatorNative: process 1444 getService rkruntime, res = android.os.BinderProxy@8b4cff1
04-18 21:35:28.418  2636  2636 I RKRuntimeService: RKRuntimeService handleActivityStatusReport with packageName rokid.rkengine compName MainActivity
04-18 21:35:28.418  2636  2636 I RKRuntime: status changed: package name is rokid.rkengine comp name is MainActivity
04-18 21:35:28.418  2636  2636 I RKRuntime: [ON_PAUSE/ON_CREATE] current top is not same as new one. last one: packageName=com.rokid.launcher, componentName=com.rokid.launcher.PortalActivity current one: packageName=rokid.rkengine, componentName=MainActivity
04-18 21:35:28.418  2636  2636 I RKRuntimeService: ContextSwitch Launcher is leaving...
04-18 21:35:28.419  1444  1444 I RKAndroidBridge: send native app state change notify
04-18 21:35:28.419  2636  2636 I RKRuntimeService: launcher is leaving... current state is STATE_AWAKE
04-18 21:35:28.419  6446  6446 I MainActivity: onCreate
04-18 21:35:28.419  1444  2537 I RKPowerManagerService: notifyPowerState EVENT_EXE
04-18 21:35:28.419  2636  2660 I RKNativeAppClientService: recv event callback for app change
04-18 21:35:28.419  2636  2636 I RKNativeAppClientService: app state change with compName MainActivity pkgName rokid.rkengine
04-18 21:35:28.419  1444  1444 I RKPowerManagerService: current state is  =======a===STATE_AWAKE recv event EVENT_EXE
04-18 21:35:28.419  1444  1444 I RKPowerManagerService: accept event EVENT_EXE current======e===== state is STATE_AWAKE
04-18 21:35:28.419  1444  1444 I RKPowerManagerService: exit state awake
04-18 21:35:28.419  1444  1444 I RKPowerManagerService: reach state exe with event EVENT_EXE
04-18 21:35:28.420  1444  1444 W System.err: android.os.DeadObjectException
04-18 21:35:28.420  1444  1444 W System.err: 	at android.os.BinderProxy.transactNative(Native Method)
04-18 21:35:28.420  1444  1444 W System.err: 	at android.os.BinderProxy.transact(Binder.java:503)
04-18 21:35:28.420  1444  1444 W System.err: 	at com.rokid.server.power.LegacySiren.setSirenState(LegacySiren.java:79)
04-18 21:35:28.420  1444  1444 W System.err: 	at com.rokid.server.power.RKPowerManagerService.reachStateEXE(RKPowerManagerService.java:1560)
04-18 21:35:28.420  1444  1444 W System.err: 	at com.rokid.server.power.RKPowerManagerService.handleStateAwake(RKPowerManagerService.java:1028)
04-18 21:35:28.420  1444  1444 W System.err: 	at com.rokid.server.power.RKPowerManagerService.notifyPowerStateLocked(RKPowerManagerService.java:605)
04-18 21:35:28.420  1444  1444 W System.err: 	at com.rokid.server.power.RKPowerManagerService.access$000(RKPowerManagerService.java:65)
04-18 21:35:28.420  1444  1444 W System.err: 	at com.rokid.server.power.RKPowerManagerService$RKPowerManagerHandler.handleMessage(RKPowerManagerService.java:160)
04-18 21:35:28.420  1444  1444 W System.err: 	at android.os.Handler.dispatchMessage(Handler.java:102)
04-18 21:35:28.420  1444  1444 W System.err: 	at android.os.Looper.loop(Looper.java:148)
04-18 21:35:28.420  1444  1444 W System.err: 	at com.android.server.SystemServer.run(SystemServer.java:288)
04-18 21:35:28.420  1444  1444 W System.err: 	at com.android.server.SystemServer.main(SystemServer.java:173)
04-18 21:35:28.420  1444  1444 W System.err: 	at java.lang.reflect.Method.invoke(Native Method)
04-18 21:35:28.420  1444  1444 W System.err: 	at com.android.internal.os.ZygoteInit$MethodAndArgsCaller.run(ZygoteInit.java:730)
04-18 21:35:28.420  1444  1444 W System.err: 	at com.android.internal.os.ZygoteInit.main(ZygoteInit.java:620)
04-18 21:35:28.420  1444  1444 I LegacySLManager: execution light = sleep light
04-18 21:35:28.420  1444  1444 D LegacySLManager: light enter exec stat
04-18 21:35:28.420  2474  2547 D RKLightStub: service impl recv: TC_SET_MIND in : 1444
04-18 21:35:28.421  1444  1444 E RKPowerManagerService: current state  =======d======  STATE_EXE   event  state EVENT_EXE
04-18 21:35:28.421  2636  2636 W System.err: android.os.DeadObjectException
04-18 21:35:28.421  2636  2636 W System.err: 	at android.os.BinderProxy.transactNative(Native Method)
04-18 21:35:28.421  2636  2636 W System.err: 	at android.os.BinderProxy.transact(Binder.java:503)
04-18 21:35:28.421  2636  2636 W System.err: 	at rokid.rkengine.IAppStateCallback$Stub$Proxy.onCreate(IAppStateCallback.java:230)
04-18 21:35:28.421  1444  1444 I RKPowerManagerService: reportStateChangedCompleted: callback list is empty
04-18 21:35:28.421  2636  2636 W System.err: 	at com.rokid.runtime.openvoice.RKNativeAppClientService.handleAppStateChange(RKNativeAppClientService.java:307)
04-18 21:35:28.421  2636  2636 W System.err: 	at com.rokid.runtime.openvoice.RKNativeAppClientService$RKNativeClientHandler.handleMessage(RKNativeAppClientService.java:102)
04-18 21:35:28.421  2636  2636 W System.err: 	at android.os.Handler.dispatchMessage(Handler.java:102)
04-18 21:35:28.421  2636  2636 W System.err: 	at android.os.Looper.loop(Looper.java:148)
04-18 21:35:28.421  2636  2636 W System.err: 	at android.app.ActivityThread.main(ActivityThread.java:5458)
04-18 21:35:28.421  2636  2636 W System.err: 	at java.lang.reflect.Method.invoke(Native Method)
04-18 21:35:28.421  2636  2636 W System.err: 	at com.android.internal.os.ZygoteInit$MethodAndArgsCaller.run(ZygoteInit.java:730)
04-18 21:35:28.421  2636  2636 W System.err: 	at com.android.internal.os.ZygoteInit.main(ZygoteInit.java:620)
04-18 21:35:28.422  2330  2330 I RKEventReceiver: receive intent com.rokid.server.RKPowerManager.event.callback
04-18 21:35:28.422  2330  2330 D RKSystemUI.SoundLightPrompt: Event: POWER_STATE_CHANGE connect: true
04-18 21:35:28.423  2397  2397 D PortalActivity: recv msg: 100
04-18 21:35:28.423  2397  2397 D PortalActivity: recv stat chg: STATE_AWAKE -> STAT_EXEC
04-18 21:35:28.423  2397  2397 D PortalActivity: display: sleep1
04-18 21:35:28.423  2397  2397 D PortalActivity: stop tts ...
04-18 21:35:28.424  2352  2579 I tts.Native: stop with id: 0
04-18 21:35:28.427  6446  6446 D RKAppEngine - AppManagerImp.bindService(L:50): isBind RemoteService true
04-18 21:35:28.427  6446  6446 I Activity: activityInfo: ActivityInfo{ab83258 MainActivity}
04-18 21:35:28.427  6446  6446 I Activity: activityInfo: ActivityInfo{ab83258 MainActivity}
04-18 21:35:28.428  1444  1444 I RKAndroidBridge: activity MainActivity for rokid.rkengine report status onStart
04-18 21:35:28.428  1444  1444 I RKIncubatorNative: process 1444 getService rkruntime, res = android.os.BinderProxy@8b4cff1
04-18 21:35:28.428  2636  2636 I RKRuntimeService: RKRuntimeService handleActivityStatusReport with packageName rokid.rkengine compName MainActivity
04-18 21:35:28.428  2636  2636 I RKRuntime: status changed: package name is rokid.rkengine comp name is MainActivity
04-18 21:35:28.428  2636  2636 I RKRuntime: the same package as last one
04-18 21:35:28.429  1444  1444 I RKAndroidBridge: send native app state change notify
04-18 21:35:28.429  1444  1444 I RKAndroidBridge: activity MainActivity for rokid.rkengine report status onResume
04-18 21:35:28.429  1444  1444 I RKIncubatorNative: process 1444 getService rkruntime, res = android.os.BinderProxy@8b4cff1
04-18 21:35:28.429  2636  2636 I RKRuntimeService: RKRuntimeService handleActivityStatusReport with packageName rokid.rkengine compName MainActivity
04-18 21:35:28.429  2636  2636 I RKRuntime: status changed: package name is rokid.rkengine comp name is MainActivity
04-18 21:35:28.429  2636  2636 I RKRuntime: the same package as last one
04-18 21:35:28.429  1444  1444 I RKAndroidBridge: send native app state change notify
04-18 21:35:28.429  2636  2667 I RKNativeAppClientService: recv event callback for app change
04-18 21:35:28.429  2636  2666 I RKNativeAppClientService: recv event callback for app change
04-18 21:35:28.429  2636  2636 I RKNativeAppClientService: app state change with compName MainActivity pkgName rokid.rkengine
04-18 21:35:28.430  2636  2636 W System.err: android.os.DeadObjectException
04-18 21:35:28.430  2636  2636 W System.err: 	at android.os.BinderProxy.transactNative(Native Method)
04-18 21:35:28.430  2636  2636 W System.err: 	at android.os.BinderProxy.transact(Binder.java:503)
04-18 21:35:28.430  2636  2636 W System.err: 	at rokid.rkengine.IAppStateCallback$Stub$Proxy.onStart(IAppStateCallback.java:251)
04-18 21:35:28.430  2636  2636 W System.err: 	at com.rokid.runtime.openvoice.RKNativeAppClientService.handleAppStateChange(RKNativeAppClientService.java:310)
04-18 21:35:28.430  2636  2636 W System.err: 	at com.rokid.runtime.openvoice.RKNativeAppClientService$RKNativeClientHandler.handleMessage(RKNativeAppClientService.java:102)
04-18 21:35:28.430  2636  2636 W System.err: 	at android.os.Handler.dispatchMessage(Handler.java:102)
04-18 21:35:28.430  2636  2636 W System.err: 	at android.os.Looper.loop(Looper.java:148)
04-18 21:35:28.430  2636  2636 W System.err: 	at android.app.ActivityThread.main(ActivityThread.java:5458)
04-18 21:35:28.430  2636  2636 W System.err: 	at java.lang.reflect.Method.invoke(Native Method)
04-18 21:35:28.430  2636  2636 W System.err: 	at com.android.internal.os.ZygoteInit$MethodAndArgsCaller.run(ZygoteInit.java:730)
04-18 21:35:28.430  2636  2636 W System.err: 	at com.android.internal.os.ZygoteInit.main(ZygoteInit.java:620)
04-18 21:35:28.430  2636  2636 I RKNativeAppClientService: app state change with compName MainActivity pkgName rokid.rkengine
04-18 21:35:28.431  2636  2636 W System.err: android.os.DeadObjectException
04-18 21:35:28.431  2636  2636 W System.err: 	at android.os.BinderProxy.transactNative(Native Method)
04-18 21:35:28.431  2636  2636 W System.err: 	at android.os.BinderProxy.transact(Binder.java:503)
04-18 21:35:28.431  2636  2636 W System.err: 	at rokid.rkengine.IAppStateCallback$Stub$Proxy.onResume(IAppStateCallback.java:293)
04-18 21:35:28.432  2636  2636 W System.err: 	at com.rokid.runtime.openvoice.RKNativeAppClientService.handleAppStateChange(RKNativeAppClientService.java:313)
04-18 21:35:28.432  2636  2636 W System.err: 	at com.rokid.runtime.openvoice.RKNativeAppClientService$RKNativeClientHandler.handleMessage(RKNativeAppClientService.java:102)
04-18 21:35:28.432  2636  2636 W System.err: 	at android.os.Handler.dispatchMessage(Handler.java:102)
04-18 21:35:28.432  2636  2636 W System.err: 	at android.os.Looper.loop(Looper.java:148)
04-18 21:35:28.432  2636  2636 W System.err: 	at android.app.ActivityThread.main(ActivityThread.java:5458)
04-18 21:35:28.432  2636  2636 W System.err: 	at java.lang.reflect.Method.invoke(Native Method)
04-18 21:35:28.432  2636  2636 W System.err: 	at com.android.internal.os.ZygoteInit$MethodAndArgsCaller.run(ZygoteInit.java:730)
04-18 21:35:28.432  2474  2782 D LightService_MIND: AWAKE -> EXEC preStat: INIT
04-18 21:35:28.432  2636  2636 W System.err: 	at com.android.internal.os.ZygoteInit.main(ZygoteInit.java:620)
04-18 21:35:28.432  2474  2782 D LightService_MIND: clear all action
04-18 21:35:28.432  2474  2782 D LightService_PEBBLEEXEC: AWAKE -> EXEC
04-18 21:35:28.433  6446  6479 D RKAppEngine - ParserProxy.parseResponse(L:70): checkSpeechResponse: speech response{ "nlp": "{\"cloud\":true,\"confidence\":1,\"domain\":\"custom.skill.841f3558-f3d4-43f6-911a-6f80b62b352d\",\"intent\":\"sayhello\",\"pattern\":\"打个招呼\",\"posEnd\":4,\"posStart\":0,\"slots\":{},\"version\":\"custom.skill.841f3558-f3d4-43f6-911a-6f80b62b352d:0.0.0\"}", "asr": "若琪打个招呼", "action": "{\"response\":{\"action\":{\"shoudEndSession\":false,\"type\":\"NORMAL\",\"version\":\"2.0.0\",\"voice\":{\"behaviour\":\"REPLACE_ALL\",\"item\":{\"tts\":\"你好，我是Mini，很高兴见到大家\"},\"needEventCallback\":false}},\"appId\":\"CUT\",\"domain\":\"custom.skill.841f3558-f3d4-43f6-911a-6f80b62b352d\",\"resType\":\"INTENT\",\"respId\":\"C6C545CAE64E4C50896DF72CC32DB376\",\"shot\":\"CUT\"},\"startWithActiveWord\":true,\"version\":\"2.0.0\"}" }
04-18 21:35:28.471  6446  6484 D OpenGLRenderer: Use EGL_SWAP_BEHAVIOR_PRESERVED: true
04-18 21:35:28.477  6446  6446 D RKAppEngine - AppManagerImp$1.onServiceConnected(L:65): onServiceConnected 
04-18 21:35:28.477  6446  6446 D RKAppEngine - AppManagerImp.setAppStateCallBack(L:78): startApp callback == null ? false
04-18 21:35:28.477  2636  2660 I RKNativeAppClientProxy: setAppStateCallback
04-18 21:35:28.485  6446  6479 I RKAppEngine - ParserProxy.parseResponse(L:130): response string to start cloud app client: {"domain":"rc.service.rokid.com","intent":"test"}
04-18 21:35:28.485  6446  6479 D RKAppEngine - AppManagerImp.startApp(L:90): startApp appManagerProxy == null ? false
04-18 21:35:28.485  2636  2667 I RKNativeAppClientProxy: startApp
04-18 21:35:28.485  2636  2636 I RKNativeAppClientService: resume app rc.service.rokid.com
04-18 21:35:28.486  1444  2578 I ActivityManager: START u0 {flg=0x30004000 cmp=rokid.rkengine/.MainActivity (has extras)} from uid 10020 on display 0
04-18 21:35:28.509  6446  6484 I Adreno-EGL: <qeglDrvAPI_eglInitialize:379>: EGL 1.4 QUALCOMM build: Nondeterministic_AU_msm8974_LA.BF.1.1.3_RB1__release_AU (I741a3d36ca)
04-18 21:35:28.509  6446  6484 I Adreno-EGL: OpenGL ES Shader Compiler Version: E031.29.00.00
04-18 21:35:28.509  6446  6484 I Adreno-EGL: Build Date: 04/04/16 Mon
04-18 21:35:28.509  6446  6484 I Adreno-EGL: Local Branch: mybranch19053788
04-18 21:35:28.509  6446  6484 I Adreno-EGL: Remote Branch: quic/LA.BF.1.1.3_rb1.12
04-18 21:35:28.509  6446  6484 I Adreno-EGL: Local Patches: NONE
04-18 21:35:28.509  6446  6484 I Adreno-EGL: Reconstruct Branch: NOTHING
04-18 21:35:28.511  6446  6484 I OpenGLRenderer: Initialized EGL, version 1.4
04-18 21:35:28.555  1444  1557 I ActivityManager: Displayed rokid.rkengine/.MainActivity: +482ms
04-18 21:35:28.674  2397  2397 D PortalActivity: onSaveInstanceState
04-18 21:35:28.674  2397  2397 I Activity: activityInfo: ActivityInfo{7d46fb1 com.rokid.launcher.PortalActivity}
04-18 21:35:28.674  2397  2397 D PortalActivity: onStop
04-18 21:35:28.675  1444  1444 I RKAndroidBridge: activity com.rokid.launcher.PortalActivity for com.rokid.launcher report status onStop
04-18 21:35:28.675  1444  1444 I RKIncubatorNative: process 1444 getService rkruntime, res = android.os.BinderProxy@8b4cff1
04-18 21:35:28.675  2636  2636 I RKRuntimeService: RKRuntimeService handleActivityStatusReport with packageName com.rokid.launcher compName com.rokid.launcher.PortalActivity
04-18 21:35:28.675  2636  2636 I RKRuntime: status changed: package name is com.rokid.launcher comp name is com.rokid.launcher.PortalActivity
04-18 21:35:28.675  1444  1444 I RKAndroidBridge: send native app state change notify
04-18 21:35:28.676  2636  2660 I RKNativeAppClientService: recv event callback for app change
04-18 21:35:28.676  2636  2636 I RKNativeAppClientService: app state change with compName com.rokid.launcher.PortalActivity pkgName com.rokid.launcher
04-18 21:35:28.677  2636  2636 E RKNativeAppClientService: target package appid is null
04-18 21:35:30.731  2106  2106 D wpa_supplicant: wlan0: Control interface command 'SIGNAL_POLL'
04-18 21:35:30.748  2106  2106 D wpa_supplicant: CTRL-DEBUG: global_ctrl_sock-sendto: sock=11 sndbuf=163840 outq=0 send_len=49
04-18 21:35:30.829   526  3863 E CABL    : hist_preprocess: Incorrect histogram data!!!
04-18 21:35:30.830   526  3863 E PPDaemon: abl_calc_lut() failed with ret = 1
04-18 21:35:32.487  2352  3078 D tts.WSThread: doPing
04-18 21:35:32.499   391  1679 E NetlinkEvent: NetlinkEvent::FindParam(): Parameter 'TIME_NS' not found
04-18 21:35:32.500   391  1679 E NetlinkEvent: NetlinkEvent::FindParam(): Parameter 'UID' not found
04-18 21:35:32.521  2352  3282 D tts.WSInHandler: channel read0
04-18 21:35:32.521  2352  3282 D tts.WSInHandler: recv pong
04-18 21:35:33.756  2106  2106 D wpa_supplicant: wlan0: Control interface command 'SIGNAL_POLL'
04-18 21:35:33.773  2106  2106 D wpa_supplicant: CTRL-DEBUG: global_ctrl_sock-sendto: sock=11 sndbuf=163840 outq=0 send_len=49
04-18 21:35:36.783  2106  2106 D wpa_supplicant: wlan0: Control interface command 'SIGNAL_POLL'
04-18 21:35:36.799  2106  2106 D wpa_supplicant: CTRL-DEBUG: global_ctrl_sock-sendto: sock=11 sndbuf=163840 outq=0 send_len=49
04-18 21:35:38.191  2455  3081 I ChannelThread: ping server
04-18 21:35:38.215  2455  3433 D WSToPBHandler: channel read0
04-18 21:35:38.215  2455  3433 E WSToPBHandler: recv pong
04-18 21:35:39.809  2106  2106 D wpa_supplicant: wlan0: Control interface command 'SIGNAL_POLL'
04-18 21:35:39.826  2106  2106 D wpa_supplicant: CTRL-DEBUG: global_ctrl_sock-sendto: sock=11 sndbuf=163840 outq=0 send_len=49
04-18 21:35:42.836  2106  2106 D wpa_supplicant: wlan0: Control interface command 'SIGNAL_POLL'
04-18 21:35:42.852  2106  2106 D wpa_supplicant: CTRL-DEBUG: global_ctrl_sock-sendto: sock=11 sndbuf=163840 outq=0 send_len=49
04-18 21:35:45.862  2106  2106 D wpa_supplicant: wlan0: Control interface command 'SIGNAL_POLL'
04-18 21:35:45.879  2106  2106 D wpa_supplicant: CTRL-DEBUG: global_ctrl_sock-sendto: sock=11 sndbuf=163840 outq=0 send_len=49
04-18 21:35:47.166  2319  3235 I NetworkMonitor: start ping process
04-18 21:35:48.888  2106  2106 D wpa_supplicant: wlan0: Control interface command 'SIGNAL_POLL'
04-18 21:35:48.903  2106  2106 D wpa_supplicant: CTRL-DEBUG: global_ctrl_sock-sendto: sock=11 sndbuf=163840 outq=0 send_len=49
04-18 21:35:51.906  2106  2106 D wpa_supplicant: wlan0: Control interface command 'SIGNAL_POLL'
04-18 21:35:51.919  2106  2106 D wpa_supplicant: CTRL-DEBUG: global_ctrl_sock-sendto: sock=11 sndbuf=163840 outq=0 send_len=49
04-18 21:35:52.511  2352  3078 D tts.WSThread: doPing
04-18 21:35:52.524  2352  3282 D tts.WSInHandler: channel read0
04-18 21:35:52.524  2352  3282 D tts.WSInHandler: recv pong
04-18 21:35:54.928  2106  2106 D wpa_supplicant: wlan0: Control interface command 'SIGNAL_POLL'
04-18 21:35:54.945  2106  2106 D wpa_supplicant: CTRL-DEBUG: global_ctrl_sock-sendto: sock=11 sndbuf=163840 outq=0 send_len=49
04-18 21:35:56.293  2319  3235 I NetworkMonitor: statistics starts at 12
04-18 21:35:56.293  2319  3235 I NetworkMonitor: match@6
04-18 21:35:56.293  2319  3235 I NetworkMonitor: send 10 with recv 10 lose 0 in 9014ms
04-18 21:35:56.294  2319  3235 I NetworkMonitor: roundTrip match@7
04-18 21:35:56.294  2319  3235 I NetworkMonitor: min:42.342/avg:44.292/max:45.597/mdev:1.169
04-18 21:35:56.294  2319  3235 I NetworkMonitor: ping process exit, lantency is 44
04-18 21:35:57.954  2106  2106 D wpa_supplicant: wlan0: Control interface command 'SIGNAL_POLL'
04-18 21:35:57.968  2106  2106 D wpa_supplicant: CTRL-DEBUG: global_ctrl_sock-sendto: sock=11 sndbuf=163840 outq=0 send_len=49
04-18 21:36:00.002  1444  1522 I UsageStatsService: User[0] Flushing usage stats to disk
04-18 21:36:00.976  2106  2106 D wpa_supplicant: wlan0: Control interface command 'SIGNAL_POLL'
04-18 21:36:00.991  2106  2106 D wpa_supplicant: CTRL-DEBUG: global_ctrl_sock-sendto: sock=11 sndbuf=163840 outq=0 send_len=49
04-18 21:36:03.998  2106  2106 D wpa_supplicant: wlan0: Control interface command 'SIGNAL_POLL'
04-18 21:36:04.016  2106  2106 D wpa_supplicant: CTRL-DEBUG: global_ctrl_sock-sendto: sock=11 sndbuf=163840 outq=0 send_len=49
04-18 21:36:07.025  2106  2106 D wpa_supplicant: wlan0: Control interface command 'SIGNAL_POLL'
04-18 21:36:07.042  2106  2106 D wpa_supplicant: CTRL-DEBUG: global_ctrl_sock-sendto: sock=11 sndbuf=163840 outq=0 send_len=49
04-18 21:36:07.310  2390  2805 I RKSessionManager: run renew session in ThreadId: 69
04-18 21:36:07.310  2390  2805 I RKSessionManager: renewSession is called
04-18 21:36:07.310  2390  2805 D RKSessionManager: renew session with sessionid: ONLINE:ROKI:25B6DDA7A0684B6ABA433449E209D001
04-18 21:36:07.310  2390  2805 I RKConnectionHelper: get resolved host by RAPI
04-18 21:36:07.310  2390  2805 I RKConnectionHelper: request to generate rapi host
04-18 21:36:07.311  2390  2805 I RKConnectionHelper: Rokid is in PRO mode!
04-18 21:36:07.311  2390  2805 D HttpDNS : [getIpByHost] - fetch result from cache, host: rapi.service.rokid.com
04-18 21:36:07.311  2390  2805 I RKConnectionHelper: resolve host for: rapi.service.rokid.com successfully
04-18 21:36:07.311  2390  2805 I RKConnectionHelper: resolved host for rapi: 120.55.199.6
04-18 21:36:07.311  2390  2805 I RKConnectionManager: get account host resolved: true, host resolved: 120.55.199.6, origin host: rapi.service.rokid.com
04-18 21:36:07.312  2390  2805 I RKConnectionManager: RAPI Service URL: https://120.55.199.6/rapi.do
04-18 21:36:07.312  2390  2805 D RKConnectionManager: start rapi request in Thread: 69
04-18 21:36:07.312  2390  2805 D RKConnectionManager: called from PID: 2390
04-18 21:36:07.312  2390  2805 D RKConnectionManager: start new rapi service request task...host: https://120.55.199.6/rapi.do
04-18 21:36:07.320  2390  3384 D RKConnectionManager: rapi request doInBackground start
04-18 21:36:07.320  2390  3384 D RKConnectionManager: rapi request for com.rokid.service.session.renewSession v1.0 doInBackground ready
04-18 21:36:07.320  2390  3384 I RKLoginManager: get current sessionId: ONLINE:ROKI:25B6DDA7A0684B6ABA433449E209D001
04-18 21:36:07.321  2390  3384 I RKConnectionManager: get current session id when start to do rapi request: ONLINE:ROKI:25B6DDA7A0684B6ABA433449E209D001
04-18 21:36:07.329  2390  3384 I RKConnectionManager: rapi call session id replaced by current session id
04-18 21:36:07.368  2390  3384 W System  : ClassLoader referenced unknown path: /system/framework/tcmclient.jar
04-18 21:36:07.369  2390  3384 I RKConnectionManager: current x_request_datetime: 2017-04-18T21:36:07.368+0800;1492522567368
04-18 21:36:07.371  2390  3384 D RKConnectionManager: rapi protobuff created....
04-18 21:36:07.371  2390  3384 D RKConnectionManager: rapi set http post entity....
04-18 21:36:07.493  2390  3384 D RKConnectionManager: rapi response get entity....
04-18 21:36:07.493  2390  3384 D RKConnectionManager: rapi HttpEntity is streaming....
04-18 21:36:07.493  2390  3384 D RKConnectionManager: responseData: "1J,ONLINE:ROKI:0488114C51A44767B8054094FA1D8E3F�	
04-18 21:36:07.494  2390  3384 D RKConnectionManager: error:  | res: true | string_param: "ONLINE:ROKI:0488114C51A44767B8054094FA1D8E3F"
04-18 21:36:07.494  2390  3384 D RKConnectionManager: type: type_string
04-18 21:36:07.496  2390  7634 D RKSessionManager: renewSession onSuccess: ONLINE:ROKI:0488114C51A44767B8054094FA1D8E3F
04-18 21:36:08.195  2455  3081 I ChannelThread: ping server
04-18 21:36:08.224  2455  3433 D WSToPBHandler: channel read0
04-18 21:36:08.224  2455  3433 E WSToPBHandler: recv pong
04-18 21:36:10.052  2106  2106 D wpa_supplicant: wlan0: Control interface command 'SIGNAL_POLL'
04-18 21:36:10.069  2106  2106 D wpa_supplicant: CTRL-DEBUG: global_ctrl_sock-sendto: sock=11 sndbuf=163840 outq=0 send_len=49
04-18 21:36:12.513  2352  3078 D tts.WSThread: doPing
04-18 21:36:12.537  2352  3282 D tts.WSInHandler: channel read0
04-18 21:36:12.537  2352  3282 D tts.WSInHandler: recv pong
04-18 21:36:13.077  2106  2106 D wpa_supplicant: wlan0: Control interface command 'SIGNAL_POLL'
04-18 21:36:13.092  2106  2106 D wpa_supplicant: CTRL-DEBUG: global_ctrl_sock-sendto: sock=11 sndbuf=163840 outq=0 send_len=49
04-18 21:36:14.136  2413  3378 I RokidStore_AppSyncRunnable: run application sync and update checking in thread: 75 at timestamp: 265
04-18 21:36:14.142  2413  3378 I RokidStore_AppStatusManager: =======================START========================
04-18 21:36:14.142  2413  3378 I RokidStore_AppStatusManager:  get installed package: 
04-18 21:36:14.143  2413  3378 I RokidStore_AppStatusManager:         androidPackage: com.rokid.time1
04-18 21:36:14.143  2413  3378 I RokidStore_AppStatusManager:           rokidPackage: com.rokid.time1
04-18 21:36:14.143  2413  3378 I RokidStore_AppStatusManager:                   type: 2
04-18 21:36:14.143  2413  3378 I RokidStore_AppStatusManager:               isSystem: false
04-18 21:36:14.143  2413  3378 I RokidStore_AppStatusManager:                version: 0.16.7
04-18 21:36:14.143  2413  3378 I RokidStore_AppStatusManager: ========================END=========================
04-18 21:36:14.143  2413  3378 I RokidStore_AppStatusManager: request to getPackageIdByDomain: com.rokid.time1
04-18 21:36:14.144  2413  3378 I RokidStore_AppStatusManager: get package_id: 42fd312bbad24998a9fb56100cd7cb6e by domain: com.rokid.time1
04-18 21:36:14.144  2413  3378 I RokidStore_AppStatusManager: request to getAppIdByDomain: com.rokid.time1
04-18 21:36:14.144  2413  3378 I RokidStore_AppStatusManager: get app_id: 209 by domain: com.rokid.time1
04-18 21:36:14.144  2413  3378 I RokidStore_AppStatusManager: =======================START========================
04-18 21:36:14.144  2413  3378 I RokidStore_AppStatusManager:  get installed package: 
04-18 21:36:14.144  2413  3378 I RokidStore_AppStatusManager:         androidPackage: com.rokid.light
04-18 21:36:14.144  2413  3378 I RokidStore_AppStatusManager:           rokidPackage: com.rokid.system.light
04-18 21:36:14.145  2413  3378 I RokidStore_AppStatusManager:                   type: 3
04-18 21:36:14.145  2413  3378 I RokidStore_AppStatusManager:               isSystem: true
04-18 21:36:14.145  2413  3378 I RokidStore_AppStatusManager:                version: 1.0.0
04-18 21:36:14.145  2413  3378 I RokidStore_AppStatusManager: ========================END=========================
04-18 21:36:14.145  2413  3378 I RokidStore_AppStatusManager: package is not valid for RokidStore because: 
04-18 21:36:14.145  2413  3378 I RokidStore_AppStatusManager: -------------- the package is system package;
04-18 21:36:14.145  2413  3378 I RokidStore_AppStatusManager: =======================START========================
04-18 21:36:14.145  2413  3378 I RokidStore_AppStatusManager:  get installed package: 
04-18 21:36:14.145  2413  3378 I RokidStore_AppStatusManager:         androidPackage: com.rokid.calendar1
04-18 21:36:14.146  2413  3378 I RokidStore_AppStatusManager:           rokidPackage: com.rokid.calendar1
04-18 21:36:14.146  2413  3378 I RokidStore_AppStatusManager:                   type: 2
04-18 21:36:14.146  2413  3378 I RokidStore_AppStatusManager:               isSystem: false
04-18 21:36:14.146  2413  3378 I RokidStore_AppStatusManager:                version: 0.20.3
04-18 21:36:14.146  2413  3378 I RokidStore_AppStatusManager: ========================END=========================
04-18 21:36:14.146  2413  3378 I RokidStore_AppStatusManager: request to getPackageIdByDomain: com.rokid.calendar1
04-18 21:36:14.146  2413  3378 I RokidStore_AppStatusManager: get package_id: 75bfea3f44714736970a3effff606bff by domain: com.rokid.calendar1
04-18 21:36:14.146  2413  3378 I RokidStore_AppStatusManager: request to getAppIdByDomain: com.rokid.calendar1
04-18 21:36:14.147  2413  3378 I RokidStore_AppStatusManager: get app_id: 195 by domain: com.rokid.calendar1
04-18 21:36:14.147  2413  3378 I RokidStore_AppStatusManager: =======================START========================
04-18 21:36:14.147  2413  3378 I RokidStore_AppStatusManager:  get installed package: 
04-18 21:36:14.147  2413  3378 I RokidStore_AppStatusManager:         androidPackage: com.rokid.launcher
04-18 21:36:14.147  2413  3378 I RokidStore_AppStatusManager:           rokidPackage: com.rokid.system.launcher
04-18 21:36:14.147  2413  3378 I RokidStore_AppStatusManager:                   type: 1
04-18 21:36:14.147  2413  3378 I RokidStore_AppStatusManager:               isSystem: true
04-18 21:36:14.148  2413  3378 I RokidStore_AppStatusManager:                version: 1.0.0
04-18 21:36:14.148  2413  3378 I RokidStore_AppStatusManager: ========================END=========================
04-18 21:36:14.148  2413  3378 I RokidStore_AppStatusManager: package is not valid for RokidStore because: 
04-18 21:36:14.148  2413  3378 I RokidStore_AppStatusManager: -------------- the package is system package;
04-18 21:36:14.148  2413  3378 I RokidStore_AppStatusManager: =======================START========================
04-18 21:36:14.148  2413  3378 I RokidStore_AppStatusManager:  get installed package: 
04-18 21:36:14.148  2413  3378 I RokidStore_AppStatusManager:         androidPackage: com.rokid.service
04-18 21:36:14.148  2413  3378 I RokidStore_AppStatusManager:           rokidPackage: com.rokid.system.powermanager
04-18 21:36:14.148  2413  3378 I RokidStore_AppStatusManager:                   type: 3
04-18 21:36:14.149  2413  3378 I RokidStore_AppStatusManager:               isSystem: true
04-18 21:36:14.149  2413  3378 I RokidStore_AppStatusManager:                version: 1.0.0
04-18 21:36:14.149  2413  3378 I RokidStore_AppStatusManager: ========================END=========================
04-18 21:36:14.149  2413  3378 I RokidStore_AppStatusManager: package is not valid for RokidStore because: 
04-18 21:36:14.149  2413  3378 I RokidStore_AppStatusManager: -------------- the package is system package;
04-18 21:36:14.149  2413  3378 I RokidStore_AppStatusManager: =======================START========================
04-18 21:36:14.149  2413  3378 I RokidStore_AppStatusManager:  get installed package: 
04-18 21:36:14.150  2413  3378 I RokidStore_AppStatusManager:         androidPackage: com.rokid.childstory
04-18 21:36:14.150  2413  3378 I RokidStore_AppStatusManager:           rokidPackage: com.rokid.childstory
04-18 21:36:14.150  2413  3378 I RokidStore_AppStatusManager:                   type: 1
04-18 21:36:14.150  2413  3378 I RokidStore_AppStatusManager:               isSystem: false
04-18 21:36:14.150  2413  3378 I RokidStore_AppStatusManager:                version: 0.5.9
04-18 21:36:14.150  2413  3378 I RokidStore_AppStatusManager: ========================END=========================
04-18 21:36:14.150  2413  3378 I RokidStore_AppStatusManager: request to getPackageIdByDomain: com.rokid.childstory
04-18 21:36:14.151  2413  3378 I RokidStore_AppStatusManager: get package_id: d162cc342fdc48438e198e43c35293ae by domain: com.rokid.childstory
04-18 21:36:14.151  2413  3378 I RokidStore_AppStatusManager: request to getAppIdByDomain: com.rokid.childstory
04-18 21:36:14.151  2413  3378 I RokidStore_AppStatusManager: get app_id: 196 by domain: com.rokid.childstory
04-18 21:36:14.151  2413  3378 I RokidStore_AppStatusManager: =======================START========================
04-18 21:36:14.151  2413  3378 I RokidStore_AppStatusManager:  get installed package: 
04-18 21:36:14.152  2413  3378 I RokidStore_AppStatusManager:         androidPackage: com.rokid.rkfirstguide
04-18 21:36:14.152  2413  3378 I RokidStore_AppStatusManager:           rokidPackage: com.rokid.system.functionguide
04-18 21:36:14.152  2413  3378 I RokidStore_AppStatusManager:                   type: 2
04-18 21:36:14.152  2413  3378 I RokidStore_AppStatusManager:               isSystem: false
04-18 21:36:14.152  2413  3378 I RokidStore_AppStatusManager:                version: 1.0.0
04-18 21:36:14.152  2413  3378 I RokidStore_AppStatusManager: ========================END=========================
04-18 21:36:14.152  2413  3378 I RokidStore_AppStatusManager: request to getPackageIdByDomain: com.rokid.system.functionguide
04-18 21:36:14.153  2413  3378 I RokidStore_AppStatusManager: get package_id:  by domain: com.rokid.system.functionguide
04-18 21:36:14.153  2413  3378 I RokidStore_AppStatusManager: no package_id found for package: com.rokid.system.functionguide, should update, treat as not installed for the first time
04-18 21:36:14.153  2413  3378 I RokidStore_AppStatusManager: =======================START========================
04-18 21:36:14.153  2413  3378 I RokidStore_AppStatusManager:  get installed package: 
04-18 21:36:14.153  2413  3378 I RokidStore_AppStatusManager:         androidPackage: rokid.rkengine
04-18 21:36:14.153  2413  3378 I RokidStore_AppStatusManager:           rokidPackage: rc.service.rokid.com
04-18 21:36:14.153  2413  3378 I RokidStore_AppStatusManager:                   type: 1
04-18 21:36:14.154  2413  3378 I RokidStore_AppStatusManager:               isSystem: true
04-18 21:36:14.154  2413  3378 I RokidStore_AppStatusManager:                version: 1.0.0
04-18 21:36:14.154  2413  3378 I RokidStore_AppStatusManager: ========================END=========================
04-18 21:36:14.154  2413  3378 I RokidStore_AppStatusManager: package is not valid for RokidStore because: 
04-18 21:36:14.154  2413  3378 I RokidStore_AppStatusManager: -------------- the package is system package;
04-18 21:36:14.154  2413  3378 I RokidStore_AppStatusManager: =======================START========================
04-18 21:36:14.154  2413  3378 I RokidStore_AppStatusManager:  get installed package: 
04-18 21:36:14.154  2413  3378 I RokidStore_AppStatusManager:         androidPackage: com.rokid.runtime
04-18 21:36:14.154  2413  3378 I RokidStore_AppStatusManager:           rokidPackage: com.rokid.system.executer
04-18 21:36:14.155  2413  3378 I RokidStore_AppStatusManager:                   type: 3
04-18 21:36:14.155  2413  3378 I RokidStore_AppStatusManager:               isSystem: true
04-18 21:36:14.155  2413  3378 I RokidStore_AppStatusManager:                version: 1.0.0
04-18 21:36:14.155  2413  3378 I RokidStore_AppStatusManager: ========================END=========================
04-18 21:36:14.155  2413  3378 I RokidStore_AppStatusManager: package is not valid for RokidStore because: 
04-18 21:36:14.155  2413  3378 I RokidStore_AppStatusManager: -------------- the package is system package;
04-18 21:36:14.155  2413  3378 I RokidStore_AppStatusManager: =======================START========================
04-18 21:36:14.155  2413  3378 I RokidStore_AppStatusManager:  get installed package: 
04-18 21:36:14.155  2413  3378 I RokidStore_AppStatusManager:         androidPackage: com.rokid.server.rkupdate
04-18 21:36:14.156  2413  3378 I RokidStore_AppStatusManager:           rokidPackage: com.rokid.system.update
04-18 21:36:14.156  2413  3378 I RokidStore_AppStatusManager:                   type: 2
04-18 21:36:14.156  2413  3378 I RokidStore_AppStatusManager:               isSystem: true
04-18 21:36:14.156  2413  3378 I RokidStore_AppStatusManager:                version: 1.0.0
04-18 21:36:14.156  2413  3378 I RokidStore_AppStatusManager: ========================END=========================
04-18 21:36:14.156  2413  3378 I RokidStore_AppStatusManager: package is not valid for RokidStore because: 
04-18 21:36:14.156  2413  3378 I RokidStore_AppStatusManager: -------------- the package is system package;
04-18 21:36:14.156  2413  3378 I RokidStore_AppStatusManager: =======================START========================
04-18 21:36:14.157  2413  3378 I RokidStore_AppStatusManager:  get installed package: 
04-18 21:36:14.157  2413  3378 I RokidStore_AppStatusManager:         androidPackage: com.rokid.service.rkbatterymanager
04-18 21:36:14.157  2413  3378 I RokidStore_AppStatusManager:           rokidPackage: com.rokid.system.power
04-18 21:36:14.157  2413  3378 I RokidStore_AppStatusManager:                   type: 3
04-18 21:36:14.157  2413  3378 I RokidStore_AppStatusManager:               isSystem: true
04-18 21:36:14.157  2413  3378 I RokidStore_AppStatusManager:                version: 1.0.0
04-18 21:36:14.157  2413  3378 I RokidStore_AppStatusManager: ========================END=========================
04-18 21:36:14.158  2413  3378 I RokidStore_AppStatusManager: package is not valid for RokidStore because: 
04-18 21:36:14.158  2413  3378 I RokidStore_AppStatusManager: -------------- the package is system package;
04-18 21:36:14.158  2413  3378 I RokidStore_AppStatusManager: =======================START========================
04-18 21:36:14.158  2413  3378 I RokidStore_AppStatusManager:  get installed package: 
04-18 21:36:14.158  2413  3378 I RokidStore_AppStatusManager:         androidPackage: com.rokid.volume
04-18 21:36:14.158  2413  3378 I RokidStore_AppStatusManager:           rokidPackage: com.rokid.system.volume
04-18 21:36:14.158  2413  3378 I RokidStore_AppStatusManager:                   type: 3
04-18 21:36:14.158  2413  3378 I RokidStore_AppStatusManager:               isSystem: true
04-18 21:36:14.159  2413  3378 I RokidStore_AppStatusManager:                version: 1.0.0
04-18 21:36:14.159  2413  3378 I RokidStore_AppStatusManager: ========================END=========================
04-18 21:36:14.159  2413  3378 I RokidStore_AppStatusManager: package is not valid for RokidStore because: 
04-18 21:36:14.160  2413  3378 I RokidStore_AppStatusManager: -------------- the package is system package;
04-18 21:36:14.160  2413  3378 I RokidStore_AppStatusManager: =======================START========================
04-18 21:36:14.160  2413  3378 I RokidStore_AppStatusManager:  get installed package: 
04-18 21:36:14.160  2413  3378 I RokidStore_AppStatusManager:         androidPackage: com.rokid.systemui
04-18 21:36:14.160  2413  3378 I RokidStore_AppStatusManager:           rokidPackage: com.rokid.system.chgactivation
04-18 21:36:14.160  2413  3378 I RokidStore_AppStatusManager:                   type: 3
04-18 21:36:14.160  2413  3378 I RokidStore_AppStatusManager:               isSystem: true
04-18 21:36:14.160  2413  3378 I RokidStore_AppStatusManager:                version: 1.0.0
04-18 21:36:14.160  2413  3378 I RokidStore_AppStatusManager: ========================END=========================
04-18 21:36:14.160  2413  3378 I RokidStore_AppStatusManager: package is not valid for RokidStore because: 
04-18 21:36:14.160  2413  3378 I RokidStore_AppStatusManager: -------------- the package is system package;
04-18 21:36:14.167  2413  3378 I RokidStore_AppSyncRunnable: store info string: {"installed_app_list":[{"action":0,"app_id":"209","domain":"com.rokid.time1","package_id":"42fd312bbad24998a9fb56100cd7cb6e"},{"action":0,"app_id":"195","domain":"com.rokid.calendar1","package_id":"75bfea3f44714736970a3effff606bff"},{"action":0,"app_id":"196","domain":"com.rokid.childstory","package_id":"d162cc342fdc48438e198e43c35293ae"}],"os_version":"2.1.6-20170418.171641"}
04-18 21:36:14.169  2390  2446 I RKLoginManager: get current sessionId: ONLINE:ROKI:0488114C51A44767B8054094FA1D8E3F
04-18 21:36:14.169  2413  3378 I RokidStore_AppSyncRunnable: setSessionId: ONLINE:ROKI:0488114C51A44767B8054094FA1D8E3F
04-18 21:36:14.266  2413  3378 I RokidStore_AppSyncRunnable: rapi call to request: {"builder":{"apiName_":"com.rokid.server.service.app-manager.checkAPPUpdateAndSyncInstalledAPPs","apiVer_":"2.0","bitField0_":226,"extra_":"","identity_":"roki","param_":[{"bitField0_":6400,"boolParam_":false,"byteParam_":0,"bytearrayParam_":{"bytes":[],"hash":0},"charParam_":0,"doubleParam_":0.0,"floatParam_":0.0,"intParam_":0,"longParam_":0,"memoizedIsInitialized":1,"memoizedSerializedSize":-1,"name_":"paramJSON","pojoParam_":"","shortParam_":0,"stringParam_":"{\"installed_app_list\":[{\"action\":0,\"app_id\":\"209\",\"domain\":\"com.rokid.time1\",\"package_id\":\"42fd312bbad24998a9fb56100cd7cb6e\"},{\"action\":0,\"app_id\":\"195\",\"domain\":\"com.rokid.calendar1\",\"package_id\":\"75bfea3f44714736970a3effff606bff\"},{\"action\":0,\"app_id\":\"196\",\"domain\":\"com.rokid.childstory\",\"package_id\":\"d162cc342fdc48438e198e43c35293ae\"}],\"os_version\":\"2.1.6-20170418.171641\"}","type_":"type_string","unknownFields":{"fields":{}},"memoizedSize":-1,"memoizedHashCode":0}],"pversion_":"","sessionId_":"ONLINE:ROKI:0488114C51A44767B8054094FA1D8E3F","sign_":"","timestamp_":"","isClean":false,"unknownFields":{"fields":{}}}}
04-18 21:36:14.266  2413  3378 I RKConnectionHelper: get resolved host by RAPI
04-18 21:36:14.266  2413  3378 I RKConnectionHelper: request to generate rapi host
04-18 21:36:14.267  2413  3378 I RKConnectionHelper: Rokid is in PRO mode!
04-18 21:36:14.267  2413  3378 D HttpDNS : [getIpByHost] - fetch result from cache, host: rapi.service.rokid.com
04-18 21:36:14.267  2413  3378 I RKConnectionHelper: resolve host for: rapi.service.rokid.com successfully
04-18 21:36:14.267  2413  3378 I RKConnectionHelper: resolved host for rapi: 120.55.199.6
04-18 21:36:14.267  2413  3378 I RKConnectionManager: get account host resolved: true, host resolved: 120.55.199.6, origin host: rapi.service.rokid.com
04-18 21:36:14.267  2413  3378 I RKConnectionManager: RAPI Service URL: https://120.55.199.6/rapi.do
04-18 21:36:14.267  2413  3378 D RKConnectionManager: start rapi request in Thread: 75
04-18 21:36:14.267  2413  3378 D RKConnectionManager: called from PID: 2413
04-18 21:36:14.267  2413  3378 D RKConnectionManager: start new rapi service request task...host: https://120.55.199.6/rapi.do
04-18 21:36:14.268  2413  7842 D RKConnectionManager: rapi request doInBackground start
04-18 21:36:14.268  2413  7842 D RKConnectionManager: rapi request for com.rokid.server.service.app-manager.checkAPPUpdateAndSyncInstalledAPPs v2.0 doInBackground ready
04-18 21:36:14.269  2390  2485 I RKLoginManager: get current sessionId: ONLINE:ROKI:0488114C51A44767B8054094FA1D8E3F
04-18 21:36:14.269  2413  7842 I RKConnectionManager: get current session id when start to do rapi request: ONLINE:ROKI:0488114C51A44767B8054094FA1D8E3F
04-18 21:36:14.269  2413  7842 I RKConnectionManager: rapi call session id replaced by current session id
04-18 21:36:14.270  2413  7842 W System  : ClassLoader referenced unknown path: /system/framework/tcmclient.jar
04-18 21:36:14.271  2413  7842 I RKConnectionManager: current x_request_datetime: 2017-04-18T21:36:14.271+0800;1492522574271
04-18 21:36:14.271  2413  7842 D RKConnectionManager: rapi protobuff created....
04-18 21:36:14.271  2413  7842 D RKConnectionManager: rapi set http post entity....
04-18 21:36:14.416  2413  7842 D RKConnectionManager: rapi response get entity....
04-18 21:36:14.416  2413  7842 D RKConnectionManager: rapi HttpEntity is streaming....
04-18 21:36:14.417  2413  7842 D RKConnectionManager: responseData: "�&J�&[{"action":1,"app_id":"205","domain":"com.rokid.music1","md5sum":"829f47f64fe1acb841837cccf48052e5","package_id":"f522222ea303492695f0593c3c0fb9ca","package_url":"https://dev-rokid.oss-cn-qingdao.aliyuncs.com/com.rokid.music1/829f47f64fe1acb841837cccf48052e5"},{"action":1,"app_id":"208","domain":"com.rokid.talkshow","md5sum":"71752af019b4bec9caa2d4ae051f72ee","package_id":"1f56adfe1edb44dd8b8529bf94e7d30c","package_url":"https://dev-rokid.oss-cn-qingdao.aliyuncs.com/com.rokid.talkshow/71752af019b4bec9caa2d4ae051f72ee"},{"action":1,"app_id":"211","domain":"com.rokid.translate","md5sum":"aaaff8f87446ab5d3cc77523f1218ab8","package_id":"032c4805d48a49ee9af0473ff0e927fb","package_url":"https://dev-rokid.oss-cn-qingdao.aliyuncs.com/com.rokid.translate/aaaff8f87446ab5d3cc77523f1218ab8"},{"action":1,"app_id":"216","domain":"com.rokid.app.timer","md5sum":"ee09bebf14d68612997cfa202f39e87d","package_id":"1aebb52dfd4d4362b7d33b72a458811c","package_url":"https://dev-rokid.oss-cn-qingdao.aliyuncs.com/com.rokid.app.timer/ee09bebf14d68612997cfa202f39e87d"},{"action":1,"app_id":"23c70b4909e142bc85408d217617a7a4","domain":"com.rokid.life","md5sum":"809e6b916cc056ce90662e79c20a7828","package_id":"3ab2350cea584173bda6d7425c652408","package_url":"https://dev-rokid.oss-cn-qingdao.aliyuncs.com/com.rokid.life/809e6b916cc056ce90662e79c20a7828"},{"action":1,"app_id":"309","domain":"com.rokid.weather1","md5sum":"c2c3ee310b93553f1d4e1d805877c917","package_id":"0ca738b56bcb49b381a7002f313bf5c0","package_url":"https://dev-rokid.oss-cn-qingdao.aliyuncs.com/com.rokid.weather1/c2c3ee310b93553f1d4e1d805877c917"},{"action":1,"app_id":"326","domain":"com.rokid.fm","md5sum":"c5ea4db0669c79a4aeae21ce7cb72b8f","package_id":"a31cb6f99fc645869735b984d53a3713","package_url":"https://dev-rokid.oss-cn-qingdao.aliyuncs.com/com.rokid.fm/c5ea4db0669c79a4aeae21ce7cb72b8f"},{"action":1,"app_id":"3e9fec8dd9e545929ebbba719037986f","domain":"com.rokid.app.ce9fec8dd9e545929ebbba719037986f","md5sum":"d6faf19e0950fa8425475bf174ca0160","package_id":"72e47acd30e04965bbf39b3fbd7c47e2","package_url":"https://dev-rokid.oss-cn-qingdao.aliyuncs.com/com.rokid.app.ce9fec8dd9e545929ebbba719037986f/d6faf19e0950fa8425475bf174ca0160"},{"action":1,"app_id":"7f8000e50ce743628228d6f763e99a91","domain":"com.rokid.system.cloudappclient","md5sum":"8d2bdb6c998876ba770798f32b72aea2","package_id":"29e0f89ae91e45fcafedeec401552b73","package_url":"https://dev-rokid.oss-cn-qingdao.aliyuncs.com/com.rokid.system.cloudappclient/8d2bdb6c998876ba770798f32b72aea2"},{"action":1,"app_id":"894cfc29934e4a4e8c8417cf4d7d9fcf","domain":"com.rokid.historicalreading","md5sum":"3cb691c1c9dfb9e4755cc1a255d29f9f","package_id":"926508328fc243b39e388e903cfb439b","package_url":"https://dev-rokid.oss-cn-qingdao.aliyuncs.com/com.rokid.historicalreading/3cb691c1c9dfb9e4755cc1a255d29f9f"},{"action":1,"app_id":"a7f0dcd9a1ae4b48a0702d4e5505d645","domain":"com.rokid.soundbook","md5sum":"356ffebab58271e8bbb388e2637bcfbe","package_id":"860195b8f059444cbc6be836e9999da7","package_url":"https://dev-rokid.oss-cn-qingdao.aliyuncs.com/com.rokid.soundbook/356ffebab58271e8bbb388e2637bcfbe"},{"action":1,"app_id":"aac8dde8ceda433fa5e0732baaaaee9c","domain":"com.rokid.openlecture","md5sum":"6c3ff505752afaf85588b8e2143c0f22","package_id":"d20c5606bf89421e9fd4bd15cb5a186b","package_url":"https://dev-rokid.oss-cn-qingdao.aliyuncs.com/com.rokid.openlecture/6c3ff505752afaf85588b8e2143c0f22"},{"action":1,"app_id":"c1a07f252e4147318f75aaced6ba56c1","domain":"com.rokid.crosstalk","md5sum":"39da6c7908aa4f7850a5b7a1297fdc24","package_id":"f0e63ddd0aca4328bf2150a90e272684","package_url":"https://dev-rokid.oss-cn-qingdao.aliyuncs.com/com.rokid.crosstalk/39da6c7908aa4f7850a5b7a1297fdc24"},{"action":1,"app_id":"f442dbea77e94ad7b2a0bd8b83894733","domain":"com.rokid.app.f442dbea77e94ad7b2a0bd8b83894733","md5sum":"d907d935ec9fbbd8a61af536a6896c4f","package_id":"e595fd8526cd4648981f72c47e6e69d0","package_url":"https://dev-rokid.oss-cn-qingdao.aliyuncs.com/com.rokid.app.f442dbea77e94ad7b2a0b
