--------- beginning of main
04-18 21:31:01.721 30361 30361 D AndroidRuntime: >>>>>> START com.android.internal.os.RuntimeInit uid 2000 <<<<<<
04-18 21:31:01.725 30361 30361 D AndroidRuntime: CheckJNI is OFF
04-18 21:31:01.770 30361 30361 D ICU     : No timezone override file found: /data/misc/zoneinfo/current/icu/icu_tzdata.dat
04-18 21:31:01.807  2106  2106 D wpa_supplicant: wlan0: Control interface command 'SIGNAL_POLL'
04-18 21:31:01.807 30361 30361 I Radio-JNI: register_android_hardware_Radio DONE
04-18 21:31:01.812 30361 30361 V RKStartup: register jni methods in real ...
04-18 21:31:01.820  2106  2106 D wpa_supplicant: CTRL-DEBUG: global_ctrl_sock-sendto: sock=11 sndbuf=163840 outq=0 send_len=49
04-18 21:31:01.828 30361 30361 D AndroidRuntime: Calling main entry com.android.commands.am.Am
--------- beginning of system
04-18 21:31:01.830  1444  2513 I ActivityManager: Force stopping rokid.rkengine appid=10062 user=0: from pid 30361
04-18 21:31:01.831  1444  2513 I ActivityManager: Killing 29576:rokid.rkengine/u0a62 (adj 0): stop rokid.rkengine
04-18 21:31:01.844  1444  2409 D GraphicsStats: Buffer count: 1
04-18 21:31:01.846  1444  2537 I WindowState: WIN DEATH: Window{d1e1198 u0 rokid.rkengine/MainActivity}
04-18 21:31:01.855  1444  1557 W WindowAnimator: Failed to dispatch window animation state change.
04-18 21:31:01.855  1444  1557 W WindowAnimator: android.os.DeadObjectException
04-18 21:31:01.855  1444  1557 W WindowAnimator: 	at android.os.BinderProxy.transactNative(Native Method)
04-18 21:31:01.855  1444  1557 W WindowAnimator: 	at android.os.BinderProxy.transact(Binder.java:503)
04-18 21:31:01.855  1444  1557 W WindowAnimator: 	at android.view.IWindow$Stub$Proxy.onAnimationStarted(IWindow.java:520)
04-18 21:31:01.855  1444  1557 W WindowAnimator: 	at com.android.server.wm.WindowAnimator.updateWindowsLocked(WindowAnimator.java:282)
04-18 21:31:01.855  1444  1557 W WindowAnimator: 	at com.android.server.wm.WindowAnimator.animateLocked(WindowAnimator.java:678)
04-18 21:31:01.855  1444  1557 W WindowAnimator: 	at com.android.server.wm.WindowAnimator.access$000(WindowAnimator.java:53)
04-18 21:31:01.855  1444  1557 W WindowAnimator: 	at com.android.server.wm.WindowAnimator$1.doFrame(WindowAnimator.java:123)
04-18 21:31:01.855  1444  1557 W WindowAnimator: 	at android.view.Choreographer$CallbackRecord.run(Choreographer.java:856)
04-18 21:31:01.855  1444  1557 W WindowAnimator: 	at android.view.Choreographer.doCallbacks(Choreographer.java:670)
04-18 21:31:01.855  1444  1557 W WindowAnimator: 	at android.view.Choreographer.doFrame(Choreographer.java:603)
04-18 21:31:01.855  1444  1557 W WindowAnimator: 	at android.view.Choreographer$FrameDisplayEventReceiver.run(Choreographer.java:844)
04-18 21:31:01.855  1444  1557 W WindowAnimator: 	at android.os.Handler.handleCallback(Handler.java:739)
04-18 21:31:01.855  1444  1557 W WindowAnimator: 	at android.os.Handler.dispatchMessage(Handler.java:95)
04-18 21:31:01.855  1444  1557 W WindowAnimator: 	at android.os.Looper.loop(Looper.java:148)
04-18 21:31:01.855  1444  1557 W WindowAnimator: 	at android.os.HandlerThread.run(HandlerThread.java:61)
04-18 21:31:01.855  1444  1557 W WindowAnimator: 	at com.android.server.ServiceThread.run(ServiceThread.java:46)
04-18 21:31:01.894  1444  2513 W ActivityManager: Force removing ActivityRecord{932367c u0 rokid.rkengine/.MainActivity t10}: app died, no saved state
04-18 21:31:01.900 30361 30361 D AndroidRuntime: Shutting down VM
04-18 21:31:01.900  1444  1505 W ActivityManager: Spurious death for ProcessRecord{d37f0b9 0:rokid.rkengine/u0a62}, curProc for 29576: null
04-18 21:31:01.911  2397  2397 D PortalActivity: onRestart
04-18 21:31:01.912  2397  2397 I Activity: activityInfo: ActivityInfo{7d46fb1 com.rokid.launcher.PortalActivity}
04-18 21:31:01.912  2397  2397 D PortalActivity: onStart
04-18 21:31:01.912  2397  2397 D PortalActivity: portal onStart with stat: STAT_EXEC
04-18 21:31:01.912  2397  2397 D PortalActivity: recv stat chg: STAT_EXEC -> STAT_EXEC
04-18 21:31:01.912  1444  1444 I RKAndroidBridge: activity com.rokid.launcher.PortalActivity for com.rokid.launcher report status onStart
04-18 21:31:01.912  2397  2397 E PortalActivity: stat is not changed ...
04-18 21:31:01.912  1444  1444 I RKIncubatorNative: process 1444 getService rkruntime, res = android.os.BinderProxy@8b4cff1
04-18 21:31:01.912  2397  2397 I Activity: activityInfo: ActivityInfo{7d46fb1 com.rokid.launcher.PortalActivity}
04-18 21:31:01.912  2397  2397 D PortalActivity: onResume
04-18 21:31:01.913  2636  2636 I RKRuntimeService: RKRuntimeService handleActivityStatusReport with packageName com.rokid.launcher compName com.rokid.launcher.PortalActivity
04-18 21:31:01.913  2636  2636 I RKRuntime: status changed: package name is com.rokid.launcher comp name is com.rokid.launcher.PortalActivity
04-18 21:31:01.913  1444  1444 I RKAndroidBridge: send native app state change notify
04-18 21:31:01.913  1444  1444 I RKAndroidBridge: activity com.rokid.launcher.PortalActivity for com.rokid.launcher report status onResume
04-18 21:31:01.913  1444  1444 I RKIncubatorNative: process 1444 getService rkruntime, res = android.os.BinderProxy@8b4cff1
04-18 21:31:01.913  2636  2666 I RKNativeAppClientService: recv event callback for app change
04-18 21:31:01.913  2636  2636 I RKNativeAppClientService: app state change with compName com.rokid.launcher.PortalActivity pkgName com.rokid.launcher
04-18 21:31:01.913  1444  1444 I RKAndroidBridge: send native app state change notify
04-18 21:31:01.914  2636  2636 E RKNativeAppClientService: target package appid is null
04-18 21:31:01.914  2636  2666 I RKNativeAppClientService: recv event callback for app change
04-18 21:31:01.914  2636  2636 I RKRuntimeService: RKRuntimeService handleActivityStatusReport with packageName com.rokid.launcher compName com.rokid.launcher.PortalActivity
04-18 21:31:01.914  2636  2636 I RKRuntime: status changed: package name is com.rokid.launcher comp name is com.rokid.launcher.PortalActivity
04-18 21:31:01.914  2636  2636 I RKRuntime: [ON_RESUME] current top is not same as new one. last one: packageName=rokid.rkengine, componentName=MainActivity current one: packageName=com.rokid.launcher, componentName=com.rokid.launcher.PortalActivity
04-18 21:31:01.914  2636  2636 I RKRuntimeService: ContextSwitch Back to Launcher...
04-18 21:31:01.914  2636  2636 I RKRuntimeService: back to launcher... current state is STATE_EXEC
04-18 21:31:01.914  1444  2409 I RKPowerManagerService: notifyPowerState EVENT_AWAKE
04-18 21:31:01.914  1444  1444 I RKPowerManagerService: current state is  =======a===STATE_EXE recv event EVENT_AWAKE
04-18 21:31:01.914  1444  1444 I RKPowerManagerService: accept event EVENT_AWAKE current state is STATE_EXE
04-18 21:31:01.915  1444  1444 I RKPowerManagerService: exit state sleep
04-18 21:31:01.915  1444  1444 I LegacySLManager: exit execution light
04-18 21:31:01.915  1444  1444 I RKPowerManagerService: reach state awake with event ===c===EVENT_AWAKE
04-18 21:31:01.915  1444  1444 E RKPowerManagerService: ====================false
04-18 21:31:01.915  1444  1444 W System.err: android.os.DeadObjectException
04-18 21:31:01.915  1444  1444 W System.err: 	at android.os.BinderProxy.transactNative(Native Method)
04-18 21:31:01.915  1444  1444 W System.err: 	at android.os.BinderProxy.transact(Binder.java:503)
04-18 21:31:01.915  1444  1444 W System.err: 	at com.rokid.server.power.LegacySiren.setSirenState(LegacySiren.java:79)
04-18 21:31:01.915  1444  1444 W System.err: 	at com.rokid.server.power.RKPowerManagerService.reachStateAwake(RKPowerManagerService.java:930)
04-18 21:31:01.915  1444  1444 W System.err: 	at com.rokid.server.power.RKPowerManagerService.handleStateEXE(RKPowerManagerService.java:1611)
04-18 21:31:01.915  1444  1444 W System.err: 	at com.rokid.server.power.RKPowerManagerService.notifyPowerStateLocked(RKPowerManagerService.java:674)
04-18 21:31:01.915  1444  1444 W System.err: 	at com.rokid.server.power.RKPowerManagerService.access$000(RKPowerManagerService.java:65)
04-18 21:31:01.915  1444  1444 W System.err: 	at com.rokid.server.power.RKPowerManagerService$RKPowerManagerHandler.handleMessage(RKPowerManagerService.java:160)
04-18 21:31:01.915  1444  1444 W System.err: 	at android.os.Handler.dispatchMessage(Handler.java:102)
04-18 21:31:01.915  1444  1444 W System.err: 	at android.os.Looper.loop(Looper.java:148)
04-18 21:31:01.915  1444  1444 W System.err: 	at com.android.server.SystemServer.run(SystemServer.java:288)
04-18 21:31:01.915  1444  1444 W System.err: 	at com.android.server.SystemServer.main(SystemServer.java:173)
04-18 21:31:01.915  1444  1444 W System.err: 	at java.lang.reflect.Method.invoke(Native Method)
04-18 21:31:01.915  1444  1444 W System.err: 	at com.android.internal.os.ZygoteInit$MethodAndArgsCaller.run(ZygoteInit.java:730)
04-18 21:31:01.915  1444  1444 W System.err: 	at com.android.internal.os.ZygoteInit.main(ZygoteInit.java:620)
04-18 21:31:01.915  1444  1444 I LegacySLManager: light awake at 53.0 with flag 0
04-18 21:31:01.915  2474  2559 D RKLightStub: service impl recv: TC_SET_MIND in : 1444
04-18 21:31:01.916  1444  1444 I RKPowerManagerService: start launcher
04-18 21:31:01.917  1444  1444 I RKAndroidBridge: get top component with package name: com.rokid.launcher class(component) name: com.rokid.launcher.PortalActivity
04-18 21:31:01.918   407  1737 E AudioPolicyManagerCustom: getNewOutputDevice() selected device 4000
04-18 21:31:01.919  1444  1444 I RKPowerManagerService: reportStateChangedCompleted: callback list is empty
04-18 21:31:01.920  2330  2330 I RKEventReceiver: receive intent com.rokid.server.RKPowerManager.event.callback
04-18 21:31:01.920  2330  2330 D RKSystemUI.SoundLightPrompt: Event: POWER_STATE_CHANGE connect: true
04-18 21:31:01.945  1444  2462 W InputMethodManagerService: Got RemoteException sending setActive(false) notification to pid 29576 uid 10062
04-18 21:31:01.948  2474  2782 D LightService_MIND: degree: 53.0 --> index: 2
04-18 21:31:01.948  2474  2782 D LightService_MIND: EXEC -> AWAKE target: 2 preStat: INIT
04-18 21:31:01.948  2474  2782 D LightService_MIND: clear all action
04-18 21:31:01.948  2474  2782 D LightService_PEBBLEEXEC: EXEC -> AWAKE target: 2
04-18 21:31:01.958  2397  2397 D PortalActivity: recv msg: 100
04-18 21:31:01.958  2397  2397 D PortalActivity: recv stat chg: STAT_EXEC -> STATE_AWAKE
04-18 21:31:02.373  1444  1557 W WindowAnimator: Failed to dispatch window animation state change.
04-18 21:31:02.373  1444  1557 W WindowAnimator: android.os.DeadObjectException
04-18 21:31:02.373  1444  1557 W WindowAnimator: 	at android.os.BinderProxy.transactNative(Native Method)
04-18 21:31:02.373  1444  1557 W WindowAnimator: 	at android.os.BinderProxy.transact(Binder.java:503)
04-18 21:31:02.373  1444  1557 W WindowAnimator: 	at android.view.IWindow$Stub$Proxy.onAnimationStopped(IWindow.java:534)
04-18 21:31:02.373  1444  1557 W WindowAnimator: 	at com.android.server.wm.WindowAnimator.updateWindowsLocked(WindowAnimator.java:286)
04-18 21:31:02.373  1444  1557 W WindowAnimator: 	at com.android.server.wm.WindowAnimator.animateLocked(WindowAnimator.java:678)
04-18 21:31:02.373  1444  1557 W WindowAnimator: 	at com.android.server.wm.WindowAnimator.access$000(WindowAnimator.java:53)
04-18 21:31:02.373  1444  1557 W WindowAnimator: 	at com.android.server.wm.WindowAnimator$1.doFrame(WindowAnimator.java:123)
04-18 21:31:02.373  1444  1557 W WindowAnimator: 	at android.view.Choreographer$CallbackRecord.run(Choreographer.java:856)
04-18 21:31:02.373  1444  1557 W WindowAnimator: 	at android.view.Choreographer.doCallbacks(Choreographer.java:670)
04-18 21:31:02.373  1444  1557 W WindowAnimator: 	at android.view.Choreographer.doFrame(Choreographer.java:603)
04-18 21:31:02.373  1444  1557 W WindowAnimator: 	at android.view.Choreographer$FrameDisplayEventReceiver.run(Choreographer.java:844)
04-18 21:31:02.373  1444  1557 W WindowAnimator: 	at android.os.Handler.handleCallback(Handler.java:739)
04-18 21:31:02.373  1444  1557 W WindowAnimator: 	at android.os.Handler.dispatchMessage(Handler.java:95)
04-18 21:31:02.373  1444  1557 W WindowAnimator: 	at android.os.Looper.loop(Looper.java:148)
04-18 21:31:02.373  1444  1557 W WindowAnimator: 	at android.os.HandlerThread.run(HandlerThread.java:61)
04-18 21:31:02.373  1444  1557 W WindowAnimator: 	at com.android.server.ServiceThread.run(ServiceThread.java:46)
04-18 21:31:02.384   407  1737 E AudioPolicyManagerCustom: getNewOutputDevice() selected device 0
04-18 21:31:02.416  2636  2636 I RKNativeAppClientService: app state change with compName com.rokid.launcher.PortalActivity pkgName com.rokid.launcher
04-18 21:31:02.417  2636  2636 E RKNativeAppClientService: target package appid is null
04-18 21:31:02.417  2636  2636 I RKRuntimeService: resume launcher
04-18 21:31:02.417  2636  2636 I RKApplicationRecord: find component OwnerPackageName: com.rokid.launcher
04-18 21:31:02.417  2636  2636 I RKApplicationRecord: ignoreFromCDomain: false
04-18 21:31:02.417  2636  2636 I RKApplicationRecord: type: 1
04-18 21:31:02.417  2636  2636 I RKApplicationRecord: isSystem: true
04-18 21:31:02.417  2636  2636 I RKApplicationRecord: android:name: com.rokid.launcher.PortalActivity
04-18 21:31:02.417  2636  2636 I RKApplicationRecord: domain: com.rokid.system.launcher
04-18 21:31:02.417  2636  2636 I RKApplicationRecord:  for domain com.rokid.system.launcher
04-18 21:31:02.418  2636  2636 I RuntimeContextManager: don't affect cdomain since mComponent isSystem?true type = 1 ignoreFromCDomain = false
04-18 21:31:02.418  2636  2636 I ApplicationExecuter: goes for scene
04-18 21:31:02.418  2636  2636 I SceneCutExecuter: execute domain: com.rokid.system.launcher nlp: {"domain":"com.rokid.system.launcher","intent":"resume"} event: 1 activation: false
04-18 21:31:02.418  1444  1506 I ActivityManager: START u0 {flg=0x30004000 cmp=com.rokid.launcher/.PortalActivity (has extras)} from uid 10020 on display 0
04-18 21:31:02.508  2397  2397 D PortalActivity: onNewIntent in thread (main thread): 1
04-18 21:31:02.508  2397  2397 D PortalActivity: recv intent: resume
04-18 21:31:02.508  2397  2397 E PortalActivity: do nothing with intent: resume
04-18 21:31:02.786 30410 30410 D AndroidRuntime: >>>>>> START com.android.internal.os.RuntimeInit uid 2000 <<<<<<
04-18 21:31:02.791 30410 30410 D AndroidRuntime: CheckJNI is OFF
04-18 21:31:02.841 30410 30410 D ICU     : No timezone override file found: /data/misc/zoneinfo/current/icu/icu_tzdata.dat
04-18 21:31:02.878 30410 30410 I Radio-JNI: register_android_hardware_Radio DONE
04-18 21:31:02.883 30410 30410 V RKStartup: register jni methods in real ...
04-18 21:31:02.900 30410 30410 D AndroidRuntime: Calling main entry com.android.commands.pm.Pm
04-18 21:31:02.906 30410 30410 I art     : System.exit called, status: 0
04-18 21:31:02.906 30410 30410 I AndroidRuntime: VM exiting with result code 0.
04-18 21:31:04.326 30441 30441 D AndroidRuntime: >>>>>> START com.android.internal.os.RuntimeInit uid 2000 <<<<<<
04-18 21:31:04.330 30441 30441 D AndroidRuntime: CheckJNI is OFF
04-18 21:31:04.374 30441 30441 D ICU     : No timezone override file found: /data/misc/zoneinfo/current/icu/icu_tzdata.dat
04-18 21:31:04.390 30452 30452 D AndroidRuntime: >>>>>> START com.android.internal.os.RuntimeInit uid 2000 <<<<<<
04-18 21:31:04.402 30452 30452 D AndroidRuntime: CheckJNI is OFF
04-18 21:31:04.410 30441 30441 I Radio-JNI: register_android_hardware_Radio DONE
04-18 21:31:04.415 30441 30441 V RKStartup: register jni methods in real ...
04-18 21:31:04.433 30441 30441 D AndroidRuntime: Calling main entry com.android.commands.wm.Wm
04-18 21:31:04.435 30441 30441 D AndroidRuntime: Shutting down VM
04-18 21:31:04.453 30452 30452 D ICU     : No timezone override file found: /data/misc/zoneinfo/current/icu/icu_tzdata.dat
04-18 21:31:04.492 30452 30452 I Radio-JNI: register_android_hardware_Radio DONE
04-18 21:31:04.497 30452 30452 V RKStartup: register jni methods in real ...
04-18 21:31:04.515 30452 30452 D AndroidRuntime: Calling main entry com.android.commands.am.Am
04-18 21:31:04.517  1444  2567 I ActivityManager: Force stopping rokid.rkengine appid=10062 user=0: from pid 30452
04-18 21:31:04.519 30452 30452 D AndroidRuntime: Shutting down VM
04-18 21:31:04.824  2106  2106 D wpa_supplicant: wlan0: Control interface command 'SIGNAL_POLL'
04-18 21:31:04.838  2106  2106 D wpa_supplicant: CTRL-DEBUG: global_ctrl_sock-sendto: sock=11 sndbuf=163840 outq=0 send_len=49
04-18 21:31:05.410 30488 30488 D AndroidRuntime: >>>>>> START com.android.internal.os.RuntimeInit uid 2000 <<<<<<
04-18 21:31:05.414 30488 30488 D AndroidRuntime: CheckJNI is OFF
04-18 21:31:05.465 30488 30488 D ICU     : No timezone override file found: /data/misc/zoneinfo/current/icu/icu_tzdata.dat
04-18 21:31:05.470  2455  3081 I ChannelThread: ping server
04-18 21:31:05.497  2455  3433 D WSToPBHandler: channel read0
04-18 21:31:05.497  2455  3433 E WSToPBHandler: recv pong
04-18 21:31:05.503 30488 30488 I Radio-JNI: register_android_hardware_Radio DONE
04-18 21:31:05.508 30488 30488 V RKStartup: register jni methods in real ...
04-18 21:31:05.524 30488 30488 D AndroidRuntime: Calling main entry com.android.commands.am.Am
04-18 21:31:05.529  1444  2558 I ActivityManager: START u0 {act=android.intent.action.MAIN cat=[android.intent.category.LAUNCHER] flg=0x10000000 cmp=rokid.rkengine/.MainActivity} from uid 2000 on display 0
04-18 21:31:05.532  2397  2397 I Activity: activityInfo: ActivityInfo{7d46fb1 com.rokid.launcher.PortalActivity}
04-18 21:31:05.532  2397  2397 D PortalActivity: onPause
04-18 21:31:05.534  1444  1444 I RKAndroidBridge: activity com.rokid.launcher.PortalActivity for com.rokid.launcher report status onPause
04-18 21:31:05.534  1444  1444 I RKIncubatorNative: process 1444 getService rkruntime, res = android.os.BinderProxy@8b4cff1
04-18 21:31:05.535  2636  2636 I RKRuntimeService: RKRuntimeService handleActivityStatusReport with packageName com.rokid.launcher compName com.rokid.launcher.PortalActivity
04-18 21:31:05.535  2636  2636 I RKRuntime: status changed: package name is com.rokid.launcher comp name is com.rokid.launcher.PortalActivity
04-18 21:31:05.535  2636  2636 I RKRuntime: the same package as last one
04-18 21:31:05.535  1444  1444 I RKAndroidBridge: send native app state change notify
04-18 21:31:05.535  2636  2666 I RKNativeAppClientService: recv event callback for app change
04-18 21:31:05.535  2636  2636 I RKNativeAppClientService: app state change with compName com.rokid.launcher.PortalActivity pkgName com.rokid.launcher
04-18 21:31:05.536  2636  2636 E RKNativeAppClientService: target package appid is null
04-18 21:31:05.538 30488 30488 D AndroidRuntime: Shutting down VM
04-18 21:31:05.563  1444  1506 V BoostFramework: BoostFramework() : mPerf = com.qualcomm.qti.Performance@b213aba
04-18 21:31:05.563  1444  1506 I ActivityManager: Start proc 30507:rokid.rkengine/u0a62 for activity rokid.rkengine/.MainActivity
04-18 21:31:05.567 30507 30507 I art     : Late-enabling -Xcheck:jni
04-18 21:31:05.595 30507 30513 E art     : Failed sending reply to debugger: Broken pipe
04-18 21:31:05.595 30507 30513 I art     : Debugger is no longer active
04-18 21:31:05.605 30507 30507 E DX      : /data/app/rokid.rkengine-1/base.apk
04-18 21:31:05.650 30527 30527 E dex2oat : Failed to create oat file: /data/dalvik-cache/arm/system@rokid@netty-android.jar@classes.dex: Permission denied
04-18 21:31:05.651 30527 30527 I dex2oat : dex2oat took 1.111ms (threads: 4) 
04-18 21:31:05.655 30507 30507 W art     : Failed execv(/system/bin/dex2oat --runtime-arg -classpath --runtime-arg  --debuggable --instruction-set=arm --instruction-set-features=smp,div,atomic_ldrd_strd --runtime-arg -Xrelocate --boot-image=/system/framework/boot.art --runtime-arg -Xms64m --runtime-arg -Xmx512m --instruction-set-variant=krait --instruction-set-features=default --dex-file=/system/rokid/netty-android.jar --oat-file=/data/dalvik-cache/arm/system@rokid@netty-android.jar@classes.dex) because non-0 exit status
04-18 21:31:05.860 30532 30532 E dex2oat : Failed to create oat file: /data/dalvik-cache/arm/system@rokid@jctools-android.jar@classes.dex: Permission denied
04-18 21:31:05.860 30532 30532 I dex2oat : dex2oat took 654.792us (threads: 4) 
04-18 21:31:05.863 30507 30507 W art     : Failed execv(/system/bin/dex2oat --runtime-arg -classpath --runtime-arg  --debuggable --instruction-set=arm --instruction-set-features=smp,div,atomic_ldrd_strd --runtime-arg -Xrelocate --boot-image=/system/framework/boot.art --runtime-arg -Xms64m --runtime-arg -Xmx512m --instruction-set-variant=krait --instruction-set-features=default --dex-file=/system/rokid/jctools-android.jar --oat-file=/data/dalvik-cache/arm/system@rokid@jctools-android.jar@classes.dex) because non-0 exit status
04-18 21:31:05.869 30507 30507 W System  : ClassLoader referenced unknown path: /data/app/rokid.rkengine-1/lib/arm
04-18 21:31:05.876 30507 30507 I Activity: activityInfo: ActivityInfo{ab83258 MainActivity}
04-18 21:31:05.877  1444  1444 I RKAndroidBridge: activity MainActivity for rokid.rkengine report status onCreate
04-18 21:31:05.877  1444  1444 I RKIncubatorNative: process 1444 getService rkruntime, res = android.os.BinderProxy@8b4cff1
04-18 21:31:05.877  2636  2636 I RKRuntimeService: RKRuntimeService handleActivityStatusReport with packageName rokid.rkengine compName MainActivity
04-18 21:31:05.877  2636  2636 I RKRuntime: status changed: package name is rokid.rkengine comp name is MainActivity
04-18 21:31:05.877  1444  1444 I RKAndroidBridge: send native app state change notify
04-18 21:31:05.877  2636  2636 I RKRuntime: [ON_PAUSE/ON_CREATE] current top is not same as new one. last one: packageName=com.rokid.launcher, componentName=com.rokid.launcher.PortalActivity current one: packageName=rokid.rkengine, componentName=MainActivity
04-18 21:31:05.877  2636  2636 I RKRuntimeService: ContextSwitch Launcher is leaving...
04-18 21:31:05.877  2636  2660 I RKNativeAppClientService: recv event callback for app change
04-18 21:31:05.878  2636  2636 I RKRuntimeService: launcher is leaving... current state is STATE_AWAKE
04-18 21:31:05.878  1444  2567 I RKPowerManagerService: notifyPowerState EVENT_EXE
04-18 21:31:05.878  1444  1444 I RKPowerManagerService: current state is  =======a===STATE_AWAKE recv event EVENT_EXE
04-18 21:31:05.878  1444  1444 I RKPowerManagerService: accept event EVENT_EXE current======e===== state is STATE_AWAKE
04-18 21:31:05.878  1444  1444 I RKPowerManagerService: exit state awake
04-18 21:31:05.878  1444  1444 I RKPowerManagerService: reach state exe with event EVENT_EXE
04-18 21:31:05.878  2636  2636 I RKNativeAppClientService: app state change with compName MainActivity pkgName rokid.rkengine
04-18 21:31:05.878 30507 30507 I MainActivity: onCreate
04-18 21:31:05.878  1444  1444 W System.err: android.os.DeadObjectException
04-18 21:31:05.878  1444  1444 W System.err: 	at android.os.BinderProxy.transactNative(Native Method)
04-18 21:31:05.878  1444  1444 W System.err: 	at android.os.BinderProxy.transact(Binder.java:503)
04-18 21:31:05.878  1444  1444 W System.err: 	at com.rokid.server.power.LegacySiren.setSirenState(LegacySiren.java:79)
04-18 21:31:05.878  1444  1444 W System.err: 	at com.rokid.server.power.RKPowerManagerService.reachStateEXE(RKPowerManagerService.java:1560)
04-18 21:31:05.878  1444  1444 W System.err: 	at com.rokid.server.power.RKPowerManagerService.handleStateAwake(RKPowerManagerService.java:1028)
04-18 21:31:05.878  1444  1444 W System.err: 	at com.rokid.server.power.RKPowerManagerService.notifyPowerStateLocked(RKPowerManagerService.java:605)
04-18 21:31:05.878  1444  1444 W System.err: 	at com.rokid.server.power.RKPowerManagerService.access$000(RKPowerManagerService.java:65)
04-18 21:31:05.878  1444  1444 W System.err: 	at com.rokid.server.power.RKPowerManagerService$RKPowerManagerHandler.handleMessage(RKPowerManagerService.java:160)
04-18 21:31:05.878  1444  1444 W System.err: 	at android.os.Handler.dispatchMessage(Handler.java:102)
04-18 21:31:05.878  1444  1444 W System.err: 	at android.os.Looper.loop(Looper.java:148)
04-18 21:31:05.878  1444  1444 W System.err: 	at com.android.server.SystemServer.run(SystemServer.java:288)
04-18 21:31:05.878  1444  1444 W System.err: 	at com.android.server.SystemServer.main(SystemServer.java:173)
04-18 21:31:05.878  1444  1444 W System.err: 	at java.lang.reflect.Method.invoke(Native Method)
04-18 21:31:05.878  1444  1444 W System.err: 	at com.android.internal.os.ZygoteInit$MethodAndArgsCaller.run(ZygoteInit.java:730)
04-18 21:31:05.879  1444  1444 W System.err: 	at com.android.internal.os.ZygoteInit.main(ZygoteInit.java:620)
04-18 21:31:05.879  1444  1444 I LegacySLManager: execution light = sleep light
04-18 21:31:05.879  1444  1444 D LegacySLManager: light enter exec stat
04-18 21:31:05.879  2474  2547 D RKLightStub: service impl recv: TC_SET_MIND in : 1444
04-18 21:31:05.880  2636  2636 W System.err: android.os.DeadObjectException
04-18 21:31:05.880  2636  2636 W System.err: 	at android.os.BinderProxy.transactNative(Native Method)
04-18 21:31:05.880  2636  2636 W System.err: 	at android.os.BinderProxy.transact(Binder.java:503)
04-18 21:31:05.880  2636  2636 W System.err: 	at rokid.rkengine.IAppStateCallback$Stub$Proxy.onCreate(IAppStateCallback.java:230)
04-18 21:31:05.880  2636  2636 W System.err: 	at com.rokid.runtime.openvoice.RKNativeAppClientService.handleAppStateChange(RKNativeAppClientService.java:307)
04-18 21:31:05.881  2636  2636 W System.err: 	at com.rokid.runtime.openvoice.RKNativeAppClientService$RKNativeClientHandler.handleMessage(RKNativeAppClientService.java:102)
04-18 21:31:05.881  2636  2636 W System.err: 	at android.os.Handler.dispatchMessage(Handler.java:102)
04-18 21:31:05.881  2636  2636 W System.err: 	at android.os.Looper.loop(Looper.java:148)
04-18 21:31:05.881  2636  2636 W System.err: 	at android.app.ActivityThread.main(ActivityThread.java:5458)
04-18 21:31:05.881  2636  2636 W System.err: 	at java.lang.reflect.Method.invoke(Native Method)
04-18 21:31:05.881  2636  2636 W System.err: 	at com.android.internal.os.ZygoteInit$MethodAndArgsCaller.run(ZygoteInit.java:730)
04-18 21:31:05.881  2636  2636 W System.err: 	at com.android.internal.os.ZygoteInit.main(ZygoteInit.java:620)
04-18 21:31:05.881  1444  1444 E RKPowerManagerService: current state  =======d======  STATE_EXE   event  state EVENT_EXE
04-18 21:31:05.881  1444  1444 I RKPowerManagerService: reportStateChangedCompleted: callback list is empty
04-18 21:31:05.882  2330  2330 I RKEventReceiver: receive intent com.rokid.server.RKPowerManager.event.callback
04-18 21:31:05.882  2330  2330 D RKSystemUI.SoundLightPrompt: Event: POWER_STATE_CHANGE connect: true
04-18 21:31:05.882  2397  2397 D PortalActivity: recv msg: 100
04-18 21:31:05.882  2397  2397 D PortalActivity: recv stat chg: STATE_AWAKE -> STAT_EXEC
04-18 21:31:05.882  2397  2397 D PortalActivity: display: sleep1
04-18 21:31:05.882  2397  2397 D PortalActivity: stop tts ...
04-18 21:31:05.882  2352  2408 I tts.Native: stop with id: 0
04-18 21:31:05.887 30507 30507 D RKAppEngine - AppManagerImp.bindService(L:50): isBind RemoteService true
04-18 21:31:05.887 30507 30540 D RKAppEngine - ParserProxy.parseResponse(L:70): checkSpeechResponse: speech response{ "nlp": "{\"cloud\":true,\"confidence\":1,\"domain\":\"custom.skill.841f3558-f3d4-43f6-911a-6f80b62b352d\",\"intent\":\"sayhello\",\"pattern\":\"打个招呼\",\"posEnd\":4,\"posStart\":0,\"slots\":{},\"version\":\"custom.skill.841f3558-f3d4-43f6-911a-6f80b62b352d:0.0.0\"}", "asr": "若琪打个招呼", "action": "{\"response\":{\"action\":{\"shoudEndSession\":false,\"type\":\"NORMAL\",\"version\":\"2.0.0\",\"voice\":{\"behaviour\":\"REPLACE_ALL\",\"item\":{\"tts\":\"你好，我是Mini，很高兴见到大家\"},\"needEventCallback\":false}},\"appId\":\"CUT\",\"domain\":\"custom.skill.841f3558-f3d4-43f6-911a-6f80b62b352d\",\"resType\":\"INTENT\",\"respId\":\"C6C545CAE64E4C50896DF72CC32DB376\",\"shot\":\"CUT\"},\"startWithActiveWord\":true,\"version\":\"2.0.0\"}" }
04-18 21:31:05.887 30507 30507 I Activity: activityInfo: ActivityInfo{ab83258 MainActivity}
04-18 21:31:05.887 30507 30507 I Activity: activityInfo: ActivityInfo{ab83258 MainActivity}
04-18 21:31:05.888  1444  1444 I RKAndroidBridge: activity MainActivity for rokid.rkengine report status onStart
04-18 21:31:05.888  1444  1444 I RKIncubatorNative: process 1444 getService rkruntime, res = android.os.BinderProxy@8b4cff1
04-18 21:31:05.888  2636  2636 I RKRuntimeService: RKRuntimeService handleActivityStatusReport with packageName rokid.rkengine compName MainActivity
04-18 21:31:05.888  2636  2636 I RKRuntime: status changed: package name is rokid.rkengine comp name is MainActivity
04-18 21:31:05.888  2636  2636 I RKRuntime: the same package as last one
04-18 21:31:05.888  1444  1444 I RKAndroidBridge: send native app state change notify
04-18 21:31:05.888  1444  1444 I RKAndroidBridge: activity MainActivity for rokid.rkengine report status onResume
04-18 21:31:05.888  1444  1444 I RKIncubatorNative: process 1444 getService rkruntime, res = android.os.BinderProxy@8b4cff1
04-18 21:31:05.889  2636  2667 I RKNativeAppClientService: recv event callback for app change
04-18 21:31:05.889  2636  2636 I RKRuntimeService: RKRuntimeService handleActivityStatusReport with packageName rokid.rkengine compName MainActivity
04-18 21:31:05.889  2636  2636 I RKRuntime: status changed: package name is rokid.rkengine comp name is MainActivity
04-18 21:31:05.889  2636  2636 I RKRuntime: the same package as last one
04-18 21:31:05.890  1444  1444 I RKAndroidBridge: send native app state change notify
04-18 21:31:05.890  2636  2636 I RKNativeAppClientService: app state change with compName MainActivity pkgName rokid.rkengine
04-18 21:31:05.891  2636  2636 W System.err: android.os.DeadObjectException
04-18 21:31:05.891  2636  2636 W System.err: 	at android.os.BinderProxy.transactNative(Native Method)
04-18 21:31:05.891  2636  2636 W System.err: 	at android.os.BinderProxy.transact(Binder.java:503)
04-18 21:31:05.891  2636  2636 W System.err: 	at rokid.rkengine.IAppStateCallback$Stub$Proxy.onStart(IAppStateCallback.java:251)
04-18 21:31:05.891  2636  2636 W System.err: 	at com.rokid.runtime.openvoice.RKNativeAppClientService.handleAppStateChange(RKNativeAppClientService.java:310)
04-18 21:31:05.891  2636  2636 W System.err: 	at com.rokid.runtime.openvoice.RKNativeAppClientService$RKNativeClientHandler.handleMessage(RKNativeAppClientService.java:102)
04-18 21:31:05.891  2636  2636 W System.err: 	at android.os.Handler.dispatchMessage(Handler.java:102)
04-18 21:31:05.891  2636  2636 W System.err: 	at android.os.Looper.loop(Looper.java:148)
04-18 21:31:05.891  2636  2636 W System.err: 	at android.app.ActivityThread.main(ActivityThread.java:5458)
04-18 21:31:05.891  2636  2636 W System.err: 	at java.lang.reflect.Method.invoke(Native Method)
04-18 21:31:05.891  2636  2636 W System.err: 	at com.android.internal.os.ZygoteInit$MethodAndArgsCaller.run(ZygoteInit.java:730)
04-18 21:31:05.891  2636  2636 W System.err: 	at com.android.internal.os.ZygoteInit.main(ZygoteInit.java:620)
04-18 21:31:05.892  2636  2660 I RKNativeAppClientService: recv event callback for app change
04-18 21:31:05.892  2636  2636 I RKNativeAppClientService: app state change with compName MainActivity pkgName rokid.rkengine
04-18 21:31:05.893  2636  2636 W System.err: android.os.DeadObjectException
04-18 21:31:05.893  2636  2636 W System.err: 	at android.os.BinderProxy.transactNative(Native Method)
04-18 21:31:05.893  2636  2636 W System.err: 	at android.os.BinderProxy.transact(Binder.java:503)
04-18 21:31:05.893  2636  2636 W System.err: 	at rokid.rkengine.IAppStateCallback$Stub$Proxy.onResume(IAppStateCallback.java:293)
04-18 21:31:05.893  2636  2636 W System.err: 	at com.rokid.runtime.openvoice.RKNativeAppClientService.handleAppStateChange(RKNativeAppClientService.java:313)
04-18 21:31:05.893  2636  2636 W System.err: 	at com.rokid.runtime.openvoice.RKNativeAppClientService$RKNativeClientHandler.handleMessage(RKNativeAppClientService.java:102)
04-18 21:31:05.893  2636  2636 W System.err: 	at android.os.Handler.dispatchMessage(Handler.java:102)
04-18 21:31:05.893  2636  2636 W System.err: 	at android.os.Looper.loop(Looper.java:148)
04-18 21:31:05.893  2636  2636 W System.err: 	at android.app.ActivityThread.main(ActivityThread.java:5458)
04-18 21:31:05.893  2636  2636 W System.err: 	at java.lang.reflect.Method.invoke(Native Method)
04-18 21:31:05.893  2636  2636 W System.err: 	at com.android.internal.os.ZygoteInit$MethodAndArgsCaller.run(ZygoteInit.java:730)
04-18 21:31:05.893  2636  2636 W System.err: 	at com.android.internal.os.ZygoteInit.main(ZygoteInit.java:620)
04-18 21:31:05.907  2474  2782 D LightService_MIND: AWAKE -> EXEC preStat: INIT
04-18 21:31:05.907  2474  2782 D LightService_MIND: clear all action
04-18 21:31:05.907  2474  2782 D LightService_PEBBLEEXEC: AWAKE -> EXEC
04-18 21:31:05.907 30507 30541 D OpenGLRenderer: Use EGL_SWAP_BEHAVIOR_PRESERVED: true
04-18 21:31:05.911 30507 30507 D RKAppEngine - AppManagerImp$1.onServiceConnected(L:65): onServiceConnected 
04-18 21:31:05.912 30507 30507 D RKAppEngine - AppManagerImp.setAppStateCallBack(L:78): startApp callback == null ? false
04-18 21:31:05.912  2636  2666 I RKNativeAppClientProxy: setAppStateCallback
04-18 21:31:05.931 30507 30540 I RKAppEngine - ParserProxy.parseResponse(L:130): response string to start cloud app client: {"domain":"rc.service.rokid.com","intent":"test"}
04-18 21:31:05.931 30507 30540 D RKAppEngine - AppManagerImp.startApp(L:90): startApp appManagerProxy == null ? false
04-18 21:31:05.931  2636  2667 I RKNativeAppClientProxy: startApp
04-18 21:31:05.931  2636  2636 I RKNativeAppClientService: resume app rc.service.rokid.com
04-18 21:31:05.932  1444  2395 I ActivityManager: START u0 {flg=0x30004000 cmp=rokid.rkengine/.MainActivity (has extras)} from uid 10020 on display 0
04-18 21:31:05.942 30507 30541 I Adreno-EGL: <qeglDrvAPI_eglInitialize:379>: EGL 1.4 QUALCOMM build: Nondeterministic_AU_msm8974_LA.BF.1.1.3_RB1__release_AU (I741a3d36ca)
04-18 21:31:05.942 30507 30541 I Adreno-EGL: OpenGL ES Shader Compiler Version: E031.29.00.00
04-18 21:31:05.942 30507 30541 I Adreno-EGL: Build Date: 04/04/16 Mon
04-18 21:31:05.942 30507 30541 I Adreno-EGL: Local Branch: mybranch19053788
04-18 21:31:05.942 30507 30541 I Adreno-EGL: Remote Branch: quic/LA.BF.1.1.3_rb1.12
04-18 21:31:05.942 30507 30541 I Adreno-EGL: Local Patches: NONE
04-18 21:31:05.942 30507 30541 I Adreno-EGL: Reconstruct Branch: NOTHING
04-18 21:31:05.945 30507 30541 I OpenGLRenderer: Initialized EGL, version 1.4
04-18 21:31:05.987  1444  1557 I ActivityManager: Displayed rokid.rkengine/.MainActivity: +452ms
04-18 21:31:06.114  2397  2397 D PortalActivity: onSaveInstanceState
04-18 21:31:06.114  2397  2397 I Activity: activityInfo: ActivityInfo{7d46fb1 com.rokid.launcher.PortalActivity}
04-18 21:31:06.114  2397  2397 D PortalActivity: onStop
04-18 21:31:06.114  1444  1444 I RKAndroidBridge: activity com.rokid.launcher.PortalActivity for com.rokid.launcher report status onStop
04-18 21:31:06.114  1444  1444 I RKIncubatorNative: process 1444 getService rkruntime, res = android.os.BinderProxy@8b4cff1
04-18 21:31:06.115  2636  2636 I RKRuntimeService: RKRuntimeService handleActivityStatusReport with packageName com.rokid.launcher compName com.rokid.launcher.PortalActivity
04-18 21:31:06.115  2636  2636 I RKRuntime: status changed: package name is com.rokid.launcher comp name is com.rokid.launcher.PortalActivity
04-18 21:31:06.115  1444  1444 I RKAndroidBridge: send native app state change notify
04-18 21:31:06.115  2636  2666 I RKNativeAppClientService: recv event callback for app change
04-18 21:31:06.115  2636  2636 I RKNativeAppClientService: app state change with compName com.rokid.launcher.PortalActivity pkgName com.rokid.launcher
04-18 21:31:06.116  2636  2636 E RKNativeAppClientService: target package appid is null
04-18 21:31:07.840  2106  2106 D wpa_supplicant: wlan0: Control interface command 'SIGNAL_POLL'
04-18 21:31:07.854  2106  2106 D wpa_supplicant: CTRL-DEBUG: global_ctrl_sock-sendto: sock=11 sndbuf=163840 outq=0 send_len=49
04-18 21:31:10.504  2319  3235 I NetworkMonitor: start ping process
04-18 21:31:10.859  2106  2106 D wpa_supplicant: wlan0: Control interface command 'SIGNAL_POLL'
04-18 21:31:10.863  2106  2106 D wpa_supplicant: CTRL-DEBUG: global_ctrl_sock-sendto: sock=11 sndbuf=163840 outq=0 send_len=49
04-18 21:31:11.382  1444  3256 E GpsXtraDownloader: No XTRA servers were specified in the GPS configuration
04-18 21:31:12.318  2352  3078 D tts.WSThread: doPing
04-18 21:31:12.370  2352  3282 D tts.WSInHandler: channel read0
04-18 21:31:12.370  2352  3282 D tts.WSInHandler: recv pong
04-18 21:31:13.874  2106  2106 D wpa_supplicant: wlan0: Control interface command 'SIGNAL_POLL'
04-18 21:31:13.880  2106  2106 D wpa_supplicant: CTRL-DEBUG: global_ctrl_sock-sendto: sock=11 sndbuf=163840 outq=0 send_len=49
04-18 21:31:14.136  2413  3378 I chatty  : uid=10025(com.rokid.service.rokidstore) pool-2-thread-1 expire 152 lines
04-18 21:31:14.168  2390  3386 I RKLoginManager: get current sessionId: ONLINE:ROKI:3E7D97A55C204A25963433B20B961D67
04-18 21:31:14.281  2413 30810 I chatty  : uid=10025(com.rokid.service.rokidstore) pool-5-thread-3 expire 2 lines
04-18 21:31:14.282  2413 30811 I chatty  : uid=10025(com.rokid.service.rokidstore) AsyncTask #4 expire 12 lines
04-18 21:31:14.282  2390  2446 I RKLoginManager: get current sessionId: ONLINE:ROKI:3E7D97A55C204A25963433B20B961D67
04-18 21:31:14.471  2413 30814 I chatty  : uid=10025(com.rokid.service.rokidstore) expire 28 lines
04-18 21:31:14.640  2413  3379 I chatty  : uid=10025(com.rokid.service.rokidstore) pool-4-thread-1 expire 17 lines
04-18 21:31:14.751  2413 30814 I RokidStore_RokidStoreFileUtil: request to read file check sum for: /storage/emulated/0/rokid/packages/com.rokid.translate/com.rokid.translate.apk
04-18 21:31:14.752  2413 30814 I RokidStore_RokidStoreFileUtil: file from file path: /storage/emulated/0/rokid/packages/com.rokid.translate/com.rokid.translate.apk doesn't exist
04-18 21:31:14.752  2413 30814 I RokidStore_AppSynchronizer: package: com.rokid.translate is not exist or finished downloading. should add to download request
04-18 21:31:14.753  2413  3379 I RokidStore_DownloadEngine: request : com.rokid.talkshow is still in processing. Just add download observer
04-18 21:31:14.754  2413  3379 I RokidStore_DownloadStatusManager: get store download status: {"com.rokid.weather1":{"extra":{"action":1.0,"app_id":"309","domain":"com.rokid.weather1","md5sum":"8415435f1129b857b1b1be4fd42f7b2c","package_id":"cf41ac07e6454aab87d66d06197a5a52","package_url":"https://dev-rokid.oss-cn-qingdao.aliyuncs.com/com.rokid.weather1/8415435f1129b857b1b1be4fd42f7b2c"},"id":9,"token":"com.rokid.weather1","url":"https://dev-rokid.oss-cn-qingdao.aliyuncs.com/com.rokid.weather1/8415435f1129b857b1b1be4fd42f7b2c"},"com.rokid.crosstalk":{"extra":{"action":1.0,"app_id":"c1a07f252e4147318f75aaced6ba56c1","domain":"com.rokid.crosstalk","md5sum":"39da6c7908aa4f7850a5b7a1297fdc24","package_id":"f0e63ddd0aca4328bf2150a90e272684","package_url":"https://dev-rokid.oss-cn-qingdao.aliyuncs.com/com.rokid.crosstalk/39da6c7908aa4f7850a5b7a1297fdc24"},"id":16,"token":"com.rokid.crosstalk","url":"https://dev-rokid.oss-cn-qingdao.aliyuncs.com/com.rokid.crosstalk/39da6c7908aa4f7850a5b7a1297fdc24"},"com.rokid.life":{"extra":{"action":1.0,"app_id":"23c70b4909e142bc85408d217617a7a4","domain":"com.rokid.life","md5sum":"809e6b916cc056ce90662e79c20a7828","package_id":"3ab2350cea584173bda6d7425c652408","package_url":"https://dev-rokid.oss-cn-qingdao.aliyuncs.com/com.rokid.life/809e6b916cc056ce90662e79c20a7828"},"id":8,"token":"com.rokid.life","url":"https://dev-rokid.oss-cn-qingdao.aliyuncs.com/com.rokid.life/809e6b916cc056ce90662e79c20a7828"},"com.rokid.music1":{"extra":{"action":1.0,"app_id":"205","domain":"com.rokid.music1","md5sum":"829f47f64fe1acb841837cccf48052e5","package_id":"f522222ea303492695f0593c3c0fb9ca","package_url":"https://dev-rokid.oss-cn-qingdao.aliyuncs.com/com.rokid.music1/829f47f64fe1acb841837cccf48052e5"},"id":3,"token":"com.rokid.music1","url":"https://dev-rokid.oss-cn-qingdao.aliyuncs.com/com.rokid.music1/829f47f64fe1acb841837cccf48052e5"},"com.rokid.soundbook":{"extra":{"action":1.0,"app_id":"a7f0dcd9a1ae4b48a0702d4e5505d645","domain":"com.rokid.soundbook","md5sum":"356ffebab58271e8bbb388e2637bcfbe","package_id":"860195b8f059444cbc6be836e9999da7","package_url":"https://dev-rokid.oss-cn-qingdao.aliyuncs.com/com.rokid.soundbook/356ffebab58271e8bbb388e2637bcfbe"},"id":14,"token":"com.rokid.soundbook","url":"https://dev-rokid.oss-cn-qingdao.aliyuncs.com/com.rokid.soundbook/356ffebab58271e8bbb388e2637bcfbe"},"com.rokid.fm":{"extra":{"action":1.0,"app_id":"326","domain":"com.rokid.fm","md5sum":"fc0cf605115e0da03b8b852500448b4a","package_id":"fd6ca9f49dec4b77b0453d6856e6386f","package_url":"https://dev-rokid.oss-cn-qingdao.aliyuncs.com/com.rokid.fm/fc0cf605115e0da03b8b852500448b4a"},"id":10,"token":"com.rokid.fm","url":"https://dev-rokid.oss-cn-qingdao.aliyuncs.com/com.rokid.fm/fc0cf605115e0da03b8b852500448b4a"},"com.rokid.app.f442dbea77e94ad7b2a0bd8b83894733":{"extra":{"action":1.0,"app_id":"f442dbea77e94ad7b2a0bd8b83894733","domain":"com.rokid.app.f442dbea77e94ad7b2a0bd8b83894733","md5sum":"d907d935ec9fbbd8a61af536a6896c4f","package_id":"e595fd8526cd4648981f72c47e6e69d0","package_url":"https://dev-rokid.oss-cn-qingdao.aliyuncs.com/com.rokid.app.f442dbea77e94ad7b2a0bd8b83894733/d907d935ec9fbbd8a61af536a6896c4f"},"id":17,"token":"com.rokid.app.f442dbea77e94ad7b2a0bd8b83894733","url":"https://dev-rokid.oss-cn-qingdao.aliyuncs.com/com.rokid.app.f442dbea77e94ad7b2a0bd8b83894733/d907d935ec9fbbd8a61af536a6896c4f"},"com.rokid.openlecture":{"extra":{"action":1.0,"app_id":"aac8dde8ceda433fa5e0732baaaaee9c","domain":"com.rokid.openlecture","md5sum":"6c3ff505752afaf85588b8e2143c0f22","package_id":"d20c5606bf89421e9fd4bd15cb5a186b","package_url":"https://dev-rokid.oss-cn-qingdao.aliyuncs.com/com.rokid.openlecture/6c3ff505752afaf85588b8e2143c0f22"},"id":15,"token":"com.rokid.openlecture","url":"https://dev-rokid.oss-cn-qingdao.aliyuncs.com/com.rokid.openlecture/6c3ff505752afaf85588b8e2143c0f22"},"com.rokid.talkshow":{"extra":{"action":1.0,"app_id":"208","domain":"com.rokid.talkshow","md5sum":"71752af019b4bec9caa2d4ae051f72ee","package_id":"1f56adfe1edb44dd8b8529bf94e7d30c","package_url":"https://dev-rokid.oss-cn-qingdao.aliyuncs.com/com.
04-18 21:31:14.758  2413  3379 I RokidStore_DownloadEngine: download observer has already been added for download id: 4download observer cache size: 17
04-18 21:31:14.758  2413  3379 I RokidStore_DownloadRunnable: try to take top download request in queue
04-18 21:31:14.758  2413  3379 I RokidStore_DownloadQueue: is download queue available: true
04-18 21:31:14.791  2413 30814 I RokidStore_DownloadEngine: get total length for expected download file: 3790994 bytes
04-18 21:31:14.791  2413 30814 I RokidStore_RokidStoreFileUtil: read ota update package file path: /storage/emulated/0/rokid/packages/com.rokid.translate/com.rokid.translate.apk
04-18 21:31:14.793  2413 30814 I RokidStore_AppSynchronizer: -----------> generated new download request: {"extra":{"action":1,"app_id":"211","domain":"com.rokid.translate","md5sum":"aaaff8f87446ab5d3cc77523f1218ab8","package_id":"032c4805d48a49ee9af0473ff0e927fb","package_url":"https://dev-rokid.oss-cn-qingdao.aliyuncs.com/com.rokid.translate/aaaff8f87446ab5d3cc77523f1218ab8"},"id":0,"token":"com.rokid.translate","url":"https://dev-rokid.oss-cn-qingdao.aliyuncs.com/com.rokid.translate/aaaff8f87446ab5d3cc77523f1218ab8"}
04-18 21:31:14.793  2413 30814 I RokidStore_DownloadEngine: check request
04-18 21:31:14.793  2413 30814 I RokidStore_DownloadEngine: LEGAL DOWNLOAD REQUEST -> token: com.rokid.translate, url: https://dev-rokid.oss-cn-qingdao.aliyuncs.com/com.rokid.translate/aaaff8f87446ab5d3cc77523f1218ab8
04-18 21:31:14.793  2413 30814 I RokidStore_DownloadQueue: is download queue available: true
04-18 21:31:14.793  2413 30814 I RokidStore_DownloadQueue: given download request: com.rokid.translate has been enqueued
04-18 21:31:14.793  2413  3379 I RokidStore_DownloadQueue: download request has been dequeued: com.rokid.translate
04-18 21:31:14.793  2413  3379 I RokidStore_DownloadRunnable: top download request has been successfully taken
04-18 21:31:14.793  2413  3379 I RokidStore_DownloadRunnable: download request received. notify listener
04-18 21:31:14.793  2413  3379 I RokidStore_DownloadEngine: onReceivedDownloadRequest with request
04-18 21:31:14.793  2413  3379 I RokidStore_DownloadEngine: handle download request: com.rokid.translate
04-18 21:31:14.794  2413  3379 I RokidStore_DownloadStatusManager: get store download status: {"com.rokid.weather1":{"extra":{"action":1.0,"app_id":"309","domain":"com.rokid.weather1","md5sum":"8415435f1129b857b1b1be4fd42f7b2c","package_id":"cf41ac07e6454aab87d66d06197a5a52","package_url":"https://dev-rokid.oss-cn-qingdao.aliyuncs.com/com.rokid.weather1/8415435f1129b857b1b1be4fd42f7b2c"},"id":9,"token":"com.rokid.weather1","url":"https://dev-rokid.oss-cn-qingdao.aliyuncs.com/com.rokid.weather1/8415435f1129b857b1b1be4fd42f7b2c"},"com.rokid.crosstalk":{"extra":{"action":1.0,"app_id":"c1a07f252e4147318f75aaced6ba56c1","domain":"com.rokid.crosstalk","md5sum":"39da6c7908aa4f7850a5b7a1297fdc24","package_id":"f0e63ddd0aca4328bf2150a90e272684","package_url":"https://dev-rokid.oss-cn-qingdao.aliyuncs.com/com.rokid.crosstalk/39da6c7908aa4f7850a5b7a1297fdc24"},"id":16,"token":"com.rokid.crosstalk","url":"https://dev-rokid.oss-cn-qingdao.aliyuncs.com/com.rokid.crosstalk/39da6c7908aa4f7850a5b7a1297fdc24"},"com.rokid.life":{"extra":{"action":1.0,"app_id":"23c70b4909e142bc85408d217617a7a4","domain":"com.rokid.life","md5sum":"809e6b916cc056ce90662e79c20a7828","package_id":"3ab2350cea584173bda6d7425c652408","package_url":"https://dev-rokid.oss-cn-qingdao.aliyuncs.com/com.rokid.life/809e6b916cc056ce90662e79c20a7828"},"id":8,"token":"com.rokid.life","url":"https://dev-rokid.oss-cn-qingdao.aliyuncs.com/com.rokid.life/809e6b916cc056ce90662e79c20a7828"},"com.rokid.music1":{"extra":{"action":1.0,"app_id":"205","domain":"com.rokid.music1","md5sum":"829f47f64fe1acb841837cccf48052e5","package_id":"f522222ea303492695f0593c3c0fb9ca","package_url":"https://dev-rokid.oss-cn-qingdao.aliyuncs.com/com.rokid.music1/829f47f64fe1acb841837cccf48052e5"},"id":3,"token":"com.rokid.music1","url":"https://dev-rokid.oss-cn-qingdao.aliyuncs.com/com.rokid.music1/829f47f64fe1acb841837cccf48052e5"},"com.rokid.soundbook":{"extra":{"action":1.0,"app_id":"a7f0dcd9a1ae4b48a0702d4e5505d645","domain":"com.rokid.soundbook","md5sum":"356ffebab58271e8bbb388e2637bcfbe","package_id":"860195b8f059444cbc6be836e9999da7","package_url":"https://dev-rokid.oss-cn-qingdao.aliyuncs.com/com.rokid.soundbook/356ffebab58271e8bbb388e2637bcfbe"},"id":14,"token":"com.rokid.soundbook","url":"https://dev-rokid.oss-cn-qingdao.aliyuncs.com/com.rokid.soundbook/356ffebab58271e8bbb388e2637bcfbe"},"com.rokid.fm":{"extra":{"action":1.0,"app_id":"326","domain":"com.rokid.fm","md5sum":"fc0cf605115e0da03b8b852500448b4a","package_id":"fd6ca9f49dec4b77b0453d6856e6386f","package_url":"https://dev-rokid.oss-cn-qingdao.aliyuncs.com/com.rokid.fm/fc0cf605115e0da03b8b852500448b4a"},"id":10,"token":"com.rokid.fm","url":"https://dev-rokid.oss-cn-qingdao.aliyuncs.com/com.rokid.fm/fc0cf605115e0da03b8b852500448b4a"},"com.rokid.app.f442dbea77e94ad7b2a0bd8b83894733":{"extra":{"action":1.0,"app_id":"f442dbea77e94ad7b2a0bd8b83894733","domain":"com.rokid.app.f442dbea77e94ad7b2a0bd8b83894733","md5sum":"d907d935ec9fbbd8a61af536a6896c4f","package_id":"e595fd8526cd4648981f72c47e6e69d0","package_url":"https://dev-rokid.oss-cn-qingdao.aliyuncs.com/com.rokid.app.f442dbea77e94ad7b2a0bd8b83894733/d907d935ec9fbbd8a61af536a6896c4f"},"id":17,"token":"com.rokid.app.f442dbea77e94ad7b2a0bd8b83894733","url":"https://dev-rokid.oss-cn-qingdao.aliyuncs.com/com.rokid.app.f442dbea77e94ad7b2a0bd8b83894733/d907d935ec9fbbd8a61af536a6896c4f"},"com.rokid.openlecture":{"extra":{"action":1.0,"app_id":"aac8dde8ceda433fa5e0732baaaaee9c","domain":"com.rokid.openlecture","md5sum":"6c3ff505752afaf85588b8e2143c0f22","package_id":"d20c5606bf89421e9fd4bd15cb5a186b","package_url":"https://dev-rokid.oss-cn-qingdao.aliyuncs.com/com.rokid.openlecture/6c3ff505752afaf85588b8e2143c0f22"},"id":15,"token":"com.rokid.openlecture","url":"https://dev-rokid.oss-cn-qingdao.aliyuncs.com/com.rokid.openlecture/6c3ff505752afaf85588b8e2143c0f22"},"com.rokid.talkshow":{"extra":{"action":1.0,"app_id":"208","domain":"com.rokid.talkshow","md5sum":"71752af019b4bec9caa2d4ae051f72ee","package_id":"1f56adfe1edb44dd8b8529bf94e7d30c","package_url":"https://dev-rokid.oss-cn-qingdao.aliyuncs.com/com.
04-18 21:31:14.795  2413 30814 I RokidStore_DownloadEngine: new download request has been added: {"extra":{"action":1,"app_id":"211","domain":"com.rokid.translate","md5sum":"aaaff8f87446ab5d3cc77523f1218ab8","package_id":"032c4805d48a49ee9af0473ff0e927fb","package_url":"https://dev-rokid.oss-cn-qingdao.aliyuncs.com/com.rokid.translate/aaaff8f87446ab5d3cc77523f1218ab8"},"id":0,"token":"com.rokid.translate","url":"https://dev-rokid.oss-cn-qingdao.aliyuncs.com/com.rokid.translate/aaaff8f87446ab5d3cc77523f1218ab8"}
04-18 21:31:14.795  2413 30814 I RokidStore_AppSynchronizer: package action is INSTALL
04-18 21:31:14.797  2413 30814 I RokidStore_RokidStoreFileUtil: request to read file check sum for: /storage/emulated/0/rokid/packages/com.rokid.app.timer/com.rokid.app.timer.apk
04-18 21:31:14.798  2413 30814 I RokidStore_RokidStoreFileUtil: file from file path: /storage/emulated/0/rokid/packages/com.rokid.app.timer/com.rokid.app.timer.apk doesn't exist
