04-18 21:31:42.124  2106  2106 D wpa_supplicant: CTRL_IFACE monitor sent successfully to /data/misc/wifi/sockets/wpa_ctrl_1444-3\x00
04-18 21:31:42.124  2106  2106 D wpa_supplicant: wlan0: BSS: Remove id 79 BSSID 6c:b0:ce:11:e5:71 SSID 'Homebase-test' due to wpa_bss_flush_by_age
04-18 21:31:42.125  2106  2106 D wpa_supplicant: CTRL-DEBUG: ctrl_sock-sendmsg: sock=11 sndbuf=163840 outq=0 send_len=43
04-18 21:31:42.125  2106  2106 D wpa_supplicant: CTRL_IFACE monitor sent successfully to /data/misc/wifi/sockets/wpa_ctrl_504-2\x00
04-18 21:31:42.125  2106  2106 D wpa_supplicant: CTRL-DEBUG: ctrl_sock-sendmsg: sock=11 sndbuf=163840 outq=0 send_len=43
04-18 21:31:42.125  2106  2106 D wpa_supplicant: CTRL_IFACE monitor sent successfully to /data/misc/wifi/sockets/wpa_ctrl_1444-3\x00
04-18 21:31:42.125  2106  2106 D wpa_supplicant: wlan0: BSS: Remove id 80 BSSID f0:b4:29:e6:e4:8b SSID 'Test-Show' due to wpa_bss_flush_by_age
04-18 21:31:42.125  2106  2106 D wpa_supplicant: CTRL-DEBUG: ctrl_sock-sendmsg: sock=11 sndbuf=163840 outq=0 send_len=43
04-18 21:31:42.125  2106  2106 D wpa_supplicant: CTRL_IFACE monitor sent successfully to /data/misc/wifi/sockets/wpa_ctrl_504-2\x00
04-18 21:31:42.125  2106  2106 D wpa_supplicant: CTRL-DEBUG: ctrl_sock-sendmsg: sock=11 sndbuf=163840 outq=0 send_len=43
04-18 21:31:42.125  2106  2106 D wpa_supplicant: CTRL_IFACE monitor sent successfully to /data/misc/wifi/sockets/wpa_ctrl_1444-3\x00
04-18 21:31:42.125  2106  2106 D wpa_supplicant: wlan0: BSS: Remove id 81 BSSID b0:7d:47:63:d4:90 SSID 'ROKID-SHOW' due to wpa_bss_flush_by_age
04-18 21:31:42.125  2106  2106 D wpa_supplicant: CTRL-DEBUG: ctrl_sock-sendmsg: sock=11 sndbuf=163840 outq=0 send_len=43
04-18 21:31:42.126  2106  2106 D wpa_supplicant: CTRL_IFACE monitor sent successfully to /data/misc/wifi/sockets/wpa_ctrl_504-2\x00
04-18 21:31:42.126  2106  2106 D wpa_supplicant: CTRL-DEBUG: ctrl_sock-sendmsg: sock=11 sndbuf=163840 outq=0 send_len=43
04-18 21:31:42.126  2106  2106 D wpa_supplicant: CTRL_IFACE monitor sent successfully to /data/misc/wifi/sockets/wpa_ctrl_1444-3\x00
04-18 21:31:42.126  2106  2106 D wpa_supplicant: wlan0: BSS: Remove id 82 BSSID 14:1f:ba:7d:a7:98 SSID 'rokid-ali-2' due to wpa_bss_flush_by_age
04-18 21:31:42.126  2106  2106 D wpa_supplicant: CTRL-DEBUG: ctrl_sock-sendmsg: sock=11 sndbuf=163840 outq=0 send_len=43
04-18 21:31:42.126  2106  2106 D wpa_supplicant: CTRL_IFACE monitor sent successfully to /data/misc/wifi/sockets/wpa_ctrl_504-2\x00
04-18 21:31:42.126  2106  2106 D wpa_supplicant: CTRL-DEBUG: ctrl_sock-sendmsg: sock=11 sndbuf=163840 outq=0 send_len=43
04-18 21:31:42.126  2106  2106 D wpa_supplicant: CTRL_IFACE monitor sent successfully to /data/misc/wifi/sockets/wpa_ctrl_1444-3\x00
04-18 21:31:42.126  2106  2106 D wpa_supplicant: wlan0: BSS: Remove id 83 BSSID 1c:1c:fd:00:29:80 SSID 'ABOX-HOME-297F-5G' due to wpa_bss_flush_by_age
04-18 21:31:42.126  2106  2106 D wpa_supplicant: CTRL-DEBUG: ctrl_sock-sendmsg: sock=11 sndbuf=163840 outq=0 send_len=43
04-18 21:31:42.127  2106  2106 D wpa_supplicant: CTRL_IFACE monitor sent successfully to /data/misc/wifi/sockets/wpa_ctrl_504-2\x00
04-18 21:31:42.127  2106  2106 D wpa_supplicant: CTRL-DEBUG: ctrl_sock-sendmsg: sock=11 sndbuf=163840 outq=0 send_len=43
04-18 21:31:42.127  2106  2106 D wpa_supplicant: CTRL_IFACE monitor sent successfully to /data/misc/wifi/sockets/wpa_ctrl_1444-3\x00
04-18 21:31:42.127  2106  2106 D wpa_supplicant: wlan0: BSS: Remove id 84 BSSID f0:b4:29:e6:e4:8c SSID 'Test-Show_5G' due to wpa_bss_flush_by_age
04-18 21:31:42.127  2106  2106 D wpa_supplicant: CTRL-DEBUG: ctrl_sock-sendmsg: sock=11 sndbuf=163840 outq=0 send_len=43
04-18 21:31:42.127  2106  2106 D wpa_supplicant: CTRL_IFACE monitor sent successfully to /data/misc/wifi/sockets/wpa_ctrl_504-2\x00
04-18 21:31:42.127  2106  2106 D wpa_supplicant: CTRL-DEBUG: ctrl_sock-sendmsg: sock=11 sndbuf=163840 outq=0 send_len=43
04-18 21:31:42.127  2106  2106 D wpa_supplicant: CTRL_IFACE monitor sent successfully to /data/misc/wifi/sockets/wpa_ctrl_1444-3\x00
04-18 21:31:42.127  2106  2106 D wpa_supplicant: wlan0: BSS: Remove id 85 BSSID 6c:b0:ce:11:e3:32 SSID '' due to wpa_bss_flush_by_age
04-18 21:31:42.127  2106  2106 D wpa_supplicant: CTRL-DEBUG: ctrl_sock-sendmsg: sock=11 sndbuf=163840 outq=0 send_len=43
04-18 21:31:42.128  2106  2106 D wpa_supplicant: CTRL_IFACE monitor sent successfully to /data/misc/wifi/sockets/wpa_ctrl_504-2\x00
04-18 21:31:42.128  2106  2106 D wpa_supplicant: CTRL-DEBUG: ctrl_sock-sendmsg: sock=11 sndbuf=163840 outq=0 send_len=43
04-18 21:31:42.128  2106  2106 D wpa_supplicant: CTRL_IFACE monitor sent successfully to /data/misc/wifi/sockets/wpa_ctrl_1444-3\x00
04-18 21:31:42.128  2106  2106 D wpa_supplicant: wlan0: BSS: Remove id 86 BSSID 14:1f:ba:7d:a7:90 SSID 'Rokid-Ali' due to wpa_bss_flush_by_age
04-18 21:31:42.128  2106  2106 D wpa_supplicant: CTRL-DEBUG: ctrl_sock-sendmsg: sock=11 sndbuf=163840 outq=0 send_len=43
04-18 21:31:42.128  2106  2106 D wpa_supplicant: CTRL_IFACE monitor sent successfully to /data/misc/wifi/sockets/wpa_ctrl_504-2\x00
04-18 21:31:42.128  2106  2106 D wpa_supplicant: CTRL-DEBUG: ctrl_sock-sendmsg: sock=11 sndbuf=163840 outq=0 send_len=43
04-18 21:31:42.128  2106  2106 D wpa_supplicant: CTRL_IFACE monitor sent successfully to /data/misc/wifi/sockets/wpa_ctrl_1444-3\x00
04-18 21:31:42.128  2106  2106 D wpa_supplicant: wlan0: BSS: Remove id 87 BSSID 14:1f:ba:7d:a7:91 SSID 'rokid-ali-2' due to wpa_bss_flush_by_age
04-18 21:31:42.128  2106  2106 D wpa_supplicant: CTRL-DEBUG: ctrl_sock-sendmsg: sock=11 sndbuf=163840 outq=0 send_len=43
04-18 21:31:42.129  2106  2106 D wpa_supplicant: CTRL_IFACE monitor sent successfully to /data/misc/wifi/sockets/wpa_ctrl_504-2\x00
04-18 21:31:42.129  2106  2106 D wpa_supplicant: CTRL-DEBUG: ctrl_sock-sendmsg: sock=11 sndbuf=163840 outq=0 send_len=43
04-18 21:31:42.129  2106  2106 D wpa_supplicant: CTRL_IFACE monitor sent successfully to /data/misc/wifi/sockets/wpa_ctrl_1444-3\x00
04-18 21:31:42.129  2106  2106 D wpa_supplicant: wlan0: BSS: Remove id 88 BSSID b0:7d:47:61:d4:90 SSID 'ROKID-SHOW' due to wpa_bss_flush_by_age
04-18 21:31:42.129  2106  2106 D wpa_supplicant: CTRL-DEBUG: ctrl_sock-sendmsg: sock=11 sndbuf=163840 outq=0 send_len=43
04-18 21:31:42.129  2106  2106 D wpa_supplicant: CTRL_IFACE monitor sent successfully to /data/misc/wifi/sockets/wpa_ctrl_504-2\x00
04-18 21:31:42.129  2106  2106 D wpa_supplicant: CTRL-DEBUG: ctrl_sock-sendmsg: sock=11 sndbuf=163840 outq=0 send_len=43
04-18 21:31:42.129  2106  2106 D wpa_supplicant: CTRL_IFACE monitor sent successfully to /data/misc/wifi/sockets/wpa_ctrl_1444-3\x00
04-18 21:31:42.129  2106  2106 D wpa_supplicant: wlan0: BSS: Remove id 89 BSSID 18:8b:9d:91:53:71 SSID 'ROKID.GUEST' due to wpa_bss_flush_by_age
04-18 21:31:42.129  2106  2106 D wpa_supplicant: CTRL-DEBUG: ctrl_sock-sendmsg: sock=11 sndbuf=163840 outq=0 send_len=43
04-18 21:31:42.129  2106  2106 D wpa_supplicant: CTRL_IFACE monitor sent successfully to /data/misc/wifi/sockets/wpa_ctrl_504-2\x00
04-18 21:31:42.130  2106  2106 D wpa_supplicant: CTRL-DEBUG: ctrl_sock-sendmsg: sock=11 sndbuf=163840 outq=0 send_len=43
04-18 21:31:42.130  2106  2106 D wpa_supplicant: CTRL_IFACE monitor sent successfully to /data/misc/wifi/sockets/wpa_ctrl_1444-3\x00
04-18 21:31:42.130  2106  2106 D wpa_supplicant: wlan0: BSS: Remove id 90 BSSID 18:8b:9d:91:53:72 SSID 'ROKID.TEST' due to wpa_bss_flush_by_age
04-18 21:31:42.130  2106  2106 D wpa_supplicant: CTRL-DEBUG: ctrl_sock-sendmsg: sock=11 sndbuf=163840 outq=0 send_len=43
04-18 21:31:42.130  2106  2106 D wpa_supplicant: CTRL_IFACE monitor sent successfully to /data/misc/wifi/sockets/wpa_ctrl_504-2\x00
04-18 21:31:42.130  2106  2106 D wpa_supplicant: CTRL-DEBUG: ctrl_sock-sendmsg: sock=11 sndbuf=163840 outq=0 send_len=43
04-18 21:31:42.130  2106  2106 D wpa_supplicant: CTRL_IFACE monitor sent successfully to /data/misc/wifi/sockets/wpa_ctrl_1444-3\x00
04-18 21:31:42.130  2106  2106 D wpa_supplicant: wlan0: BSS: Remove id 91 BSSID a4:6c:2a:63:38:51 SSID 'ROKID.GUEST' due to wpa_bss_flush_by_age
04-18 21:31:42.130  2106  2106 D wpa_supplicant: CTRL-DEBUG: ctrl_sock-sendmsg: sock=11 sndbuf=163840 outq=0 send_len=43
04-18 21:31:42.130  2106  2106 D wpa_supplicant: CTRL_IFACE monitor sent successfully to /data/misc/wifi/sockets/wpa_ctrl_504-2\x00
04-18 21:31:42.130  2106  2106 D wpa_supplicant: CTRL-DEBUG: ctrl_sock-sendmsg: sock=11 sndbuf=163840 outq=0 send_len=43
04-18 21:31:42.131  2106  2106 D wpa_supplicant: CTRL_IFACE monitor sent successfully to /data/misc/wifi/sockets/wpa_ctrl_1444-3\x00
04-18 21:31:42.131  2106  2106 D wpa_supplicant: wlan0: BSS: Remove id 92 BSSID a4:6c:2a:63:38:50 SSID 'ROKID.TC' due to wpa_bss_flush_by_age
04-18 21:31:42.131  2106  2106 D wpa_supplicant: CTRL-DEBUG: ctrl_sock-sendmsg: sock=11 sndbuf=163840 outq=0 send_len=43
04-18 21:31:42.131  2106  2106 D wpa_supplicant: CTRL_IFACE monitor sent successfully to /data/misc/wifi/sockets/wpa_ctrl_504-2\x00
04-18 21:31:42.131  2106  2106 D wpa_supplicant: CTRL-DEBUG: ctrl_sock-sendmsg: sock=11 sndbuf=163840 outq=0 send_len=43
04-18 21:31:42.131  2106  2106 D wpa_supplicant: CTRL_IFACE monitor sent successfully to /data/misc/wifi/sockets/wpa_ctrl_1444-3\x00
04-18 21:31:42.131  2106  2106 D wpa_supplicant: wlan0: BSS: Remove id 93 BSSID a4:6c:2a:63:38:52 SSID 'ROKID.TEST' due to wpa_bss_flush_by_age
04-18 21:31:42.131  2106  2106 D wpa_supplicant: CTRL-DEBUG: ctrl_sock-sendmsg: sock=11 sndbuf=163840 outq=0 send_len=43
04-18 21:31:42.131  2106  2106 D wpa_supplicant: CTRL_IFACE monitor sent successfully to /data/misc/wifi/sockets/wpa_ctrl_504-2\x00
04-18 21:31:42.131  2106  2106 D wpa_supplicant: CTRL-DEBUG: ctrl_sock-sendmsg: sock=11 sndbuf=163840 outq=0 send_len=43
04-18 21:31:42.132  2106  2106 D wpa_supplicant: CTRL_IFACE monitor sent successfully to /data/misc/wifi/sockets/wpa_ctrl_1444-3\x00
04-18 21:31:42.132  2106  2106 D wpa_supplicant: wlan0: BSS: Remove id 94 BSSID 18:8b:9d:6a:fe:11 SSID 'ROKID.GUEST' due to wpa_bss_flush_by_age
04-18 21:31:42.132  2106  2106 D wpa_supplicant: CTRL-DEBUG: ctrl_sock-sendmsg: sock=11 sndbuf=163840 outq=0 send_len=43
04-18 21:31:42.132  2106  2106 D wpa_supplicant: CTRL_IFACE monitor sent successfully to /data/misc/wifi/sockets/wpa_ctrl_504-2\x00
04-18 21:31:42.132  2106  2106 D wpa_supplicant: CTRL-DEBUG: ctrl_sock-sendmsg: sock=11 sndbuf=163840 outq=0 send_len=43
04-18 21:31:42.132  2106  2106 D wpa_supplicant: CTRL_IFACE monitor sent successfully to /data/misc/wifi/sockets/wpa_ctrl_1444-3\x00
04-18 21:31:42.132  2106  2106 D wpa_supplicant: wlan0: BSS: Remove id 95 BSSID 18:8b:9d:6a:fe:12 SSID 'ROKID.TEST' due to wpa_bss_flush_by_age
04-18 21:31:42.132  2106  2106 D wpa_supplicant: CTRL-DEBUG: ctrl_sock-sendmsg: sock=11 sndbuf=163840 outq=0 send_len=43
04-18 21:31:42.132  2106  2106 D wpa_supplicant: CTRL_IFACE monitor sent successfully to /data/misc/wifi/sockets/wpa_ctrl_504-2\x00
04-18 21:31:42.132  2106  2106 D wpa_supplicant: CTRL-DEBUG: ctrl_sock-sendmsg: sock=11 sndbuf=163840 outq=0 send_len=43
04-18 21:31:42.133  2106  2106 D wpa_supplicant: CTRL_IFACE monitor sent successfully to /data/misc/wifi/sockets/wpa_ctrl_1444-3\x00
04-18 21:31:42.133  2106  2106 D wpa_supplicant: wlan0: BSS: Remove id 96 BSSID 18:8b:9d:6a:fe:10 SSID 'ROKID.TC' due to wpa_bss_flush_by_age
04-18 21:31:42.133  2106  2106 D wpa_supplicant: CTRL-DEBUG: ctrl_sock-sendmsg: sock=11 sndbuf=163840 outq=0 send_len=43
04-18 21:31:42.133  2106  2106 D wpa_supplicant: CTRL_IFACE monitor sent successfully to /data/misc/wifi/sockets/wpa_ctrl_504-2\x00
04-18 21:31:42.133  2106  2106 D wpa_supplicant: CTRL-DEBUG: ctrl_sock-sendmsg: sock=11 sndbuf=163840 outq=0 send_len=43
04-18 21:31:42.133  2106  2106 D wpa_supplicant: CTRL_IFACE monitor sent successfully to /data/misc/wifi/sockets/wpa_ctrl_1444-3\x00
04-18 21:31:42.133  2106  2106 D wpa_supplicant: wlan0: BSS: Remove id 97 BSSID 18:8b:9d:90:3b:00 SSID 'ROKID.TC' due to wpa_bss_flush_by_age
04-18 21:31:42.133  2106  2106 D wpa_supplicant: CTRL-DEBUG: ctrl_sock-sendmsg: sock=11 sndbuf=163840 outq=0 send_len=43
04-18 21:31:42.133  2106  2106 D wpa_supplicant: CTRL_IFACE monitor sent successfully to /data/misc/wifi/sockets/wpa_ctrl_504-2\x00
04-18 21:31:42.133  2106  2106 D wpa_supplicant: CTRL-DEBUG: ctrl_sock-sendmsg: sock=11 sndbuf=163840 outq=0 send_len=43
04-18 21:31:42.133  2106  2106 D wpa_supplicant: CTRL_IFACE monitor sent successfully to /data/misc/wifi/sockets/wpa_ctrl_1444-3\x00
04-18 21:31:42.134  2106  2106 D wpa_supplicant: wlan0: BSS: Remove id 98 BSSID 1c:1c:fd:00:29:7f SSID 'ABOX-HOME-297F' due to wpa_bss_flush_by_age
04-18 21:31:42.134  2106  2106 D wpa_supplicant: CTRL-DEBUG: ctrl_sock-sendmsg: sock=11 sndbuf=163840 outq=0 send_len=43
04-18 21:31:42.134  2106  2106 D wpa_supplicant: CTRL_IFACE monitor sent successfully to /data/misc/wifi/sockets/wpa_ctrl_504-2\x00
04-18 21:31:42.134  2106  2106 D wpa_supplicant: CTRL-DEBUG: ctrl_sock-sendmsg: sock=11 sndbuf=163840 outq=0 send_len=43
04-18 21:31:42.134  2106  2106 D wpa_supplicant: CTRL_IFACE monitor sent successfully to /data/misc/wifi/sockets/wpa_ctrl_1444-3\x00
04-18 21:31:42.134  2106  2106 D wpa_supplicant: wlan0: BSS: Remove id 99 BSSID 18:8b:9d:91:51:21 SSID 'ROKID.GUEST' due to wpa_bss_flush_by_age
04-18 21:31:42.134  2106  2106 D wpa_supplicant: CTRL-DEBUG: ctrl_sock-sendmsg: sock=11 sndbuf=163840 outq=0 send_len=43
04-18 21:31:42.134  2106  2106 D wpa_supplicant: CTRL_IFACE monitor sent successfully to /data/misc/wifi/sockets/wpa_ctrl_504-2\x00
04-18 21:31:42.134  2106  2106 D wpa_supplicant: CTRL-DEBUG: ctrl_sock-sendmsg: sock=11 sndbuf=163840 outq=0 send_len=43
04-18 21:31:42.134  2106  2106 D wpa_supplicant: CTRL_IFACE monitor sent successfully to /data/misc/wifi/sockets/wpa_ctrl_1444-3\x00
04-18 21:31:42.134  2106  2106 D wpa_supplicant: wlan0: BSS: Remove id 100 BSSID 18:8b:9d:91:51:20 SSID 'ROKID.TC' due to wpa_bss_flush_by_age
04-18 21:31:42.135  2106  2106 D wpa_supplicant: CTRL-DEBUG: ctrl_sock-sendmsg: sock=11 sndbuf=163840 outq=0 send_len=44
04-18 21:31:42.135  2106  2106 D wpa_supplicant: CTRL_IFACE monitor sent successfully to /data/misc/wifi/sockets/wpa_ctrl_504-2\x00
04-18 21:31:42.135  2106  2106 D wpa_supplicant: CTRL-DEBUG: ctrl_sock-sendmsg: sock=11 sndbuf=163840 outq=0 send_len=44
04-18 21:31:42.135  2106  2106 D wpa_supplicant: CTRL_IFACE monitor sent successfully to /data/misc/wifi/sockets/wpa_ctrl_1444-3\x00
04-18 21:31:42.135  2106  2106 D wpa_supplicant: wlan0: BSS: Remove id 101 BSSID a4:6c:2a:1b:58:42 SSID 'ROKID.TEST' due to wpa_bss_flush_by_age
04-18 21:31:42.135  2106  2106 D wpa_supplicant: CTRL-DEBUG: ctrl_sock-sendmsg: sock=11 sndbuf=163840 outq=0 send_len=44
04-18 21:31:42.135  2106  2106 D wpa_supplicant: CTRL_IFACE monitor sent successfully to /data/misc/wifi/sockets/wpa_ctrl_504-2\x00
04-18 21:31:42.135  2106  2106 D wpa_supplicant: CTRL-DEBUG: ctrl_sock-sendmsg: sock=11 sndbuf=163840 outq=0 send_len=44
04-18 21:31:42.135  2106  2106 D wpa_supplicant: CTRL_IFACE monitor sent successfully to /data/misc/wifi/sockets/wpa_ctrl_1444-3\x00
04-18 21:31:42.135  2106  2106 D wpa_supplicant: wlan0: BSS: Remove id 102 BSSID 18:8b:9d:91:51:22 SSID 'ROKID.TEST' due to wpa_bss_flush_by_age
04-18 21:31:42.136  2106  2106 D wpa_supplicant: CTRL-DEBUG: ctrl_sock-sendmsg: sock=11 sndbuf=163840 outq=0 send_len=44
04-18 21:31:42.136  2106  2106 D wpa_supplicant: CTRL_IFACE monitor sent successfully to /data/misc/wifi/sockets/wpa_ctrl_504-2\x00
04-18 21:31:42.136  2106  2106 D wpa_supplicant: CTRL-DEBUG: ctrl_sock-sendmsg: sock=11 sndbuf=163840 outq=0 send_len=44
04-18 21:31:42.136  2106  2106 D wpa_supplicant: CTRL_IFACE monitor sent successfully to /data/misc/wifi/sockets/wpa_ctrl_1444-3\x00
04-18 21:31:42.136  2106  2106 D wpa_supplicant: wlan0: BSS: Remove id 103 BSSID a4:6c:2a:1b:58:40 SSID 'ROKID.TC' due to wpa_bss_flush_by_age
04-18 21:31:42.136  2106  2106 D wpa_supplicant: CTRL-DEBUG: ctrl_sock-sendmsg: sock=11 sndbuf=163840 outq=0 send_len=44
04-18 21:31:42.136  2106  2106 D wpa_supplicant: CTRL_IFACE monitor sent successfully to /data/misc/wifi/sockets/wpa_ctrl_504-2\x00
04-18 21:31:42.136  2106  2106 D wpa_supplicant: CTRL-DEBUG: ctrl_sock-sendmsg: sock=11 sndbuf=163840 outq=0 send_len=44
04-18 21:31:42.136  2106  2106 D wpa_supplicant: CTRL_IFACE monitor sent successfully to /data/misc/wifi/sockets/wpa_ctrl_1444-3\x00
04-18 21:31:42.136  2106  2106 D wpa_supplicant: wlan0: BSS: Remove id 104 BSSID 74:26:ac:68:aa:b4 SSID 'ROKID-SHOW' due to wpa_bss_flush_by_age
04-18 21:31:42.136  2106  2106 D wpa_supplicant: CTRL-DEBUG: ctrl_sock-sendmsg: sock=11 sndbuf=163840 outq=0 send_len=44
04-18 21:31:42.137  2106  2106 D wpa_supplicant: CTRL_IFACE monitor sent successfully to /data/misc/wifi/sockets/wpa_ctrl_504-2\x00
04-18 21:31:42.137  2106  2106 D wpa_supplicant: CTRL-DEBUG: ctrl_sock-sendmsg: sock=11 sndbuf=163840 outq=0 send_len=44
04-18 21:31:42.137  2106  2106 D wpa_supplicant: CTRL_IFACE monitor sent successfully to /data/misc/wifi/sockets/wpa_ctrl_1444-3\x00
04-18 21:31:42.137  2106  2106 D wpa_supplicant: wlan0: BSS: Remove id 105 BSSID 14:1f:ba:7d:b3:e0 SSID 'Rokid-Ali' due to wpa_bss_flush_by_age
04-18 21:31:42.137  2106  2106 D wpa_supplicant: CTRL-DEBUG: ctrl_sock-sendmsg: sock=11 sndbuf=163840 outq=0 send_len=44
04-18 21:31:42.137  2106  2106 D wpa_supplicant: CTRL_IFACE monitor sent successfully to /data/misc/wifi/sockets/wpa_ctrl_504-2\x00
04-18 21:31:42.137  2106  2106 D wpa_supplicant: CTRL-DEBUG: ctrl_sock-sendmsg: sock=11 sndbuf=163840 outq=0 send_len=44
04-18 21:31:42.137  2106  2106 D wpa_supplicant: CTRL_IFACE monitor sent successfully to /data/misc/wifi/sockets/wpa_ctrl_1444-3\x00
04-18 21:31:42.137  2106  2106 D wpa_supplicant: wlan0: BSS: Remove id 106 BSSID 14:1f:ba:7d:b3:e1 SSID 'rokid-ali-2' due to wpa_bss_flush_by_age
04-18 21:31:42.137  2106  2106 D wpa_supplicant: CTRL-DEBUG: ctrl_sock-sendmsg: sock=11 sndbuf=163840 outq=0 send_len=44
04-18 21:31:42.138  2106  2106 D wpa_supplicant: CTRL_IFACE monitor sent successfully to /data/misc/wifi/sockets/wpa_ctrl_504-2\x00
04-18 21:31:42.138  2106  2106 D wpa_supplicant: CTRL-DEBUG: ctrl_sock-sendmsg: sock=11 sndbuf=163840 outq=0 send_len=44
04-18 21:31:42.138  2106  2106 D wpa_supplicant: CTRL_IFACE monitor sent successfully to /data/misc/wifi/sockets/wpa_ctrl_1444-3\x00
04-18 21:31:42.138  2106  2106 D wpa_supplicant: wlan0: BSS: Remove id 107 BSSID f2:b4:29:e5:e4:8b SSID 'Xiaomi_E48A_VIP' due to wpa_bss_flush_by_age
04-18 21:31:42.138  2106  2106 D wpa_supplicant: CTRL-DEBUG: ctrl_sock-sendmsg: sock=11 sndbuf=163840 outq=0 send_len=44
04-18 21:31:42.138  2106  2106 D wpa_supplicant: CTRL_IFACE monitor sent successfully to /data/misc/wifi/sockets/wpa_ctrl_504-2\x00
04-18 21:31:42.138  2106  2106 D wpa_supplicant: CTRL-DEBUG: ctrl_sock-sendmsg: sock=11 sndbuf=163840 outq=0 send_len=44
04-18 21:31:42.138  2106  2106 D wpa_supplicant: CTRL_IFACE monitor sent successfully to /data/misc/wifi/sockets/wpa_ctrl_1444-3\x00
04-18 21:31:44.061  2106  2106 D wpa_supplicant: wlan0: Control interface command 'SIGNAL_POLL'
04-18 21:31:44.075  2106  2106 D wpa_supplicant: CTRL-DEBUG: global_ctrl_sock-sendto: sock=11 sndbuf=163840 outq=0 send_len=49
04-18 21:31:47.079  2106  2106 D wpa_supplicant: wlan0: Control interface command 'SIGNAL_POLL'
04-18 21:31:47.097  2106  2106 D wpa_supplicant: CTRL-DEBUG: global_ctrl_sock-sendto: sock=11 sndbuf=163840 outq=0 send_len=49
04-18 21:31:50.100  2106  2106 D wpa_supplicant: wlan0: Control interface command 'SIGNAL_POLL'
04-18 21:31:50.113  2106  2106 D wpa_supplicant: CTRL-DEBUG: global_ctrl_sock-sendto: sock=11 sndbuf=163840 outq=0 send_len=49
04-18 21:31:52.343  2352  3078 D tts.WSThread: doPing
04-18 21:31:52.406  2352  3282 D tts.WSInHandler: channel read0
04-18 21:31:52.406  2352  3282 D tts.WSInHandler: recv pong
04-18 21:31:53.116  2106  2106 D wpa_supplicant: wlan0: Control interface command 'SIGNAL_POLL'
04-18 21:31:53.131  2106  2106 D wpa_supplicant: CTRL-DEBUG: global_ctrl_sock-sendto: sock=11 sndbuf=163840 outq=0 send_len=49
04-18 21:31:56.136  2106  2106 D wpa_supplicant: wlan0: Control interface command 'SIGNAL_POLL'
04-18 21:31:56.152  2106  2106 D wpa_supplicant: CTRL-DEBUG: global_ctrl_sock-sendto: sock=11 sndbuf=163840 outq=0 send_len=49
04-18 21:31:59.158  2106  2106 D wpa_supplicant: wlan0: Control interface command 'SIGNAL_POLL'
04-18 21:31:59.176  2106  2106 D wpa_supplicant: CTRL-DEBUG: global_ctrl_sock-sendto: sock=11 sndbuf=163840 outq=0 send_len=49
04-18 21:32:02.185  2106  2106 D wpa_supplicant: wlan0: Control interface command 'SIGNAL_POLL'
04-18 21:32:02.201  2106  2106 D wpa_supplicant: CTRL-DEBUG: global_ctrl_sock-sendto: sock=11 sndbuf=163840 outq=0 send_len=49
04-18 21:32:05.212  2106  2106 D wpa_supplicant: wlan0: Control interface command 'SIGNAL_POLL'
04-18 21:32:05.229  2106  2106 D wpa_supplicant: CTRL-DEBUG: global_ctrl_sock-sendto: sock=11 sndbuf=163840 outq=0 send_len=49
04-18 21:32:05.492  2455  3081 I ChannelThread: ping server
04-18 21:32:05.537  2455  3433 D WSToPBHandler: channel read0
04-18 21:32:05.537  2455  3433 E WSToPBHandler: recv pong
04-18 21:32:07.310  2390  2805 I RKSessionManager: run renew session in ThreadId: 69
04-18 21:32:07.310  2390  2805 I RKSessionManager: renewSession is called
04-18 21:32:07.310  2390  2805 D RKSessionManager: renew session with sessionid: ONLINE:ROKI:3E7D97A55C204A25963433B20B961D67
04-18 21:32:07.310  2390  2805 I RKConnectionHelper: get resolved host by RAPI
04-18 21:32:07.310  2390  2805 I RKConnectionHelper: request to generate rapi host
04-18 21:32:07.311  2390  2805 I RKConnectionHelper: Rokid is in PRO mode!
04-18 21:32:07.311  2390  2805 D HttpDNS : [getIpByHost] - fetch result from cache, host: rapi.service.rokid.com
04-18 21:32:07.311  2390  2805 I RKConnectionHelper: resolve host for: rapi.service.rokid.com successfully
04-18 21:32:07.311  2390  2805 I RKConnectionHelper: resolved host for rapi: 120.55.199.6
04-18 21:32:07.311  2390  2805 I RKConnectionManager: get account host resolved: true, host resolved: 120.55.199.6, origin host: rapi.service.rokid.com
04-18 21:32:07.311  2390  2805 I RKConnectionManager: RAPI Service URL: https://120.55.199.6/rapi.do
04-18 21:32:07.311  2390  2805 D RKConnectionManager: start rapi request in Thread: 69
04-18 21:32:07.311  2390  2805 D RKConnectionManager: called from PID: 2390
04-18 21:32:07.311  2390  2805 D RKConnectionManager: start new rapi service request task...host: https://120.55.199.6/rapi.do
04-18 21:32:07.312  2390 12591 D RKConnectionManager: rapi request doInBackground start
04-18 21:32:07.312  2390 12591 D RKConnectionManager: rapi request for com.rokid.service.session.renewSession v1.0 doInBackground ready
04-18 21:32:07.312  2390 12591 I RKLoginManager: get current sessionId: ONLINE:ROKI:3E7D97A55C204A25963433B20B961D67
04-18 21:32:07.312  2390 12591 I RKConnectionManager: get current session id when start to do rapi request: ONLINE:ROKI:3E7D97A55C204A25963433B20B961D67
04-18 21:32:07.312  2390 12591 I RKConnectionManager: rapi call session id replaced by current session id
04-18 21:32:07.319  2390 12591 W System  : ClassLoader referenced unknown path: /system/framework/tcmclient.jar
04-18 21:32:07.320  2390 12591 I RKConnectionManager: current x_request_datetime: 2017-04-18T21:32:07.320+0800;1492522327320
04-18 21:32:07.320  2390 12591 D RKConnectionManager: rapi protobuff created....
04-18 21:32:07.320  2390 12591 D RKConnectionManager: rapi set http post entity....
04-18 21:32:07.478  2390 12591 D RKConnectionManager: rapi response get entity....
04-18 21:32:07.478  2390 12591 D RKConnectionManager: rapi HttpEntity is streaming....
04-18 21:32:07.479  2390 12591 D RKConnectionManager: responseData: "1J,ONLINE:ROKI:25B6DDA7A0684B6ABA433449E209D001�	
04-18 21:32:07.479  2390 12591 D RKConnectionManager: error:  | res: true | string_param: "ONLINE:ROKI:25B6DDA7A0684B6ABA433449E209D001"
04-18 21:32:07.479  2390 12591 D RKConnectionManager: type: type_string
04-18 21:32:07.483  2390 32347 D RKSessionManager: renewSession onSuccess: ONLINE:ROKI:25B6DDA7A0684B6ABA433449E209D001
04-18 21:32:08.235  2106  2106 D wpa_supplicant: wlan0: Control interface command 'SIGNAL_POLL'
04-18 21:32:08.251  2106  2106 D wpa_supplicant: CTRL-DEBUG: global_ctrl_sock-sendto: sock=11 sndbuf=163840 outq=0 send_len=49
04-18 21:32:11.261  2106  2106 D wpa_supplicant: wlan0: Control interface command 'SIGNAL_POLL'
04-18 21:32:11.277  2106  2106 D wpa_supplicant: CTRL-DEBUG: global_ctrl_sock-sendto: sock=11 sndbuf=163840 outq=0 send_len=49
04-18 21:32:12.361  2352  3078 D tts.WSThread: doPing
04-18 21:32:12.395  2352  3282 D tts.WSInHandler: channel read0
04-18 21:32:12.395  2352  3282 D tts.WSInHandler: recv pong
04-18 21:32:14.286  2106  2106 D wpa_supplicant: wlan0: Control interface command 'SIGNAL_POLL'
04-18 21:32:14.301  2106  2106 D wpa_supplicant: CTRL-DEBUG: global_ctrl_sock-sendto: sock=11 sndbuf=163840 outq=0 send_len=49
04-18 21:32:17.309  2106  2106 D wpa_supplicant: wlan0: Control interface command 'SIGNAL_POLL'
04-18 21:32:17.326  2106  2106 D wpa_supplicant: CTRL-DEBUG: global_ctrl_sock-sendto: sock=11 sndbuf=163840 outq=0 send_len=49
04-18 21:32:19.675  2319  3235 I NetworkMonitor: start ping process
04-18 21:32:20.334  2106  2106 D wpa_supplicant: wlan0: Control interface command 'SIGNAL_POLL'
04-18 21:32:20.340  2106  2106 D wpa_supplicant: CTRL-DEBUG: global_ctrl_sock-sendto: sock=11 sndbuf=163840 outq=0 send_len=49
04-18 21:32:23.351  2106  2106 D wpa_supplicant: wlan0: Control interface command 'SIGNAL_POLL'
04-18 21:32:23.368  2106  2106 D wpa_supplicant: CTRL-DEBUG: global_ctrl_sock-sendto: sock=11 sndbuf=163840 outq=0 send_len=49
04-18 21:32:26.377  2106  2106 D wpa_supplicant: wlan0: Control interface command 'SIGNAL_POLL'
04-18 21:32:26.393  2106  2106 D wpa_supplicant: CTRL-DEBUG: global_ctrl_sock-sendto: sock=11 sndbuf=163840 outq=0 send_len=49
04-18 21:32:26.668  2455  3433 D WSToPBHandler: channel read0
04-18 21:32:26.668  2455  3433 D PBHandler: receive msg ping
04-18 21:32:26.670  2455  3081 D ChannelThread: get RCPkgPB pversion: "1.0.0"
04-18 21:32:26.670  2455  3081 D ChannelThread: msgType: msg
04-18 21:32:26.670  2455  3081 D ChannelThread: msgs {
04-18 21:32:26.670  2455  3081 D ChannelThread:   from: "13777808645"
04-18 21:32:26.670  2455  3081 D ChannelThread:   to: "02010217020001F4"
04-18 21:32:26.670  2455  3081 D ChannelThread:   msgId: ""
04-18 21:32:26.670  2455  3081 D ChannelThread:   msgTopic: "ping"
04-18 21:32:26.670  2455  3081 D ChannelThread:   msgStamp: "1492522346046"
04-18 21:32:26.670  2455  3081 D ChannelThread: }
04-18 21:32:26.671  2455  3081 I AppChannelClient: send pong msg to 13777808645
04-18 21:32:26.712  2455  3433 D WSToPBHandler: channel read0
04-18 21:32:26.713  2455  3081 D ChannelThread: get RCPkgPB pversion: "1.0.0"
04-18 21:32:26.713  2455  3081 D ChannelThread: msgType: ack
04-18 21:32:26.713  2455  3081 D ChannelThread: success: true
04-18 21:32:28.800  2319  3235 I NetworkMonitor: statistics starts at 12
04-18 21:32:28.801  2319  3235 I NetworkMonitor: match@6
04-18 21:32:28.801  2319  3235 I NetworkMonitor: send 10 with recv 10 lose 0 in 9012ms
04-18 21:32:28.801  2319  3235 I NetworkMonitor: roundTrip match@7
04-18 21:32:28.802  2319  3235 I NetworkMonitor: min:31.091/avg:55.363/max:79.937/mdev:13.855
04-18 21:32:28.802  2319  3235 I NetworkMonitor: ping process exit, lantency is 55
04-18 21:32:29.404  2106  2106 D wpa_supplicant: wlan0: Control interface command 'SIGNAL_POLL'
04-18 21:32:29.428  2106  2106 D wpa_supplicant: CTRL-DEBUG: global_ctrl_sock-sendto: sock=11 sndbuf=163840 outq=0 send_len=49
04-18 21:32:32.370  2352  3078 D tts.WSThread: doPing
04-18 21:32:32.412  2352  3282 D tts.WSInHandler: channel read0
04-18 21:32:32.412  2352  3282 D tts.WSInHandler: recv pong
04-18 21:32:32.431  2106  2106 D wpa_supplicant: wlan0: Control interface command 'SIGNAL_POLL'
04-18 21:32:32.434  2106  2106 D wpa_supplicant: CTRL-DEBUG: global_ctrl_sock-sendto: sock=11 sndbuf=163840 outq=0 send_len=49
04-18 21:32:35.441  2106  2106 D wpa_supplicant: wlan0: Control interface command 'SIGNAL_POLL'
04-18 21:32:35.456  2106  2106 D wpa_supplicant: CTRL-DEBUG: global_ctrl_sock-sendto: sock=11 sndbuf=163840 outq=0 send_len=49
04-18 21:32:38.463  2106  2106 D wpa_supplicant: wlan0: Control interface command 'SIGNAL_POLL'
04-18 21:32:38.479  2106  2106 D wpa_supplicant: CTRL-DEBUG: global_ctrl_sock-sendto: sock=11 sndbuf=163840 outq=0 send_len=49
04-18 21:32:41.488  2106  2106 D wpa_supplicant: wlan0: Control interface command 'SIGNAL_POLL'
04-18 21:32:41.504  2106  2106 D wpa_supplicant: CTRL-DEBUG: global_ctrl_sock-sendto: sock=11 sndbuf=163840 outq=0 send_len=49
04-18 21:32:44.514  2106  2106 D wpa_supplicant: wlan0: Control interface command 'SIGNAL_POLL'
04-18 21:32:44.531  2106  2106 D wpa_supplicant: CTRL-DEBUG: global_ctrl_sock-sendto: sock=11 sndbuf=163840 outq=0 send_len=49
04-18 21:32:47.451   391  1679 E NetlinkEvent: NetlinkEvent::FindParam(): Parameter 'TIME_NS' not found
04-18 21:32:47.451   391  1679 E NetlinkEvent: NetlinkEvent::FindParam(): Parameter 'UID' not found
04-18 21:32:47.541  2106  2106 D wpa_supplicant: wlan0: Control interface command 'SIGNAL_POLL'
04-18 21:32:47.555  2106  2106 D wpa_supplicant: CTRL-DEBUG: global_ctrl_sock-sendto: sock=11 sndbuf=163840 outq=0 send_len=49
04-18 21:32:50.563  2106  2106 D wpa_supplicant: wlan0: Control interface command 'SIGNAL_POLL'
04-18 21:32:50.580  2106  2106 D wpa_supplicant: CTRL-DEBUG: global_ctrl_sock-sendto: sock=11 sndbuf=163840 outq=0 send_len=49
04-18 21:32:52.383  2352  3078 D tts.WSThread: doPing
04-18 21:32:52.392   391  1679 E NetlinkEvent: NetlinkEvent::FindParam(): Parameter 'TIME_NS' not found
04-18 21:32:52.392   391  1679 E NetlinkEvent: NetlinkEvent::FindParam(): Parameter 'UID' not found
04-18 21:32:52.427  2352  3282 D tts.WSInHandler: channel read0
04-18 21:32:52.427  2352  3282 D tts.WSInHandler: recv pong
04-18 21:32:53.589  2106  2106 D wpa_supplicant: wlan0: Control interface command 'SIGNAL_POLL'
04-18 21:32:53.606  2106  2106 D wpa_supplicant: CTRL-DEBUG: global_ctrl_sock-sendto: sock=11 sndbuf=163840 outq=0 send_len=49
04-18 21:32:56.616  2106  2106 D wpa_supplicant: wlan0: Control interface command 'SIGNAL_POLL'
04-18 21:32:56.633  2106  2106 D wpa_supplicant: CTRL-DEBUG: global_ctrl_sock-sendto: sock=11 sndbuf=163840 outq=0 send_len=49
04-18 21:32:56.714  2455  3081 I ChannelThread: ping server
04-18 21:32:56.773  2455  3433 D WSToPBHandler: channel read0
04-18 21:32:56.773  2455  3433 E WSToPBHandler: recv pong
04-18 21:32:59.643  2106  2106 D wpa_supplicant: wlan0: Control interface command 'SIGNAL_POLL'
04-18 21:32:59.659  2106  2106 D wpa_supplicant: CTRL-DEBUG: global_ctrl_sock-sendto: sock=11 sndbuf=163840 outq=0 send_len=49
04-18 21:33:02.668  2106  2106 D wpa_supplicant: wlan0: Control interface command 'SIGNAL_POLL'
04-18 21:33:02.685  2106  2106 D wpa_supplicant: CTRL-DEBUG: global_ctrl_sock-sendto: sock=11 sndbuf=163840 outq=0 send_len=49
04-18 21:33:03.125  2464  3375 D RKUpdateService: update check ticTac: 100
04-18 21:33:05.694  2106  2106 D wpa_supplicant: wlan0: Control interface command 'SIGNAL_POLL'
04-18 21:33:05.711  2106  2106 D wpa_supplicant: CTRL-DEBUG: global_ctrl_sock-sendto: sock=11 sndbuf=163840 outq=0 send_len=49
04-18 21:33:08.716  2106  2106 D wpa_supplicant: wlan0: Control interface command 'SIGNAL_POLL'
04-18 21:33:08.733  2106  2106 D wpa_supplicant: CTRL-DEBUG: global_ctrl_sock-sendto: sock=11 sndbuf=163840 outq=0 send_len=49
04-18 21:33:11.741  2106  2106 D wpa_supplicant: wlan0: Control interface command 'SIGNAL_POLL'
04-18 21:33:11.756  2106  2106 D wpa_supplicant: CTRL-DEBUG: global_ctrl_sock-sendto: sock=11 sndbuf=163840 outq=0 send_len=49
04-18 21:33:11.811   391  1679 E NetlinkEvent: NetlinkEvent::FindParam(): Parameter 'TIME_NS' not found
04-18 21:33:11.811   391  1679 E NetlinkEvent: NetlinkEvent::FindParam(): Parameter 'UID' not found
04-18 21:33:12.394  2352  3078 D tts.WSThread: doPing
04-18 21:33:12.407   391  1679 E NetlinkEvent: NetlinkEvent::FindParam(): Parameter 'TIME_NS' not found
04-18 21:33:12.407   391  1679 E NetlinkEvent: NetlinkEvent::FindParam(): Parameter 'UID' not found
04-18 21:33:12.436  2352  3282 D tts.WSInHandler: channel read0
04-18 21:33:12.436  2352  3282 D tts.WSInHandler: recv pong
04-18 21:33:14.763  2106  2106 D wpa_supplicant: wlan0: Control interface command 'SIGNAL_POLL'
04-18 21:33:14.780  2106  2106 D wpa_supplicant: CTRL-DEBUG: global_ctrl_sock-sendto: sock=11 sndbuf=163840 outq=0 send_len=49
04-18 21:33:17.788  2106  2106 D wpa_supplicant: wlan0: Control interface command 'SIGNAL_POLL'
04-18 21:33:17.805  2106  2106 D wpa_supplicant: CTRL-DEBUG: global_ctrl_sock-sendto: sock=11 sndbuf=163840 outq=0 send_len=49
04-18 21:33:20.815  2106  2106 D wpa_supplicant: wlan0: Control interface command 'SIGNAL_POLL'
04-18 21:33:20.831  2106  2106 D wpa_supplicant: CTRL-DEBUG: global_ctrl_sock-sendto: sock=11 sndbuf=163840 outq=0 send_len=49
04-18 21:33:23.838  2106  2106 D wpa_supplicant: wlan0: Control interface command 'SIGNAL_POLL'
04-18 21:33:23.851  2106  2106 D wpa_supplicant: CTRL-DEBUG: global_ctrl_sock-sendto: sock=11 sndbuf=163840 outq=0 send_len=49
04-18 21:33:26.727  2455  3081 I ChannelThread: ping server
04-18 21:33:26.770  2455  3433 D WSToPBHandler: channel read0
04-18 21:33:26.770  2455  3433 E WSToPBHandler: recv pong
04-18 21:33:26.855  2106  2106 D wpa_supplicant: wlan0: Control interface command 'SIGNAL_POLL'
04-18 21:33:26.858  2106  2106 D wpa_supplicant: CTRL-DEBUG: global_ctrl_sock-sendto: sock=11 sndbuf=163840 outq=0 send_len=49
04-18 21:33:28.802  2319  3235 I NetworkMonitor: start ping process
04-18 21:33:29.860  2106  2106 D wpa_supplicant: wlan0: Control interface command 'SIGNAL_POLL'
04-18 21:33:29.872  2106  2106 D wpa_supplicant: CTRL-DEBUG: global_ctrl_sock-sendto: sock=11 sndbuf=163840 outq=0 send_len=49
04-18 21:33:32.413  2352  3078 D tts.WSThread: doPing
04-18 21:33:32.456  2352  3282 D tts.WSInHandler: channel read0
04-18 21:33:32.456  2352  3282 D tts.WSInHandler: recv pong
04-18 21:33:32.878  2106  2106 D wpa_supplicant: wlan0: Control interface command 'SIGNAL_POLL'
04-18 21:33:32.895  2106  2106 D wpa_supplicant: CTRL-DEBUG: global_ctrl_sock-sendto: sock=11 sndbuf=163840 outq=0 send_len=49
04-18 21:33:35.904  2106  2106 D wpa_supplicant: wlan0: Control interface command 'SIGNAL_POLL'
04-18 21:33:35.910  2106  2106 D wpa_supplicant: CTRL-DEBUG: global_ctrl_sock-sendto: sock=11 sndbuf=163840 outq=0 send_len=49
04-18 21:33:37.980  2319  3235 I NetworkMonitor: statistics starts at 12
04-18 21:33:37.981  2319  3235 I NetworkMonitor: match@6
04-18 21:33:37.981  2319  3235 I NetworkMonitor: send 10 with recv 10 lose 0 in 9012ms
04-18 21:33:37.982  2319  3235 I NetworkMonitor: roundTrip match@7
04-18 21:33:37.982  2319  3235 I NetworkMonitor: min:34.161/avg:73.371/max:170.771/mdev:36.244
04-18 21:33:37.982  2319  3235 I NetworkMonitor: ping process exit, lantency is 73
04-18 21:33:38.921  2106  2106 D wpa_supplicant: wlan0: Control interface command 'SIGNAL_POLL'
04-18 21:33:38.937  2106  2106 D wpa_supplicant: CTRL-DEBUG: global_ctrl_sock-sendto: sock=11 sndbuf=163840 outq=0 send_len=49
04-18 21:33:41.947  2106  2106 D wpa_supplicant: wlan0: Control interface command 'SIGNAL_POLL'
04-18 21:33:41.964  2106  2106 D wpa_supplicant: CTRL-DEBUG: global_ctrl_sock-sendto: sock=11 sndbuf=163840 outq=0 send_len=49
04-18 21:33:44.973  2106  2106 D wpa_supplicant: wlan0: Control interface command 'SIGNAL_POLL'
04-18 21:33:44.988  2106  2106 D wpa_supplicant: CTRL-DEBUG: global_ctrl_sock-sendto: sock=11 sndbuf=163840 outq=0 send_len=49
04-18 21:33:47.990  2106  2106 D wpa_supplicant: wlan0: Control interface command 'SIGNAL_POLL'
04-18 21:33:48.004  2106  2106 D wpa_supplicant: CTRL-DEBUG: global_ctrl_sock-sendto: sock=11 sndbuf=163840 outq=0 send_len=49
04-18 21:33:51.009  2106  2106 D wpa_supplicant: wlan0: Control interface command 'SIGNAL_POLL'
04-18 21:33:51.022  2106  2106 D wpa_supplicant: CTRL-DEBUG: global_ctrl_sock-sendto: sock=11 sndbuf=163840 outq=0 send_len=49
04-18 21:33:52.428  2352  3078 D tts.WSThread: doPing
04-18 21:33:52.467  2352  3282 D tts.WSInHandler: channel read0
04-18 21:33:52.467  2352  3282 D tts.WSInHandler: recv pong
04-18 21:33:54.026  2106  2106 D wpa_supplicant: wlan0: Control interface command 'SIGNAL_POLL'
04-18 21:33:54.039  2106  2106 D wpa_supplicant: CTRL-DEBUG: global_ctrl_sock-sendto: sock=11 sndbuf=163840 outq=0 send_len=49
04-18 21:33:56.733  2455  3081 I ChannelThread: ping server
04-18 21:33:56.805  2455  3433 D WSToPBHandler: channel read0
04-18 21:33:56.805  2455  3433 E WSToPBHandler: recv pong
04-18 21:33:57.048  2106  2106 D wpa_supplicant: wlan0: Control interface command 'SIGNAL_POLL'
04-18 21:33:57.055  2106  2106 D wpa_supplicant: CTRL-DEBUG: global_ctrl_sock-sendto: sock=11 sndbuf=163840 outq=0 send_len=49
04-18 21:34:00.060  2106  2106 D wpa_supplicant: wlan0: Control interface command 'SIGNAL_POLL'
04-18 21:34:00.073  2106  2106 D wpa_supplicant: CTRL-DEBUG: global_ctrl_sock-sendto: sock=11 sndbuf=163840 outq=0 send_len=49
04-18 21:34:03.076  2106  2106 D wpa_supplicant: wlan0: Control interface command 'SIGNAL_POLL'
04-18 21:34:03.093  2106  2106 D wpa_supplicant: CTRL-DEBUG: global_ctrl_sock-sendto: sock=11 sndbuf=163840 outq=0 send_len=49
04-18 21:34:06.098  2106  2106 D wpa_supplicant: wlan0: Control interface command 'SIGNAL_POLL'
04-18 21:34:06.116  2106  2106 D wpa_supplicant: CTRL-DEBUG: global_ctrl_sock-sendto: sock=11 sndbuf=163840 outq=0 send_len=49
04-18 21:34:09.121  2106  2106 D wpa_supplicant: wlan0: Control interface command 'SIGNAL_POLL'
04-18 21:34:09.136  2106  2106 D wpa_supplicant: CTRL-DEBUG: global_ctrl_sock-sendto: sock=11 sndbuf=163840 outq=0 send_len=49
04-18 21:34:11.851   391  1679 E NetlinkEvent: NetlinkEvent::FindParam(): Parameter 'TIME_NS' not found
04-18 21:34:11.851   391  1679 E NetlinkEvent: NetlinkEvent::FindParam(): Parameter 'UID' not found
04-18 21:34:12.141  2106  2106 D wpa_supplicant: wlan0: Control interface command 'SIGNAL_POLL'
04-18 21:34:12.156  2106  2106 D wpa_supplicant: CTRL-DEBUG: global_ctrl_sock-sendto: sock=11 sndbuf=163840 outq=0 send_len=49
04-18 21:34:12.441  2352  3078 D tts.WSThread: doPing
04-18 21:34:12.452   391  1679 E NetlinkEvent: NetlinkEvent::FindParam(): Parameter 'TIME_NS' not found
04-18 21:34:12.452   391  1679 E NetlinkEvent: NetlinkEvent::FindParam(): Parameter 'UID' not found
04-18 21:34:12.493  2352  3282 D tts.WSInHandler: channel read0
04-18 21:34:12.493  2352  3282 D tts.WSInHandler: recv pong
04-18 21:34:15.160  2106  2106 D wpa_supplicant: wlan0: Control interface command 'SIGNAL_POLL'
04-18 21:34:15.174  2106  2106 D wpa_supplicant: CTRL-DEBUG: global_ctrl_sock-sendto: sock=11 sndbuf=163840 outq=0 send_len=49
04-18 21:34:18.182  2106  2106 D wpa_supplicant: wlan0: Control interface command 'SIGNAL_POLL'
04-18 21:34:18.199  2106  2106 D wpa_supplicant: CTRL-DEBUG: global_ctrl_sock-sendto: sock=11 sndbuf=163840 outq=0 send_len=49
04-18 21:34:21.205  2106  2106 D wpa_supplicant: wlan0: Control interface command 'SIGNAL_POLL'
04-18 21:34:21.221  2106  2106 D wpa_supplicant: CTRL-DEBUG: global_ctrl_sock-sendto: sock=11 sndbuf=163840 outq=0 send_len=49
04-18 21:34:24.230  2106  2106 D wpa_supplicant: wlan0: Control interface command 'SIGNAL_POLL'
04-18 21:34:24.246  2106  2106 D wpa_supplicant: CTRL-DEBUG: global_ctrl_sock-sendto: sock=11 sndbuf=163840 outq=0 send_len=49
04-18 21:34:26.746  2455  3081 I ChannelThread: ping server
04-18 21:34:26.782  2455  3433 D WSToPBHandler: channel read0
04-18 21:34:26.782  2455  3433 E WSToPBHandler: recv pong
04-18 21:34:27.255  2106  2106 D wpa_supplicant: wlan0: Control interface command 'SIGNAL_POLL'
04-18 21:34:27.272  2106  2106 D wpa_supplicant: CTRL-DEBUG: global_ctrl_sock-sendto: sock=11 sndbuf=163840 outq=0 send_len=49
04-18 21:34:30.281  2106  2106 D wpa_supplicant: wlan0: Control interface command 'SIGNAL_POLL'
04-18 21:34:30.297  2106  2106 D wpa_supplicant: CTRL-DEBUG: global_ctrl_sock-sendto: sock=11 sndbuf=163840 outq=0 send_len=49
04-18 21:34:31.323  2106  2106 D wpa_supplicant: wlan0: Control interface command 'SCAN TYPE=ONLY'
04-18 21:34:31.323  2106  2106 D wpa_supplicant: wlan0: Setting scan request: 0.000000 sec
04-18 21:34:31.323  2106  2106 D wpa_supplicant: CTRL-DEBUG: global_ctrl_sock-sendto: sock=11 sndbuf=163840 outq=0 send_len=3
04-18 21:34:31.324  2106  2106 D wpa_supplicant: wlan0: Starting AP scan for wildcard SSID
04-18 21:34:31.324  2106  2106 D wpa_supplicant: wlan0: Add radio work 'scan'@0xb6823208
04-18 21:34:31.324  2106  2106 D wpa_supplicant: wlan0: First radio work item in the queue - schedule start immediately
04-18 21:34:31.324  2106  2106 D wpa_supplicant: wlan0: Starting radio work 'scan'@0xb6823208 after 0.000297 second wait
04-18 21:34:31.325  2106  2106 D wpa_supplicant: wlan0: nl80211: scan request
04-18 21:34:31.325  2106  2106 D wpa_supplicant: nl80211: Scan SSID - hexdump(len=0): [NULL]
04-18 21:34:31.325  2106  2106 D wpa_supplicant: nl80211: Scan extra IEs - hexdump(len=7): 7f 05 00 00 0a 02 01
04-18 21:34:31.353  2106  2106 D wpa_supplicant: Scan requested (ret=0) - scan timeout 30 seconds
04-18 21:34:31.353  2106  2106 D wpa_supplicant: nl80211: Event message available
04-18 21:34:31.353  2106  2106 D wpa_supplicant: nl80211: Drv Event 33 (NL80211_CMD_TRIGGER_SCAN) received for wlan0
04-18 21:34:31.353  2106  2106 D wpa_supplicant: wlan0: nl80211: Scan trigger
04-18 21:34:31.353  2106  2106 D wpa_supplicant: wlan0: Event SCAN_STARTED (47) received
04-18 21:34:31.353  2106  2106 D wpa_supplicant: wlan0: Own scan request started a scan in 0.000198 seconds
04-18 21:34:31.353  2106  2106 D wpa_supplicant: CTRL-DEBUG: ctrl_sock-sendmsg: sock=11 sndbuf=163840 outq=0 send_len=24
04-18 21:34:31.353  2106  2106 D wpa_supplicant: CTRL_IFACE monitor sent successfully to /data/misc/wifi/sockets/wpa_ctrl_504-2\x00
04-18 21:34:31.353  2106  2106 D wpa_supplicant: CTRL-DEBUG: ctrl_sock-sendmsg: sock=11 sndbuf=163840 outq=0 send_len=24
04-18 21:34:31.354  2106  2106 D wpa_supplicant: CTRL_IFACE monitor sent successfully to /data/misc/wifi/sockets/wpa_ctrl_1444-3\x00
04-18 21:34:32.461  2352  3078 D tts.WSThread: doPing
04-18 21:34:32.744  2106  2106 D wpa_supplicant: nl80211: Event message available
04-18 21:34:32.744  2106  2106 D wpa_supplicant: nl80211: Drv Event 34 (NL80211_CMD_NEW_SCAN_RESULTS) received for wlan0
04-18 21:34:32.744  2106  2106 D wpa_supplicant: wlan0: nl80211: New scan results available
04-18 21:34:32.745  2106  2106 D wpa_supplicant: nl80211: Scan included frequencies: 2412 2417 2422 2427 2432 2437 2442 2447 2452 2457 2462 2467 2472 5180 5200 5220 5240 5260 5280 5300 5320 5745 5765 5785 5805 5825
04-18 21:34:32.745  2106  2106 D wpa_supplicant: wlan0: Event SCAN_RESULTS (3) received
04-18 21:34:32.745  2106  2106 D wpa_supplicant: wlan0: Scan completed in 1.391501 seconds
04-18 21:34:32.745  2106  2106 D wpa_supplicant: nl80211: Associated on 5260 MHz
04-18 21:34:32.745  2106  2106 D wpa_supplicant: nl80211: Associated with 18:8b:9d:91:53:7f
04-18 21:34:32.745  2106  2106 D wpa_supplicant: nl80211: Received scan results (45 BSSes)
04-18 21:34:32.745  2106  2106 D wpa_supplicant: nl80211: Scan results indicate BSS status with 18:8b:9d:91:53:7f as associated
04-18 21:34:32.745  2106  2106 D wpa_supplicant: wlan0: BSS: Start scan result update 10
04-18 21:34:32.745  2106  2106 D wpa_supplicant: wlan0: BSS: Add new id 108 BSSID 94:77:2b:42:81:68 SSID 'HUAWEI-JE7CRE_5G'
04-18 21:34:32.746  2106  2106 D wpa_supplicant: CTRL-DEBUG: ctrl_sock-sendmsg: sock=11 sndbuf=163840 outq=0 send_len=42
04-18 21:34:32.746  2106  2106 D wpa_supplicant: CTRL_IFACE monitor sent successfully to /data/misc/wifi/sockets/wpa_ctrl_504-2\x00
04-18 21:34:32.746  2106  2106 D wpa_supplicant: CTRL-DEBUG: ctrl_sock-sendmsg: sock=11 sndbuf=163840 outq=448 send_len=42
04-18 21:34:32.746  2106  2106 D wpa_supplicant: CTRL_IFACE monitor sent successfully to /data/misc/wifi/sockets/wpa_ctrl_1444-3\x00
04-18 21:34:32.746  2106  2106 D wpa_supplicant: wlan0: BSS: Add new id 109 BSSID 18:8b:9d:91:53:7d SSID 'ROKID.TEST'
04-18 21:34:32.746  2106  2106 D wpa_supplicant: CTRL-DEBUG: ctrl_sock-sendmsg: sock=11 sndbuf=163840 outq=896 send_len=42
04-18 21:34:32.746  2106  2106 D wpa_supplicant: CTRL_IFACE monitor sent successfully to /data/misc/wifi/sockets/wpa_ctrl_504-2\x00
04-18 21:34:32.746  2106  2106 D wpa_supplicant: CTRL-DEBUG: ctrl_sock-sendmsg: sock=11 sndbuf=163840 outq=1344 send_len=42
04-18 21:34:32.746  2106  2106 D wpa_supplicant: CTRL_IFACE monitor sent successfully to /data/misc/wifi/sockets/wpa_ctrl_1444-3\x00
04-18 21:34:32.746  2106  2106 D wpa_supplicant: wlan0: BSS: Add new id 110 BSSID 18:8b:9d:91:53:7e SSID 'ROKID.GUEST'
04-18 21:34:32.746  2106  2106 D wpa_supplicant: CTRL-DEBUG: ctrl_sock-sendmsg: sock=11 sndbuf=163840 outq=1792 send_len=42
04-18 21:34:32.746  2106  2106 D wpa_supplicant: CTRL_IFACE monitor sent successfully to /data/misc/wifi/sockets/wpa_ctrl_504-2\x00
04-18 21:34:32.746  2106  2106 D wpa_supplicant: CTRL-DEBUG: ctrl_sock-sendmsg: sock=11 sndbuf=163840 outq=2240 send_len=42
04-18 21:34:32.746  2106  2106 D wpa_supplicant: CTRL_IFACE monitor sent successfully to /data/misc/wifi/sockets/wpa_ctrl_1444-3\x00
04-18 21:34:32.746  2106  2106 D wpa_supplicant: wlan0: BSS: Add new id 111 BSSID 18:8b:9d:90:3b:0f SSID 'ROKID.TC'
04-18 21:34:32.746  2106  2106 D wpa_supplicant: CTRL-DEBUG: ctrl_sock-sendmsg: sock=11 sndbuf=163840 outq=2688 send_len=42
04-18 21:34:32.746  2106  2106 D wpa_supplicant: CTRL_IFACE monitor sent successfully to /data/misc/wifi/sockets/wpa_ctrl_504-2\x00
04-18 21:34:32.746  2106  2106 D wpa_supplicant: CTRL-DEBUG: ctrl_sock-sendmsg: sock=11 sndbuf=163840 outq=3136 send_len=42
04-18 21:34:32.746  2106  2106 D wpa_supplicant: CTRL_IFACE monitor sent successfully to /data/misc/wifi/sockets/wpa_ctrl_1444-3\x00
04-18 21:34:32.746  2106  2106 D wpa_supplicant: wlan0: BSS: Add new id 112 BSSID 18:8b:9d:90:3b:0e SSID 'ROKID.GUEST'
04-18 21:34:32.746  2106  2106 D wpa_supplicant: CTRL-DEBUG: ctrl_sock-sendmsg: sock=11 sndbuf=163840 outq=3584 send_len=42
04-18 21:34:32.746  2106  2106 D wpa_supplicant: CTRL_IFACE monitor sent successfully to /data/misc/wifi/sockets/wpa_ctrl_504-2\x00
04-18 21:34:32.747  2106  2106 D wpa_supplicant: CTRL-DEBUG: ctrl_sock-sendmsg: sock=11 sndbuf=163840 outq=4032 send_len=42
04-18 21:34:32.747  2106  2106 D wpa_supplicant: CTRL_IFACE monitor sent successfully to /data/misc/wifi/sockets/wpa_ctrl_1444-3\x00
04-18 21:34:32.747  2106  2106 D wpa_supplicant: wlan0: BSS: Add new id 113 BSSID 18:8b:9d:90:3b:0d SSID 'ROKID.TEST'
04-18 21:34:32.747  2106  2106 D wpa_supplicant: CTRL-DEBUG: ctrl_sock-sendmsg: sock=11 sndbuf=163840 outq=4480 send_len=42
04-18 21:34:32.747  2106  2106 D wpa_supplicant: CTRL_IFACE monitor sent successfully to /data/misc/wifi/sockets/wpa_ctrl_504-2\x00
04-18 21:34:32.747  2106  2106 D wpa_supplicant: CTRL-DEBUG: ctrl_sock-sendmsg: sock=11 sndbuf=163840 outq=4928 send_len=42
04-18 21:34:32.747  2106  2106 D wpa_supplicant: CTRL_IFACE monitor sent successfully to /data/misc/wifi/sockets/wpa_ctrl_1444-3\x00
04-18 21:34:32.747  2106  2106 D wpa_supplicant: wlan0: BSS: Add new id 114 BSSID a4:6c:2a:63:38:5d SSID 'ROKID.TEST'
04-18 21:34:32.747  2106  2106 D wpa_supplicant: CTRL-DEBUG: ctrl_sock-sendmsg: sock=11 sndbuf=163840 outq=5376 send_len=42
04-18 21:34:32.747  2106  2106 D wpa_supplicant: CTRL_IFACE monitor sent successfully to /data/misc/wifi/sockets/wpa_ctrl_504-2\x00
04-18 21:34:32.747  2106  2106 D wpa_supplicant: CTRL-DEBUG: ctrl_sock-sendmsg: sock=11 sndbuf=163840 outq=5824 send_len=42
04-18 21:34:32.747  2106  2106 D wpa_supplicant: CTRL_IFACE monitor sent successfully to /data/misc/wifi/sockets/wpa_ctrl_1444-3\x00
04-18 21:34:32.747  2106  2106 D wpa_supplicant: wlan0: BSS: Add new id 115 BSSID a4:6c:2a:63:38:5f SSID 'ROKID.TC'
04-18 21:34:32.747  2106  2106 D wpa_supplicant: CTRL-DEBUG: ctrl_sock-sendmsg: sock=11 sndbuf=163840 outq=6272 send_len=42
04-18 21:34:32.747  2106  2106 D wpa_supplicant: CTRL_IFACE monitor sent successfully to /data/misc/wifi/sockets/wpa_ctrl_504-2\x00
04-18 21:34:32.747  2106  2106 D wpa_supplicant: CTRL-DEBUG: ctrl_sock-sendmsg: sock=11 sndbuf=163840 outq=6720 send_len=42
04-18 21:34:32.747  2106  2106 D wpa_supplicant: CTRL_IFACE monitor sent successfully to /data/misc/wifi/sockets/wpa_ctrl_1444-3\x00
04-18 21:34:32.747  2106  2106 D wpa_supplicant: wlan0: BSS: Add new id 116 BSSID a4:6c:2a:63:38:5e SSID 'ROKID.GUEST'
04-18 21:34:32.747  2106  2106 D wpa_supplicant: CTRL-DEBUG: ctrl_sock-sendmsg: sock=11 sndbuf=163840 outq=7168 send_len=42
04-18 21:34:32.747  2106  2106 D wpa_supplicant: CTRL_IFACE monitor sent successfully to /data/misc/wifi/sockets/wpa_ctrl_504-2\x00
04-18 21:34:32.747  2106  2106 D wpa_supplicant: CTRL-DEBUG: ctrl_sock-sendmsg: sock=11 sndbuf=163840 outq=7616 send_len=42
04-18 21:34:32.747  2106  2106 D wpa_supplicant: CTRL_IFACE monitor sent successfully to /data/misc/wifi/sockets/wpa_ctrl_1444-3\x00
04-18 21:34:32.747  2106  2106 D wpa_supplicant: wlan0: BSS: Add new id 117 BSSID a4:6c:2a:1b:58:4d SSID 'ROKID.TEST'
04-18 21:34:32.748  2106  2106 D wpa_supplicant: CTRL-DEBUG: ctrl_sock-sendmsg: sock=11 sndbuf=163840 outq=8064 send_len=42
04-18 21:34:32.748  2106  2106 D wpa_supplicant: CTRL_IFACE monitor sent successfully to /data/misc/wifi/sockets/wpa_ctrl_504-2\x00
04-18 21:34:32.748  2106  2106 D wpa_supplicant: CTRL-DEBUG: ctrl_sock-sendmsg: sock=11 sndbuf=163840 outq=8512 send_len=42
04-18 21:34:32.748  2106  2106 D wpa_supplicant: CTRL_IFACE monitor sent successfully to /data/misc/wifi/sockets/wpa_ctrl_1444-3\x00
