04-25 17:17:38.152  1426  1783 I TetherStatsReporting:   [2] iface=wlan0 uid=1000 set=DEFAULT tag=0x0 rxBytes=61895 rxPackets=510 txBytes=77262 txPackets=963 operations=0
04-25 17:17:38.152  1426  1783 I TetherStatsReporting:   [3] iface=wlan0 uid=1000 set=FOREGROUND tag=0x0 rxBytes=0 rxPackets=0 txBytes=0 txPackets=0 operations=0
04-25 17:17:38.152  1426  1783 I TetherStatsReporting:   [4] iface=wlan0 uid=10014 set=DEFAULT tag=0x0 rxBytes=0 rxPackets=0 txBytes=0 txPackets=0 operations=0
04-25 17:17:38.152  1426  1783 I TetherStatsReporting:   [5] iface=wlan0 uid=10014 set=FOREGROUND tag=0x0 rxBytes=452376 rxPackets=857 txBytes=115299 txPackets=1129 operations=0
04-25 17:17:38.152  1426  1783 I TetherStatsReporting:   [6] iface=wlan0 uid=10018 set=DEFAULT tag=0x0 rxBytes=0 rxPackets=0 txBytes=0 txPackets=0 operations=0
04-25 17:17:38.152  1426  1783 I TetherStatsReporting:   [7] iface=wlan0 uid=10018 set=FOREGROUND tag=0x0 rxBytes=0 rxPackets=0 txBytes=109200 txPackets=1300 operations=0
04-25 17:17:38.152  1426  1783 I TetherStatsReporting:   [8] iface=wlan0 uid=10021 set=DEFAULT tag=0x0 rxBytes=0 rxPackets=0 txBytes=0 txPackets=0 operations=0
04-25 17:17:38.152  1426  1783 I TetherStatsReporting:   [9] iface=wlan0 uid=10021 set=FOREGROUND tag=0x0 rxBytes=6562 rxPackets=14 txBytes=1813 txPackets=18 operations=0
04-25 17:17:38.152  1426  1783 I TetherStatsReporting:   [10] iface=wlan0 uid=10022 set=DEFAULT tag=0x0 rxBytes=0 rxPackets=0 txBytes=0 txPackets=0 operations=0
04-25 17:17:38.152  1426  1783 I TetherStatsReporting:   [11] iface=wlan0 uid=10022 set=FOREGROUND tag=0x0 rxBytes=195194 rxPackets=425 txBytes=53333 txPackets=545 operations=0
04-25 17:17:38.152  1426  1783 I TetherStatsReporting:   [12] iface=wlan0 uid=10024 set=DEFAULT tag=0x0 rxBytes=0 rxPackets=0 txBytes=0 txPackets=0 operations=0
04-25 17:17:38.152  1426  1783 I TetherStatsReporting:   [13] iface=wlan0 uid=10024 set=FOREGROUND tag=0x0 rxBytes=37628 rxPackets=326 txBytes=44708 txPackets=630 operations=0
04-25 17:17:38.152  1426  1783 I TetherStatsReporting:   [14] iface=wlan0 uid=10076 set=DEFAULT tag=0x0 rxBytes=131310 rxPackets=155 txBytes=21214 txPackets=154 operations=0
04-25 17:17:38.152  1426  1783 I TetherStatsReporting:   [15] iface=wlan0 uid=10076 set=FOREGROUND tag=0x0 rxBytes=30384 rxPackets=39 txBytes=6584 txPackets=42 operations=0
04-25 17:17:38.152  1426  1783 I TetherStatsReporting:   [16] iface=dummy0 uid=0 set=DEFAULT tag=0x0 rxBytes=0 rxPackets=0 txBytes=168 txPackets=3 operations=0
04-25 17:17:38.152  1426  1783 I TetherStatsReporting:   [17] iface=dummy0 uid=0 set=FOREGROUND tag=0x0 rxBytes=0 rxPackets=0 txBytes=0 txPackets=0 operations=0
04-25 17:17:38.152  1426  1783 I TetherStatsReporting:   [18] iface=lo uid=0 set=DEFAULT tag=0x0 rxBytes=180 rxPackets=3 txBytes=120 txPackets=3 operations=0
04-25 17:17:38.152  1426  1783 I TetherStatsReporting:   [19] iface=lo uid=0 set=FOREGROUND tag=0x0 rxBytes=0 rxPackets=0 txBytes=0 txPackets=0 operations=0
04-25 17:17:38.152  1426  1783 I TetherStatsReporting:   [20] iface=lo uid=2000 set=DEFAULT tag=0x0 rxBytes=13911173 rxPackets=11057 txBytes=13910067 txPackets=11056 operations=0
04-25 17:17:38.152  1426  1783 I TetherStatsReporting:   [21] iface=lo uid=2000 set=FOREGROUND tag=0x0 rxBytes=0 rxPackets=0 txBytes=0 txPackets=0 operations=0
04-25 17:17:38.152  1426  1783 I TetherStatsReporting:   [22] iface=lo uid=10076 set=DEFAULT tag=0x0 rxBytes=3247 rxPackets=59 txBytes=4159 txPackets=60 operations=0
04-25 17:17:38.152  1426  1783 I TetherStatsReporting:   [23] iface=lo uid=10076 set=FOREGROUND tag=0x0 rxBytes=1196 rxPackets=23 txBytes=1450 txPackets=23 operations=0
04-25 17:17:38.153  1426  1783 I TetherStatsReporting: combining tether stats
04-25 17:17:38.153  2430  2772 D QtiTetherService/IpaWrapper: getStats(false)
04-25 17:17:38.155  1426  1783 D NtpTrustedTime: currentTimeMillis() cache hit
04-25 17:17:38.155  1426  1784 D NtpTrustedTime: currentTimeMillis() cache hit
04-25 17:17:38.156  1426  1784 D NtpTrustedTime: currentTimeMillis() cache hit
04-25 17:17:38.192  1426  1544 W ProcessCpuTracker: Skipping unknown process pid 11645
04-25 17:17:39.105  2132  2132 I chatty  : uid=1010(wifi) /system/bin/wpa_supplicant expire 10 lines
04-25 17:17:39.407  2340  3261 I NetworkMonitor: start ping process
04-25 17:17:42.131  1426  1788 D ConnectivityService: notifyType CAP_CHANGED for NetworkAgentInfo [WIFI () - 100]
04-25 17:17:45.148  1426  1788 D ConnectivityService: notifyType CAP_CHANGED for NetworkAgentInfo [WIFI () - 100]
04-25 17:17:45.163  1426  1544 W ProcessCpuTracker: Skipping unknown process pid 12286
04-25 17:17:47.849  2484  2777 E LightJNI: failed to lock buffer...
04-25 17:17:47.951  3345  3347 I RKUPL_r2audio: ----------1840.910034
04-25 17:17:48.159  1426  1788 D ConnectivityService: notifyType CAP_CHANGED for NetworkAgentInfo [WIFI () - 100]
04-25 17:17:48.507  2340  3261 I NetworkMonitor: statistics starts at 12
04-25 17:17:48.507  2340  3261 I NetworkMonitor: match@6
04-25 17:17:48.507  2340  3261 I NetworkMonitor: send 10 with recv 10 lose 0 in 9015ms
04-25 17:17:48.507  2340  3261 I NetworkMonitor: roundTrip match@7
04-25 17:17:48.507  2340  3261 I NetworkMonitor: min:32.622/avg:35.739/max:37.789/mdev:1.937
04-25 17:17:48.507  2340  3261 I NetworkMonitor: ping process exit, lantency is 35
04-25 17:17:49.114  2484  2777 E LightJNI: failed to lock buffer...
04-25 17:17:49.315  2484  2777 E LightJNI: failed to lock buffer...
04-25 17:17:49.700  2376  3125 D tts.WSThread: doPing
04-25 17:17:49.715  2376  3313 D tts.WSInHandler: channel read0
04-25 17:17:49.715  2376  3313 D tts.WSInHandler: recv pong
04-25 17:17:53.443  2452  3128 I ChannelThread: ping server
04-25 17:17:53.466  2452  3362 D WSToPBHandler: channel read0
04-25 17:17:53.466  2452  3362 E WSToPBHandler: recv pong
04-25 17:17:53.621  1426  3024 E LocSvc_libulp: I/int ulp_msg_process_system_update(UlpSystemEvent): systemEvent:5 
04-25 17:17:53.621  1426  3024 E LocSvc_libulp: I/int ulp_msg_process_start_req(), at ulp state = 1
04-25 17:17:53.621  1426  2190 E LocSvc_api_v02: I/---> locClientSendReq line 2020 QMI_LOC_GET_BEST_AVAILABLE_POSITION_REQ_V02
04-25 17:17:53.624  1426  2197 E LocSvc_ApiV02: I/<--- void globalRespCb(locClientHandleType, uint32_t, locClientRespIndUnionType, void*) line 115 QMI_LOC_GET_BEST_AVAILABLE_POSITION_REQ_V02
04-25 17:17:53.624  1426  3024 E LocSvc_libulp: I/int ulp_brain_process_zpp_position_report(loc_sess_status, LocPosTechMask, UlpLocation*), report ZPP position to providers,report_position = 1
04-25 17:17:54.176  2132  2132 I chatty  : uid=1010(wifi) /system/bin/wpa_supplicant expire 10 lines
04-25 17:17:54.862  1426  1510 I ProcessStatsService: Prepared write state in 2ms
04-25 17:17:54.865  1426  1510 I ProcessStatsService: Prepared write state in 2ms
04-25 17:17:56.641  3345  3347 I RKUPL_r2audio: ----------2275.226074
04-25 17:17:57.285  2412  2412 I RKLoginManager: sync location!!
04-25 17:17:57.285  2412  2412 I RKLoginManager: get current sessionId: ONLINE:ROKI:62EB1F261C2E4FEAA2CBCC4088B65FFA
04-25 17:17:57.285  2412  2412 I RKConnectionHelper: get resolved host by RAPI
04-25 17:17:57.285  2412  2412 I RKConnectionHelper: request to generate rapi host
04-25 17:17:57.287  2412  2412 I RKConnectionHelper: Rokid is in PRO mode!
04-25 17:17:57.287  2412  2412 D HttpDNS : [getIpByHost] - fetch result from cache, host: rapi.service.rokid.com
04-25 17:17:57.287  2412  2412 I RKConnectionHelper: resolve host for: rapi.service.rokid.com successfully
04-25 17:17:57.287  2412  3336 D HttpDNS : [QueryHostTask.call] - buildUrl: http://101.37.99.33/131709/d?host=rapi.service.rokid.com
04-25 17:17:57.287  2412  2412 I RKConnectionHelper: resolved host for rapi: 120.55.199.6
04-25 17:17:57.287  2412  2412 I RKConnectionManager: get account host resolved: true, host resolved: 120.55.199.6, origin host: rapi.service.rokid.com
04-25 17:17:57.287  2412  2412 I RKConnectionManager: RAPI Service URL: https://120.55.199.6/rapi.do
04-25 17:17:57.288  2412  2412 D RKConnectionManager: start new rapi service request task...host: https://120.55.199.6/rapi.do
04-25 17:17:57.288  2412  2412 E RKConnectionManager: Test sync request time cost: 1
04-25 17:17:57.290  2412  8181 D RKConnectionManager: rapi request doInBackground start
04-25 17:17:57.290  2412  8181 D RKConnectionManager: rapi request for com.rokid.server.service.location.whereIsRokid v1.0 doInBackground ready
04-25 17:17:57.291  2412  8181 I RKLoginManager: get current sessionId: ONLINE:ROKI:62EB1F261C2E4FEAA2CBCC4088B65FFA
04-25 17:17:57.291  2412  8181 I RKConnectionManager: get current session id when start to do rapi request: ONLINE:ROKI:62EB1F261C2E4FEAA2CBCC4088B65FFA
04-25 17:17:57.291  2412  8181 I RKConnectionManager: rapi call session id replaced by current session id
04-25 17:17:57.292  2412  8181 W System  : ClassLoader referenced unknown path: /system/framework/tcmclient.jar
04-25 17:17:57.295  2412  8181 I RKConnectionManager: current x_request_datetime: 2017-04-25T17:17:57.294+0800;1493111877294
04-25 17:17:57.296  2412  8181 D RKConnectionManager: rapi protobuff created....
04-25 17:17:57.296  2412  8181 D RKConnectionManager: rapi set http post entity....
04-25 17:17:57.332  2412  3336 D HttpDNS : [QueryHostTask.call] - resolve host:rapi.service.rokid.com ip:120.55.199.6 ttl:513
04-25 17:17:57.398  2412  8181 D RKConnectionManager: rapi response get entity....
04-25 17:17:57.399  2412  8181 D RKConnectionManager: rapi HttpEntity is streaming....
04-25 17:17:57.399  2412  8181 D RKConnectionManager: responseData: "�J�{"city":"杭州市","country":"中国","district":"余杭区","ip":"183.129.185.66","latitude":"30.257736666666666","locationFrom":"COORDINATES","longitude":"120.04381833333333","postalCode":"","province":"浙江省","route":"","street":"G25长深高速","streetNumber":"","timeZone":{"dstOffset":0,"timeZoneId":"Asia/Shanghai","timeZoneName":"China Standard Time"}}�	
04-25 17:17:57.400  2412  8181 D RKConnectionManager: error:  | res: true | string_param: "{\"city\":\"\346\235\255\345\267\236\345\270\202\",\"country\":\"\344\270\255\345\233\275\",\"district\":\"\344\275\231\346\235\255\345\214\272\",\"ip\":\"183.129.185.66\",\"latitude\":\"30.257736666666666\",\"locationFrom\":\"COORDINATES\",\"longitude\":\"120.04381833333333\",\"postalCode\":\"\",\"province\":\"\346\265\231\346\261\237\347\234\201\",\"route\":\"\",\"street\":\"G25\351\225\277\346\267\261\351\253\230\351\200\237\",\"streetNumber\":\"\",\"timeZone\":{\"dstOffset\":0,\"timeZoneId\":\"Asia/Shanghai\",\"timeZoneName\":\"China Standard Time\"}}"
04-25 17:17:57.400  2412  8181 D RKConnectionManager: type: type_string
04-25 17:17:57.407  2412  2412 I RKLoginManager: sync location result {"city":"杭州市","country":"中国","district":"余杭区","ip":"183.129.185.66","latitude":"30.257736666666666","locationFrom":"COORDINATES","longitude":"120.04381833333333","postalCode":"","province":"浙江省","route":"","street":"G25长深高速","streetNumber":"","timeZone":{"dstOffset":0,"timeZoneId":"Asia/Shanghai","timeZoneName":"China Standard Time"}}
04-25 17:17:57.407  2412  2412 D RKLoginManager: curr time zone: Asia/Shanghai
04-25 17:17:59.425  3345  3347 I RKUPL_r2audio: ----------2388.694336
04-25 17:18:05.354  3345  3347 I RKUPL_r2audio: r2status Cur ---- AwakeFlag:true SleepFlag:false AsrFlag:false AecFlag:false
04-25 17:18:05.588  2484  2777 E LightJNI: failed to lock buffer...
04-25 17:18:06.751  2484  2777 E LightJNI: failed to lock buffer...
04-25 17:18:09.258  2132  2132 I chatty  : uid=1010(wifi) /system/bin/wpa_supplicant expire 10 lines
04-25 17:18:09.702  2376  3125 D tts.WSThread: doPing
04-25 17:18:09.725  2376  3313 D tts.WSInHandler: channel read0
04-25 17:18:09.725  2376  3313 D tts.WSInHandler: recv pong
04-25 17:18:11.489  3345  3347 I RKUPL_r2audio: ----------1914.752319
04-25 17:18:13.402  3345  3347 I RKUPL_r2audio: ----------1930.967651
04-25 17:18:18.153  3345  3347 I RKUPL_r2audio: ----------2547.598633
04-25 17:18:20.515  3345  3347 I RKUPL_r2audio: ----------2849.010498
04-25 17:18:23.446  2452  3128 I ChannelThread: ping server
04-25 17:18:23.474  2452  3362 D WSToPBHandler: channel read0
04-25 17:18:23.474  2452  3362 E WSToPBHandler: recv pong
04-25 17:18:24.333  2132  2132 I chatty  : uid=1010(wifi) /system/bin/wpa_supplicant expire 10 lines
04-25 17:18:25.529  2473  3334 D RKUpdateService: update check ticTac: 300
04-25 17:18:25.529  2473  3334 D RKUpdateService: >>>>>>>>>>>>>>>>>>>>>>>>>>>>>>>>>>>>>> regular update check timer task completed
04-25 17:18:25.539  2473  3334 D RKUpdateService: read rkupdate.json file: {"checkCode":0,"downloadId":0,"downloadProgress":0,"downloadedSize":0,"is_force_update":false,"totalSize":0,"updateAvailable":false}
04-25 17:18:25.539  2412  2505 I RKLoginManager: get current sessionId: ONLINE:ROKI:62EB1F261C2E4FEAA2CBCC4088B65FFA
04-25 17:18:25.539  2473  3334 D RKUpdateService: get loginSessionID when OTA update url: ONLINE:ROKI:62EB1F261C2E4FEAA2CBCC4088B65FFA
04-25 17:18:25.539  2473  3334 D RKUpdateService: get system build version code: 2.1.6-20170424.164728
04-25 17:18:25.539  2473  3334 I RKConnectionHelper: get resolved host by RAPI
04-25 17:18:25.539  2473  3334 I RKConnectionHelper: request to generate rapi host
04-25 17:18:25.540  2473  3334 I RKConnectionHelper: Rokid is in PRO mode!
04-25 17:18:25.540  2473  3334 D HttpDNS : [getIpByHost] - fetch result from cache, host: rapi.service.rokid.com
04-25 17:18:25.540  2473  3334 I RKConnectionHelper: resolve host for: rapi.service.rokid.com successfully
04-25 17:18:25.540  2473  3334 I RKConnectionHelper: resolved host for rapi: 120.55.199.6
04-25 17:18:25.540  2473 18461 D HttpDNS : [QueryHostTask.call] - buildUrl: http://101.37.99.33/131709/d?host=rapi.service.rokid.com
04-25 17:18:25.540  2473  3334 I RKConnectionManager: get account host resolved: true, host resolved: 120.55.199.6, origin host: rapi.service.rokid.com
04-25 17:18:25.540  2473  3334 I RKConnectionManager: RAPI Service URL: https://120.55.199.6/rapi.do
04-25 17:18:25.540  2473  3334 D RKConnectionManager: start new rapi service request task...host: https://120.55.199.6/rapi.do
04-25 17:18:25.540  2473  3334 E RKConnectionManager: Test sync request time cost: 0
04-25 17:18:25.546  2473  3805 D RKConnectionManager: rapi request doInBackground start
04-25 17:18:25.546  2473  3805 D RKConnectionManager: rapi request for com.rokid.service.ota.check v1.0 doInBackground ready
04-25 17:18:25.547  2412  2672 I RKLoginManager: get current sessionId: ONLINE:ROKI:62EB1F261C2E4FEAA2CBCC4088B65FFA
04-25 17:18:25.551  2473  3805 I RKConnectionManager: get current session id when start to do rapi request: ONLINE:ROKI:62EB1F261C2E4FEAA2CBCC4088B65FFA
04-25 17:18:25.551  2473  3805 I RKConnectionManager: rapi call session id replaced by current session id
04-25 17:18:25.564  2473  3805 W System  : ClassLoader referenced unknown path: /system/framework/tcmclient.jar
04-25 17:18:25.565  2473  3805 I RKConnectionManager: current x_request_datetime: 2017-04-25T17:18:25.565+0800;1493111905565
04-25 17:18:25.565  2473  3805 D RKConnectionManager: rapi protobuff created....
04-25 17:18:25.565  2473  3805 D RKConnectionManager: rapi set http post entity....
04-25 17:18:25.577  2473 18461 D HttpDNS : [QueryHostTask.call] - resolve host:rapi.service.rokid.com ip:120.55.199.6 ttl:484
04-25 17:18:25.704  2473  3805 D RKConnectionManager: rapi response get entity....
04-25 17:18:25.704  2473  3805 D RKConnectionManager: rapi HttpEntity is streaming....
04-25 17:18:25.704  2473  3805 D RKConnectionManager: responseData: "J{"checkCode":0}�	
04-25 17:18:25.704  2473  3805 D RKConnectionManager: error:  | res: true | string_param: "{\"checkCode\":0}"
04-25 17:18:25.704  2473  3805 D RKConnectionManager: type: type_string
04-25 17:18:25.707  2473  3334 D RKUpdateService: get ota check response: {"checkCode":0}
04-25 17:18:25.709  2473  3334 D RKUpdateService: intent file path: /storage/emulated/0/rokid/rkupdate.json
04-25 17:18:25.701  3334  3334 I pool-1-thread-1: type=1400 audit(0.0:350): avc: denied { connectto } for path="/dev/socket/property_service" scontext=u:r:platform_app:s0:c512,c768 tcontext=u:r:init:s0 tclass=unix_stream_socket permissive=1
04-25 17:18:25.727  2473  3334 D RKUpdateService: finish updating rkupdate.json file
04-25 17:18:25.727  2473  3334 D RKUpdateService: no new available update from server, check local
04-25 17:18:25.763   427   427 I NODE    : info: _um.check(1)
04-25 17:18:25.761  4038  4038 I node-core-clust: type=1400 audit(0.0:351): avc: denied { connectto } for path="/dev/socket/dnsproxyd" scontext=u:r:init:s0 tcontext=u:r:netd:s0 tclass=unix_stream_socket permissive=1
04-25 17:18:25.761  1404  1404 I node-core-clust: type=1400 audit(0.0:352): avc: denied { create } for scontext=u:r:init:s0 tcontext=u:r:init:s0 tclass=tcp_socket permissive=1
04-25 17:18:25.761  1404  1404 I node-core-clust: type=1400 audit(0.0:353): avc: denied { ioctl } for path="socket:[709375]" dev="sockfs" ino=709375 ioctlcmd=5451 scontext=u:r:init:s0 tcontext=u:r:init:s0 tclass=tcp_socket permissive=1
04-25 17:18:25.761  1404  1404 I node-core-clust: type=1400 audit(0.0:354): avc: denied { getopt } for scontext=u:r:init:s0 tcontext=u:r:init:s0 tclass=tcp_socket permissive=1
04-25 17:18:25.761  1726  1726 I netd    : type=1400 audit(0.0:355): avc: denied { read write } for path="socket:[709375]" dev="sockfs" ino=709375 scontext=u:r:netd:s0 tcontext=u:r:init:s0 tclass=tcp_socket permissive=1
04-25 17:18:25.761  1726  1726 I netd    : type=1400 audit(0.0:356): avc: denied { getopt } for scontext=u:r:netd:s0 tcontext=u:r:init:s0 tclass=tcp_socket permissive=1
04-25 17:18:25.761  1726  1726 I netd    : type=1400 audit(0.0:357): avc: denied { setopt } for scontext=u:r:netd:s0 tcontext=u:r:init:s0 tclass=tcp_socket permissive=1
04-25 17:18:25.761  1404  1404 I node-core-clust: type=1400 audit(0.0:358): avc: denied { connect } for scontext=u:r:init:s0 tcontext=u:r:init:s0 tclass=tcp_socket permissive=1
04-25 17:18:25.761  1404  1404 I node-core-clust: type=1400 audit(0.0:359): avc: denied { name_connect } for dest=443 scontext=u:r:init:s0 tcontext=u:object_r:port:s0 tclass=tcp_socket permissive=1
04-25 17:18:25.811  1404  1404 I node-core-clust: type=1400 audit(0.0:360): avc: denied { write } for path="socket:[709375]" dev="sockfs" ino=709375 scontext=u:r:init:s0 tcontext=u:r:init:s0 tclass=tcp_socket permissive=1
04-25 17:18:25.851  1404  1404 I node-core-clust: type=1400 audit(0.0:361): avc: denied { read } for path="socket:[709375]" dev="sockfs" ino=709375 scontext=u:r:init:s0 tcontext=u:r:init:s0 tclass=tcp_socket permissive=1
04-25 17:18:25.903   427   427 I NODE    : info: _um next checking in 300.0s
04-25 17:18:26.147  3345  3347 I RKUPL_r2audio: ----------2959.440918
04-25 17:18:26.529  2473  3334 D RKUpdateService: update check ticTac: 0
04-25 17:18:28.900   409  2802 E leds_hw : busy
04-25 17:18:29.709  2376  3125 D tts.WSThread: doPing
04-25 17:18:29.729  2376  3313 D tts.WSInHandler: channel read0
04-25 17:18:29.729  2376  3313 D tts.WSInHandler: recv pong
04-25 17:18:32.184  2484  2777 E LightJNI: failed to lock buffer...
04-25 17:18:32.298  3345  3347 I RKUPL_r2audio: ----------2870.155762
04-25 17:18:32.781  2484  2777 E LightJNI: failed to lock buffer...
04-25 17:18:32.847  2484  2777 E LightJNI: failed to lock buffer...
04-25 17:18:32.979  2484  2777 E LightJNI: failed to lock buffer...
04-25 17:18:34.196  3345  3347 I RKUPL_r2audio: ----------2883.771973
04-25 17:18:37.432  3345  3347 I RKUPL_r2audio: ----------3604.080078
04-25 17:18:39.402  2132  2132 I chatty  : uid=1010(wifi) /system/bin/wpa_supplicant expire 28 lines
04-25 17:18:42.732  2484  2777 E LightJNI: failed to lock buffer...
04-25 17:18:43.362  2484  2777 E LightJNI: failed to lock buffer...
04-25 17:18:43.859  2484  2777 E LightJNI: failed to lock buffer...
04-25 17:18:45.720   351  1719 E NetlinkEvent: NetlinkEvent::FindParam(): Parameter 'TIME_NS' not found
04-25 17:18:45.720   351  1719 E NetlinkEvent: NetlinkEvent::FindParam(): Parameter 'UID' not found
04-25 17:18:48.508  2340  3261 I NetworkMonitor: start ping process
04-25 17:18:48.534   351  1719 E NetlinkEvent: NetlinkEvent::FindParam(): Parameter 'TIME_NS' not found
04-25 17:18:48.534   351  1719 E NetlinkEvent: NetlinkEvent::FindParam(): Parameter 'UID' not found
04-25 17:18:49.713  2376  3125 D tts.WSThread: doPing
04-25 17:18:50.133  2132  2132 I chatty  : uid=1010(wifi) /system/bin/wpa_supplicant expire 579 lines
04-25 17:18:50.146  2376  3313 D tts.WSInHandler: channel read0
04-25 17:18:50.146  2376  3313 D tts.WSInHandler: recv pong
04-25 17:18:50.157  2132  2132 D wpa_supplicant: WPS: attr type=0x1044 len=1
04-25 17:18:50.157  2132  2132 D wpa_supplicant: WPS: attr type=0x103b len=1
04-25 17:18:50.157  2132  2132 D wpa_supplicant: WPS: attr type=0x1047 len=16
04-25 17:18:50.157  2132  2132 D wpa_supplicant: WPS: attr type=0x1021 len=9
04-25 17:18:50.157  2132  2132 D wpa_supplicant: WPS: attr type=0x1023 len=7
04-25 17:18:50.157  2132  2132 D wpa_supplicant: WPS: attr type=0x1024 len=10
04-25 17:18:50.157  2132  2132 D wpa_supplicant: WPS: attr type=0x1042 len=1
04-25 17:18:50.157  2132  2132 D wpa_supplicant: WPS: attr type=0x1054 len=8
04-25 17:18:50.157  2132  2132 D wpa_supplicant: WPS: attr type=0x1011 len=15
04-25 17:18:50.157  2132  2132 D wpa_supplicant: WPS: attr type=0x1008 len=2
04-25 17:18:50.157  2132  2132 D wpa_supplicant: WPS: attr type=0x1049 len=6
04-25 17:18:50.157  2132  2132 D wpa_supplicant: WPS: WFA subelement id=0 len=1
04-25 17:18:50.157  2132  2132 D wpa_supplicant: WPS: attr type=0x104a len=1
04-25 17:18:50.157  2132  2132 D wpa_supplicant: WPS: attr type=0x1044 len=1
04-25 17:18:50.157  2132  2132 D wpa_supplicant: WPS: attr type=0x103b len=1
04-25 17:18:50.157  2132  2132 D wpa_supplicant: WPS: attr type=0x1047 len=16
04-25 17:18:50.157  2132  2132 D wpa_supplicant: WPS: attr type=0x1021 len=9
04-25 17:18:50.157  2132  2132 D wpa_supplicant: WPS: attr type=0x1023 len=7
04-25 17:18:50.157  2132  2132 D wpa_supplicant: WPS: attr type=0x1024 len=10
04-25 17:18:50.157  2132  2132 D wpa_supplicant: WPS: attr type=0x1042 len=1
04-25 17:18:50.157  2132  2132 D wpa_supplicant: WPS: attr type=0x1054 len=8
04-25 17:18:50.157  2132  2132 D wpa_supplicant: WPS: attr type=0x1011 len=15
04-25 17:18:50.157  2132  2132 D wpa_supplicant: WPS: attr type=0x1008 len=2
04-25 17:18:50.157  2132  2132 D wpa_supplicant: WPS: attr type=0x1049 len=6
04-25 17:18:50.158  2132  2132 D wpa_supplicant: WPS: WFA subelement id=0 len=1
04-25 17:18:50.158  2132  2132 D wpa_supplicant: WPS: attr type=0x104a len=1
04-25 17:18:50.158  2132  2132 D wpa_supplicant: WPS: attr type=0x1044 len=1
04-25 17:18:50.158  2132  2132 D wpa_supplicant: WPS: attr type=0x103b len=1
04-25 17:18:50.158  2132  2132 D wpa_supplicant: WPS: attr type=0x1047 len=16
04-25 17:18:50.158  2132  2132 D wpa_supplicant: WPS: attr type=0x1021 len=6
04-25 17:18:50.158  2132  2132 D wpa_supplicant: WPS: attr type=0x1023 len=2
04-25 17:18:50.158  2132  2132 D wpa_supplicant: WPS: attr type=0x1024 len=4
04-25 17:18:50.158  2132  2132 D wpa_supplicant: WPS: attr type=0x1042 len=8
04-25 17:18:50.158  2132  2132 D wpa_supplicant: WPS: attr type=0x1054 len=8
04-25 17:18:50.158  2132  2132 D wpa_supplicant: WPS: attr type=0x1011 len=12
04-25 17:18:50.158  2132  2132 D wpa_supplicant: WPS: attr type=0x1008 len=2
04-25 17:18:50.158  2132  2132 D wpa_supplicant: WPS: attr type=0x103c len=1
04-25 17:18:50.158  2132  2132 D wpa_supplicant: WPS: attr type=0x1049 len=6
04-25 17:18:50.158  2132  2132 D wpa_supplicant: WPS: WFA subelement id=0 len=1
04-25 17:18:50.187  2132  2132 D wpa_supplicant: wlan0: Control interface command 'BSS RANGE=1212- MASK=0x29d87'
04-25 17:18:50.187  2132  2132 D wpa_supplicant: WPS: attr type=0x104a len=1
04-25 17:18:50.189  2132  2132 D wpa_supplicant: CTRL-DEBUG: global_ctrl_sock-sendto: sock=11 sndbuf=163840 outq=0 send_len=3581
04-25 17:18:50.189  2132  2132 D wpa_supplicant: wlan0: Control interface command 'BSS RANGE=1217- MASK=0x29d87'
04-25 17:18:50.190  2132  2132 D wpa_supplicant: CTRL-DEBUG: global_ctrl_sock-sendto: sock=11 sndbuf=163840 outq=0 send_len=2292
04-25 17:18:50.193   612   827 W XTCC-5.1.0.8: [WifiScanner] WiFi scan result : [40] AP's
04-25 17:18:50.216  2132  2132 D wpa_supplicant: wlan0: Control interface command 'STATUS-NO_EVENTS'
04-25 17:18:50.217  2132  2132 D wpa_supplicant: EAPOL: EAP Session-Id not available
04-25 17:18:50.217  2132  2132 D wpa_supplicant: CTRL-DEBUG: global_ctrl_sock-sendto: sock=11 sndbuf=163840 outq=0 send_len=271
04-25 17:18:50.218  2340  2340 I WifiStateHolder: receive action android.net.wifi.SCAN_RESULTS, updated = true
04-25 17:18:51.457  2132  2132 D wpa_supplicant: wlan0: Control interface command 'SIGNAL_POLL'
04-25 17:18:51.467  2132  2132 D wpa_supplicant: CTRL-DEBUG: global_ctrl_sock-sendto: sock=11 sndbuf=163840 outq=0 send_len=49
04-25 17:18:51.601  3345  3347 I RKUPL_r2audio: ----------2263.754150
04-25 17:18:53.455  2452  3128 I ChannelThread: ping server
04-25 17:18:53.478  2452  3362 D WSToPBHandler: channel read0
04-25 17:18:53.479  2452  3362 E WSToPBHandler: recv pong
04-25 17:18:53.621  1426  3024 E LocSvc_libulp: I/int ulp_msg_process_system_update(UlpSystemEvent): systemEvent:5 
04-25 17:18:53.621  1426  3024 E LocSvc_libulp: I/int ulp_msg_process_start_req(), at ulp state = 1
04-25 17:18:53.621  1426  2190 E LocSvc_api_v02: I/---> locClientSendReq line 2020 QMI_LOC_GET_BEST_AVAILABLE_POSITION_REQ_V02
04-25 17:18:53.624  1426  2197 E LocSvc_ApiV02: I/<--- void globalRespCb(locClientHandleType, uint32_t, locClientRespIndUnionType, void*) line 115 QMI_LOC_GET_BEST_AVAILABLE_POSITION_REQ_V02
04-25 17:18:53.625  1426  3024 E LocSvc_libulp: I/int ulp_brain_process_zpp_position_report(loc_sess_status, LocPosTechMask, UlpLocation*), report ZPP position to providers,report_position = 1
04-25 17:18:54.470  2132  2132 D wpa_supplicant: wlan0: Control interface command 'SIGNAL_POLL'
04-25 17:18:54.480  2132  2132 D wpa_supplicant: CTRL-DEBUG: global_ctrl_sock-sendto: sock=11 sndbuf=163840 outq=0 send_len=49
04-25 17:18:54.838   409  2802 E leds_hw : busy
04-25 17:18:55.417  3345  3347 I RKUPL_r2audio: r2status Cur ---- AwakeFlag:true SleepFlag:false AsrFlag:false AecFlag:false
04-25 17:18:57.481  2132  2132 D wpa_supplicant: wlan0: Control interface command 'SIGNAL_POLL'
04-25 17:18:57.491  2132  2132 D wpa_supplicant: CTRL-DEBUG: global_ctrl_sock-sendto: sock=11 sndbuf=163840 outq=0 send_len=49
04-25 17:18:57.585  2340  3261 I NetworkMonitor: statistics starts at 12
04-25 17:18:57.586  2340  3261 I NetworkMonitor: match@6
04-25 17:18:57.586  2340  3261 I NetworkMonitor: send 10 with recv 10 lose 0 in 9011ms
04-25 17:18:57.586  2340  3261 I NetworkMonitor: roundTrip match@7
04-25 17:18:57.586  2340  3261 I NetworkMonitor: min:30.252/avg:109.434/max:629.723/mdev:178.531
04-25 17:18:57.586  2340  3261 I NetworkMonitor: ping process exit, lantency is 109
04-25 17:19:00.496  2132  2132 D wpa_supplicant: wlan0: Control interface command 'SIGNAL_POLL'
04-25 17:19:00.503  2132  2132 D wpa_supplicant: CTRL-DEBUG: global_ctrl_sock-sendto: sock=11 sndbuf=163840 outq=0 send_len=49
04-25 17:19:00.784  2484  2777 E LightJNI: failed to lock buffer...
04-25 17:19:00.984  2484  2777 E LightJNI: failed to lock buffer...
04-25 17:19:03.507  2132  2132 D wpa_supplicant: wlan0: Control interface command 'SIGNAL_POLL'
04-25 17:19:03.513  2132  2132 D wpa_supplicant: CTRL-DEBUG: global_ctrl_sock-sendto: sock=11 sndbuf=163840 outq=0 send_len=49
04-25 17:19:06.522  2132  2132 D wpa_supplicant: wlan0: Control interface command 'SIGNAL_POLL'
04-25 17:19:06.536  2132  2132 D wpa_supplicant: CTRL-DEBUG: global_ctrl_sock-sendto: sock=11 sndbuf=163840 outq=0 send_len=49
04-25 17:19:08.006 20178 20178 D AndroidRuntime: >>>>>> START com.android.internal.os.RuntimeInit uid 2000 <<<<<<
04-25 17:19:08.011 20178 20178 D AndroidRuntime: CheckJNI is OFF
04-25 17:19:08.062 20178 20178 D ICU     : No timezone override file found: /data/misc/zoneinfo/current/icu/icu_tzdata.dat
04-25 17:19:08.118 20178 20178 I Radio-JNI: register_android_hardware_Radio DONE
04-25 17:19:08.132 20178 20178 V RKStartup: register jni methods in real ...
04-25 17:19:08.163 20178 20178 D AndroidRuntime: Calling main entry com.android.commands.am.Am
04-25 17:19:08.166  1426  1768 I ActivityManager: Force stopping com.rokid.rkengine appid=10078 user=0: from pid 20178
04-25 17:19:08.166  1426  1768 I ActivityManager: Killing 24081:com.rokid.rkengine/u0a78 (adj 7): stop com.rokid.rkengine
04-25 17:19:08.189  1426  1777 W InputDispatcher: channel 'ef488b0 com.rokid.rkengine/com.rokid.rkengine.MainActivity (server)' ~ Consumer closed input channel or an error occurred.  events=0x9
04-25 17:19:08.189  1426  1777 E InputDispatcher: channel 'ef488b0 com.rokid.rkengine/com.rokid.rkengine.MainActivity (server)' ~ Channel is unrecoverably broken and will be disposed!
04-25 17:19:08.189  2585  2784 W RKNativeAppClientService: callback death!
04-25 17:19:08.190  1426  2506 I WindowState: WIN DEATH: Window{ef488b0 u0 com.rokid.rkengine/com.rokid.rkengine.MainActivity}
04-25 17:19:08.190  1426  2506 W InputDispatcher: Attempted to unregister already unregistered input channel 'ef488b0 com.rokid.rkengine/com.rokid.rkengine.MainActivity (server)'
04-25 17:19:08.239  1426  1768 I ActivityManager:   Force finishing activity ActivityRecord{79eecb2 u0 com.rokid.rkengine/.MainActivity t69}
04-25 17:19:08.241 20178 20178 D AndroidRuntime: Shutting down VM
04-25 17:19:08.241  1426  2569 W ActivityManager: Spurious death for ProcessRecord{40066f1 0:com.rokid.rkengine/u0a78}, curProc for 24081: null
04-25 17:19:09.150 20306 20306 D AndroidRuntime: >>>>>> START com.android.internal.os.RuntimeInit uid 2000 <<<<<<
04-25 17:19:09.156 20306 20306 D AndroidRuntime: CheckJNI is OFF
04-25 17:19:09.208 20306 20306 D ICU     : No timezone override file found: /data/misc/zoneinfo/current/icu/icu_tzdata.dat
04-25 17:19:09.249 20306 20306 I Radio-JNI: register_android_hardware_Radio DONE
04-25 17:19:09.255 20306 20306 V RKStartup: register jni methods in real ...
04-25 17:19:09.277 20306 20306 D AndroidRuntime: Calling main entry com.android.commands.pm.Pm
04-25 17:19:09.283 20306 20306 I art     : System.exit called, status: 0
04-25 17:19:09.283 20306 20306 I AndroidRuntime: VM exiting with result code 0.
04-25 17:19:09.540  2132  2132 D wpa_supplicant: wlan0: Control interface command 'SIGNAL_POLL'
04-25 17:19:09.550  2132  2132 D wpa_supplicant: CTRL-DEBUG: global_ctrl_sock-sendto: sock=11 sndbuf=163840 outq=0 send_len=49
04-25 17:19:09.713  2376  3125 D tts.WSThread: doPing
04-25 17:19:09.732  2376  3313 D tts.WSInHandler: channel read0
04-25 17:19:09.732  2376  3313 D tts.WSInHandler: recv pong
04-25 17:19:12.552  2132  2132 D wpa_supplicant: wlan0: Control interface command 'SIGNAL_POLL'
04-25 17:19:12.563  2132  2132 D wpa_supplicant: CTRL-DEBUG: global_ctrl_sock-sendto: sock=11 sndbuf=163840 outq=0 send_len=49
04-25 17:19:13.154 20576 20576 D AndroidRuntime: >>>>>> START com.android.internal.os.RuntimeInit uid 2000 <<<<<<
04-25 17:19:13.158 20576 20576 D AndroidRuntime: CheckJNI is OFF
04-25 17:19:13.208 20576 20576 D ICU     : No timezone override file found: /data/misc/zoneinfo/current/icu/icu_tzdata.dat
04-25 17:19:13.240 20617 20617 D AndroidRuntime: >>>>>> START com.android.internal.os.RuntimeInit uid 2000 <<<<<<
04-25 17:19:13.244 20617 20617 D AndroidRuntime: CheckJNI is OFF
04-25 17:19:13.264 20576 20576 I Radio-JNI: register_android_hardware_Radio DONE
04-25 17:19:13.271 20576 20576 V RKStartup: register jni methods in real ...
04-25 17:19:13.290 20576 20576 D AndroidRuntime: Calling main entry com.android.commands.wm.Wm
04-25 17:19:13.290 20617 20617 D ICU     : No timezone override file found: /data/misc/zoneinfo/current/icu/icu_tzdata.dat
04-25 17:19:13.293 20576 20576 D AndroidRuntime: Shutting down VM
04-25 17:19:13.327 20617 20617 I Radio-JNI: register_android_hardware_Radio DONE
04-25 17:19:13.332 20617 20617 V RKStartup: register jni methods in real ...
04-25 17:19:13.349 20617 20617 D AndroidRuntime: Calling main entry com.android.commands.pm.Pm
04-25 17:19:13.359  6979  7000 E NativeLibraryHelper: Failed to load assets verifier: 0
04-25 17:19:13.363  6979  6991 D DefContainer: Copying /data/local/tmp/com.rokid.rkengine to base.apk
04-25 17:19:13.369  1426  1566 E NativeLibraryHelper: Failed to load assets verifier: 0
04-25 17:19:13.398  1426  1566 E NativeLibraryHelper: Failed to load assets verifier: 0
04-25 17:19:13.400  1426  1566 I PackageManager.DexOptimizer: Running dexopt (dex2oat) on: /data/app/vmdl1248141275.tmp/base.apk pkg=com.rokid.rkengine isa=arm vmSafeMode=false debuggable=true oatDir = /data/app/vmdl1248141275.tmp/oat bootComplete=true
04-25 17:19:13.439 20679 20679 I dex2oat : /system/bin/dex2oat --debuggable
04-25 17:19:13.729 20679 20679 I dex2oat : dex2oat took 290.726ms (threads: 4) arena alloc=78KB java alloc=300KB native alloc=2MB free=2MB
04-25 17:19:13.736  1426  1510 I ActivityManager: Force stopping com.rokid.rkengine appid=10078 user=-1: uninstall pkg
04-25 17:19:13.810  1426  1566 I PackageManager: Package com.rokid.rkengine codePath changed from /data/app/com.rokid.rkengine-2 to /data/app/com.rokid.rkengine-1; Retaining data and using new
04-25 17:19:13.810  1426  1510 I ActivityManager: Force stopping com.rokid.rkengine appid=10078 user=-1: replace pkg
04-25 17:19:13.811  1426  1566 W PackageManager: Code path for com.rokid.rkengine changing from /data/app/com.rokid.rkengine-2 to /data/app/com.rokid.rkengine-1
04-25 17:19:13.811  1426  1566 W PackageManager: Resource path for com.rokid.rkengine changing from /data/app/com.rokid.rkengine-2 to /data/app/com.rokid.rkengine-1
04-25 17:19:13.911  3349  3349 I runtime : type=1400 audit(0.0:362): avc: denied { ioctl } for path="/dev/snd/pcmC1D0c" dev="tmpfs" ino=8852 ioctlcmd=4151 scontext=u:r:init:s0 tcontext=u:object_r:audio_device:s0 tclass=chr_file permissive=1
04-25 17:19:13.987  1426  1566 W Settings: Setting install_non_market_apps has moved from android.provider.Settings.Global to android.provider.Settings.Secure, returning read-only value.
04-25 17:19:13.987  1426  1566 I art     : Starting a blocking GC Explicit
04-25 17:19:14.021  1426  1566 I art     : Explicit concurrent mark sweep GC freed 56730(3MB) AllocSpace objects, 15(480KB) LOS objects, 33% free, 9MB/14MB, paused 616us total 33.970ms
04-25 17:19:14.032  1426  1566 W PackageManager: Couldn't remove dex file for package:  at location /data/app/com.rokid.rkengine-2/base.apk, retcode=-1
04-25 17:19:14.032  1426  1566 I ActivityManager: Force stopping com.rokid.rkengine appid=10078 user=0: pkg removed
04-25 17:19:14.034 20617 20617 I art     : System.exit called, status: 0
04-25 17:19:14.034 20617 20617 I AndroidRuntime: VM exiting with result code 0.
04-25 17:19:14.054  1426  1426 D JobSchedulerService: Receieved: android.intent.action.PACKAGE_REMOVED
04-25 17:19:14.056  3395  3395 D BluetoothMapAppObserver: onReceive
04-25 17:19:14.056  3395  3395 D BluetoothMapAppObserver: The removed package is: com.rokid.rkengine
04-25 17:19:14.060  1426  1778 I InputReader: Reconfiguring input devices.  changes=0x00000010
04-25 17:19:14.060  2443  2443 D CarrierServiceBindHelper: Receive action: android.intent.action.PACKAGE_REMOVED
04-25 17:19:14.060  2443  2443 D CarrierServiceBindHelper: mHandler: 3
04-25 17:19:14.062  3395  3395 D BluetoothMapAppObserver: onReceive
04-25 17:19:14.063  3395  3395 D BluetoothMapAppObserver: The installed package is: com.rokid.rkengine
04-25 17:19:14.063  1426  1778 I InputReader: Reconfiguring input devices.  changes=0x00000010
04-25 17:19:14.065  3395  3395 D BluetoothMapAppObserver: Found 0 application(s) with intent android.bluetooth.action.BLUETOOTH_MAP_PROVIDER
04-25 17:19:14.066  3395  3395 D BluetoothMapAppObserver: Found 0 application(s) with intent android.bluetooth.action.BLUETOOTH_MAP_IM_PROVIDER
04-25 17:19:14.086 12215 12215 W ContextImpl: Calling a method in the system process without a qualified user: android.app.ContextImpl.startService:1225 android.content.ContextWrapper.startService:581 android.content.ContextWrapper.startService:581 com.android.keychain.KeyChainBroadcastReceiver.onReceive:12 android.app.ActivityThread.handleReceiver:2729 
04-25 17:19:14.088  1426  1509 W Searchables: No global search activity found
04-25 17:19:14.089  1426  1778 I InputReader: Reconfiguring input devices.  changes=0x00000010
04-25 17:19:14.091  2443  2443 D CarrierServiceBindHelper: Receive action: android.intent.action.PACKAGE_ADDED
04-25 17:19:14.092  2443  2443 D CarrierServiceBindHelper: Receive action: android.intent.action.PACKAGE_REPLACED
04-25 17:19:14.092  2443  2443 D CarrierServiceBindHelper: mHandler: 3
04-25 17:19:14.092  2443  2443 D CarrierServiceBindHelper: mHandler: 3
04-25 17:19:14.092  2443  2443 D CarrierConfigLoader: mHandler: 9 phoneId: 0
04-25 17:19:14.107  1426  2506 I RKAndroidBridge: service with package name com.android.keychain with comp name com.android.keychain.KeyChainService
04-25 17:19:14.121  1426  1509 W Searchables: No global search activity found
04-25 17:19:14.124  1426  1509 W VoiceInteractionManagerService: no available voice recognition services found for user 0
04-25 17:19:14.858 20758 20758 D AndroidRuntime: >>>>>> START com.android.internal.os.RuntimeInit uid 2000 <<<<<<
04-25 17:19:14.862 20758 20758 D AndroidRuntime: CheckJNI is OFF
04-25 17:19:14.908 20758 20758 D ICU     : No timezone override file found: /data/misc/zoneinfo/current/icu/icu_tzdata.dat
04-25 17:19:14.946 20758 20758 I Radio-JNI: register_android_hardware_Radio DONE
04-25 17:19:14.952 20758 20758 V RKStartup: register jni methods in real ...
04-25 17:19:14.969 20758 20758 D AndroidRuntime: Calling main entry com.android.commands.am.Am
04-25 17:19:14.973  1426  2464 I ActivityManager: START u0 {act=android.intent.action.MAIN cat=[android.intent.category.LAUNCHER] flg=0x10000000 cmp=com.rokid.rkengine/.MainActivity} from uid 2000 on display 0
04-25 17:19:14.991  3424  3424 I Activity: activityInfo: ActivityInfo{f4df421 test.testapp1.MainActivity}
04-25 17:19:14.991  1426  1426 I RKAndroidBridge: activity test.testapp1.MainActivity for test.testapp1 report status onPause
04-25 17:19:14.991  2585  2606 I RKNativeAppClientService: recv event callback for app change
04-25 17:19:14.992  2585  2585 E RKNativeAppClientService: app state callback is null
04-25 17:19:15.023 20758 20758 D AndroidRuntime: Shutting down VM
04-25 17:19:15.023  1426  2506 V BoostFramework: BoostFramework() : mPerf = com.qualcomm.qti.Performance@abfa517
04-25 17:19:15.024  1426  2506 I ActivityManager: Start proc 20826:com.rokid.rkengine/u0a78 for activity com.rokid.rkengine/.MainActivity
04-25 17:19:15.051 20826 20826 I art     : Late-enabling -Xcheck:jni
04-25 17:19:15.086 20826 20826 E DX      : /data/app/com.rokid.rkengine-1/base.apk
04-25 17:19:15.151 20845 20845 E dex2oat : Failed to create oat file: /data/dalvik-cache/arm/system@rokid@netty-android.jar@classes.dex: Permission denied
04-25 17:19:15.152 20845 20845 I dex2oat : dex2oat took 778.438us (threads: 4) 
04-25 17:19:15.154 20826 20826 W art     : Failed execv(/system/bin/dex2oat --runtime-arg -classpath --runtime-arg  --debuggable --instruction-set=arm --instruction-set-features=smp,div,atomic_ldrd_strd --runtime-arg -Xrelocate --boot-image=/system/framework/boot.art --runtime-arg -Xms64m --runtime-arg -Xmx512m --instruction-set-variant=krait --instruction-set-features=default --dex-file=/system/rokid/netty-android.jar --oat-file=/data/dalvik-cache/arm/system@rokid@netty-android.jar@classes.dex) because non-0 exit status
04-25 17:19:15.391 20908 20908 E dex2oat : Failed to create oat file: /data/dalvik-cache/arm/system@rokid@jctools-android.jar@classes.dex: Permission denied
04-25 17:19:15.391 20908 20908 I dex2oat : dex2oat took 843.646us (threads: 4) 
04-25 17:19:15.395 20826 20826 W art     : Failed execv(/system/bin/dex2oat --runtime-arg -classpath --runtime-arg  --debuggable --instruction-set=arm --instruction-set-features=smp,div,atomic_ldrd_strd --runtime-arg -Xrelocate --boot-image=/system/framework/boot.art --runtime-arg -Xms64m --runtime-arg -Xmx512m --instruction-set-variant=krait --instruction-set-features=default --dex-file=/system/rokid/jctools-android.jar --oat-file=/data/dalvik-cache/arm/system@rokid@jctools-android.jar@classes.dex) because non-0 exit status
04-25 17:19:15.402 20826 20826 W System  : ClassLoader referenced unknown path: /data/app/com.rokid.rkengine-1/lib/arm
04-25 17:19:15.409 20826 20826 I Activity: activityInfo: ActivityInfo{ced1c4f com.rokid.rkengine.MainActivity}
04-25 17:19:15.410  1426  1426 I RKAndroidBridge: activity com.rokid.rkengine.MainActivity for com.rokid.rkengine report status onCreate
04-25 17:19:15.410 20826 20826 I MainActivity: onCreate
04-25 17:19:15.410  2585  2784 I RKNativeAppClientService: recv event callback for app change
04-25 17:19:15.410  2585  2585 E RKNativeAppClientService: app state callback is null
04-25 17:19:15.414 20826 20826 D RKAppEngine - AppManagerImp.bindService(L:52): isBind RemoteService true
04-25 17:19:15.430 20826 20826 I Activity: activityInfo: ActivityInfo{ced1c4f com.rokid.rkengine.MainActivity}
04-25 17:19:15.430 20826 20826 I Activity: activityInfo: ActivityInfo{ced1c4f com.rokid.rkengine.MainActivity}
04-25 17:19:15.430  1426  1426 I RKAndroidBridge: activity com.rokid.rkengine.MainActivity for com.rokid.rkengine report status onStart
04-25 17:19:15.431  1426  1426 I RKAndroidBridge: activity com.rokid.rkengine.MainActivity for com.rokid.rkengine report status onResume
04-25 17:19:15.431  2585  2606 I RKNativeAppClientService: recv event callback for app change
04-25 17:19:15.431  2585  2585 E RKNativeAppClientService: app state callback is null
04-25 17:19:15.431  2585  2784 I RKNativeAppClientService: recv event callback for app change
04-25 17:19:15.431  2585  2585 E RKNativeAppClientService: app state callback is null
04-25 17:19:15.436 20826 20826 D RKAppEngine - AppManagerImp$1.onServiceConnected(L:67): onServiceConnected 
04-25 17:19:15.437 20826 20826 D RKAppEngine - AppManagerImp.setAppStateCallBack(L:93): appManager setAppStateCallBack
04-25 17:19:15.437  2585  2619 I RKNativeAppClientProxy: setAppStateCallback
04-25 17:19:15.514  1426  1543 I ActivityManager: Displayed com.rokid.rkengine/.MainActivity: +502ms
04-25 17:19:15.575  2132  2132 D wpa_supplicant: wlan0: Control interface command 'SIGNAL_POLL'
04-25 17:19:15.586  2132  2132 D wpa_supplicant: CTRL-DEBUG: global_ctrl_sock-sendto: sock=11 sndbuf=163840 outq=0 send_len=49
04-25 17:19:15.650  3424  3424 I Activity: activityInfo: ActivityInfo{f4df421 test.testapp1.MainActivity}
04-25 17:19:15.650  1426  1426 I RKAndroidBridge: activity test.testapp1.MainActivity for test.testapp1 report status onStop
04-25 17:19:15.650  2585  2606 I RKNativeAppClientService: recv event callback for app change
04-25 17:19:15.651  2585  2585 I RKNativeAppClientService: app state change with compName test.testapp1.MainActivity pkgName test.testapp1
04-25 17:19:18.590  2132  2132 D wpa_supplicant: wlan0: Control interface command 'SIGNAL_POLL'
04-25 17:19:18.600  2132  2132 D wpa_supplicant: CTRL-DEBUG: global_ctrl_sock-sendto: sock=11 sndbuf=163840 outq=0 send_len=49
04-25 17:19:18.601  1426  1788 D ConnectivityService: notifyType CAP_CHANGED for NetworkAgentInfo [WIFI () - 100]
04-25 17:19:21.609  2132  2132 D wpa_supplicant: wlan0: Control interface command 'SIGNAL_POLL'
04-25 17:19:21.621  2132  2132 D wpa_supplicant: CTRL-DEBUG: global_ctrl_sock-sendto: sock=11 sndbuf=163840 outq=0 send_len=49
04-25 17:19:23.461  2452  3128 I ChannelThread: ping server
04-25 17:19:23.481  2452  3362 D WSToPBHandler: channel read0
04-25 17:19:23.481  2452  3362 E WSToPBHandler: recv pong
04-25 17:19:24.630  2132  2132 D wpa_supplicant: wlan0: Control interface command 'SIGNAL_POLL'
04-25 17:19:24.636  2132  2132 D wpa_supplicant: CTRL-DEBUG: global_ctrl_sock-sendto: sock=11 sndbuf=163840 outq=0 send_len=49
04-25 17:19:27.639  2132  2132 D wpa_supplicant: wlan0: Control interface command 'SIGNAL_POLL'
04-25 17:19:27.646  2132  2132 D wpa_supplicant: CTRL-DEBUG: global_ctrl_sock-sendto: sock=11 sndbuf=163840 outq=0 send_len=49
04-25 17:19:27.647  1426  1788 D ConnectivityService: notifyType CAP_CHANGED for NetworkAgentInfo [WIFI () - 100]
04-25 17:19:29.715  2376  3125 D tts.WSThread: doPing
04-25 17:19:29.732  2376  3313 D tts.WSInHandler: channel read0
04-25 17:19:29.732  2376  3313 D tts.WSInHandler: recv pong
04-25 17:19:30.650  2132  2132 D wpa_supplicant: wlan0: Control interface command 'SIGNAL_POLL'
04-25 17:19:30.660  2132  2132 D wpa_supplicant: CTRL-DEBUG: global_ctrl_sock-sendto: sock=11 sndbuf=163840 outq=0 send_len=49
04-25 17:19:30.706  2484  2777 E LightJNI: failed to lock buffer...
04-25 17:19:32.408   366  1743 E AudioPolicyManagerCustom: getNewOutputDevice() selected device 4000
04-25 17:19:32.409 20826 20826 D RKAppEngine - ParserProxy.startParse(L:66): action:{"appId":"AC191AE1C6A74549AB813AB0D57546E7","response":{"action":{"shoudEndSession":false,"voice":{"item":{},"needEventCallback":false}}},"startWithActiveWord":false,"version":"2.0.0"} nlp: {"cloud":false,"confidence":1,"domain":"custom.skill.A6DF1E1D61754997A5195FC1F28C2CA3","intent":"beat","pattern":"我要打人","posEnd":4,"posStart":0,"slots":{},"version":"custom.skill.A6DF1E1D61754997A5195FC1F28C2CA3:0.0.0"} asr: .
04-25 17:19:32.439 20826 20826 D RKAppEngine - ParserProxy.startParse(L:122): aidl startApp
04-25 17:19:32.439 20826 20826 D RKAppEngine - AppManagerImp.startApp(L:114): appManager startApp appInfo : domain: null
04-25 17:19:32.439 20826 20826 D RKAppEngine - AppManagerImp.startApp(L:114): appId: AC191AE1C6A74549AB813AB0D57546E7
04-25 17:19:32.439 20826 20826 D RKAppEngine - AppManagerImp.startApp(L:114): type: 0
04-25 17:19:32.439 20826 20826 D RKAppEngine - AppManagerImp.startApp(L:114): ignoreFromCDomain: false
04-25 17:19:32.439 20826 20826 D RKAppEngine - AppManagerImp.startApp(L:114): isSystem: false
04-25 17:19:32.439 20826 20826 D RKAppEngine - AppManagerImp.startApp(L:114):  extra : {"cloud":false,"confidence":1,"domain":"custom.skill.A6DF1E1D61754997A5195FC1F28C2CA3","intent":"beat","pattern":"我要打人","posEnd":4,"posStart":0,"slots":{},"version":"custom.skill.A6DF1E1D61754997A5195FC1F28C2CA3:0.0.0"}
04-25 17:19:32.439  2585  2784 I RKNativeAppClientProxy: startApp
04-25 17:19:32.439  2585  2585 E RKNativeAppClientService: app info illegal
04-25 17:19:32.440 20826 20826 D RKAppEngine - AppManagerImp.startApp(L:120): appManagerProxy.startApp
04-25 17:19:32.587  3345  3347 I RKUPL_r2audio: r2status Changed ---- AwakeFlag:true SleepFlag:false AsrFlag:false AecFlag:true
04-25 17:19:32.655   366  1743 E AudioPolicyManagerCustom: getNewOutputDevice() selected device 0
04-25 17:19:32.742  3345  3347 I RKUPL_r2audio: r2status Changed ---- AwakeFlag:true SleepFlag:false AsrFlag:false AecFlag:false
04-25 17:19:32.888  3345  3347 I RKUPL_r2audio: r2status Changed ---- AwakeFlag:true SleepFlag:false AsrFlag:false AecFlag:true
04-25 17:19:32.892  3345  3347 I RKUPL_r2audio: r2status Changed ---- AwakeFlag:true SleepFlag:false AsrFlag:false AecFlag:false
04-25 17:19:32.898  3345  3347 I RKUPL_r2audio: r2status Changed ---- AwakeFlag:true SleepFlag:false AsrFlag:false AecFlag:true
04-25 17:19:32.913  3345  3347 I RKUPL_r2audio: r2status Changed ---- AwakeFlag:true SleepFlag:false AsrFlag:false AecFlag:false
04-25 17:19:32.938  3345  3347 I RKUPL_r2audio: r2status Changed ---- AwakeFlag:true SleepFlag:false AsrFlag:false AecFlag:true
04-25 17:19:33.170  3345  3347 I RKUPL_r2audio: r2status Changed ---- AwakeFlag:true SleepFlag:false AsrFlag:false AecFlag:false
04-25 17:19:33.664  2132  2132 D wpa_supplicant: wlan0: Control interface command 'SIGNAL_POLL'
04-25 17:19:33.674  2132  2132 D wpa_supplicant: CTRL-DEBUG: global_ctrl_sock-sendto: sock=11 sndbuf=163840 outq=0 send_len=49
04-25 17:19:36.441   366  1743 E AudioPolicyManagerCustom: getNewOutputDevice() selected device 4000
04-25 17:19:36.442 20826 20826 D RKAppEngine - ParserProxy.startParse(L:66): action:{"appId":"AC191AE1C6A74549AB813AB0D57546E7","response":{"action":{"shoudEndSession":false,"voice":{"item":{},"needEventCallback":false}}},"startWithActiveWord":false,"version":"2.0.0"} nlp: {"cloud":false,"confidence":1,"domain":"custom.skill.A6DF1E1D61754997A5195FC1F28C2CA3","intent":"beat","pattern":"我要打人","posEnd":4,"posStart":0,"slots":{},"version":"custom.skill.A6DF1E1D61754997A5195FC1F28C2CA3:0.0.0"} asr: .
04-25 17:19:36.464 20826 20826 D RKAppEngine - ParserProxy.startParse(L:122): aidl startApp
04-25 17:19:36.465 20826 20826 D RKAppEngine - AppManagerImp.startApp(L:114): appManager startApp appInfo : domain: null
04-25 17:19:36.465 20826 20826 D RKAppEngine - AppManagerImp.startApp(L:114): appId: AC191AE1C6A74549AB813AB0D57546E7
04-25 17:19:36.465 20826 20826 D RKAppEngine - AppManagerImp.startApp(L:114): type: 0
04-25 17:19:36.465 20826 20826 D RKAppEngine - AppManagerImp.startApp(L:114): ignoreFromCDomain: false
04-25 17:19:36.465 20826 20826 D RKAppEngine - AppManagerImp.startApp(L:114): isSystem: false
04-25 17:19:36.465 20826 20826 D RKAppEngine - AppManagerImp.startApp(L:114):  extra : {"cloud":false,"confidence":1,"domain":"custom.skill.A6DF1E1D61754997A5195FC1F28C2CA3","intent":"beat","pattern":"我要打人","posEnd":4,"posStart":0,"slots":{},"version":"custom.skill.A6DF1E1D61754997A5195FC1F28C2CA3:0.0.0"}
04-25 17:19:36.465  2585  2619 I RKNativeAppClientProxy: startApp
04-25 17:19:36.465  2585  2585 E RKNativeAppClientService: app info illegal
04-25 17:19:36.465 20826 20826 D RKAppEngine - AppManagerImp.startApp(L:120): appManagerProxy.startApp
04-25 17:19:36.497   366  1755 D AudioFlinger: mixer(0xb34c0000) throttle end: throttle time(10)
