--------- beginning of system
04-25 16:46:57.506  1426  2569 I ActivityManager: Force stopping com.rokid.rkengine appid=10078 user=0: from pid 11763
04-25 16:46:57.506  1426  2569 I ActivityManager: Killing 16123:com.rokid.rkengine/u0a78 (adj 1): stop com.rokid.rkengine
04-25 16:46:57.520  1426  2467 I WindowState: WIN DEATH: Window{61c5a6a u0 com.rokid.rkengine/com.rokid.rkengine.MainActivity}
04-25 16:46:57.526  1426  1543 W WindowAnimator: Failed to dispatch window animation state change.
04-25 16:46:57.526  1426  1543 W WindowAnimator: android.os.DeadObjectException
04-25 16:46:57.526  1426  1543 W WindowAnimator: 	at android.os.BinderProxy.transactNative(Native Method)
04-25 16:46:57.526  1426  1543 W WindowAnimator: 	at android.os.BinderProxy.transact(Binder.java:503)
04-25 16:46:57.526  1426  1543 W WindowAnimator: 	at android.view.IWindow$Stub$Proxy.onAnimationStarted(IWindow.java:520)
04-25 16:46:57.526  1426  1543 W WindowAnimator: 	at com.android.server.wm.WindowAnimator.updateWindowsLocked(WindowAnimator.java:282)
04-25 16:46:57.526  1426  1543 W WindowAnimator: 	at com.android.server.wm.WindowAnimator.animateLocked(WindowAnimator.java:678)
04-25 16:46:57.526  1426  1543 W WindowAnimator: 	at com.android.server.wm.WindowAnimator.access$000(WindowAnimator.java:53)
04-25 16:46:57.526  1426  1543 W WindowAnimator: 	at com.android.server.wm.WindowAnimator$1.doFrame(WindowAnimator.java:123)
04-25 16:46:57.526  1426  1543 W WindowAnimator: 	at android.view.Choreographer$CallbackRecord.run(Choreographer.java:856)
04-25 16:46:57.526  1426  1543 W WindowAnimator: 	at android.view.Choreographer.doCallbacks(Choreographer.java:670)
04-25 16:46:57.526  1426  1543 W WindowAnimator: 	at android.view.Choreographer.doFrame(Choreographer.java:603)
04-25 16:46:57.526  1426  1543 W WindowAnimator: 	at android.view.Choreographer$FrameDisplayEventReceiver.run(Choreographer.java:844)
04-25 16:46:57.526  1426  1543 W WindowAnimator: 	at android.os.Handler.handleCallback(Handler.java:739)
04-25 16:46:57.526  1426  1543 W WindowAnimator: 	at android.os.Handler.dispatchMessage(Handler.java:95)
04-25 16:46:57.526  1426  1543 W WindowAnimator: 	at android.os.Looper.loop(Looper.java:148)
04-25 16:46:57.526  1426  1543 W WindowAnimator: 	at android.os.HandlerThread.run(HandlerThread.java:61)
04-25 16:46:57.526  1426  1543 W WindowAnimator: 	at com.android.server.ServiceThread.run(ServiceThread.java:46)
04-25 16:46:58.017  1426  2569 I ActivityManager: Start proc 11867:com.rokid.rkengine/u0a78 for activity com.rokid.rkengine/.MainActivity
04-25 16:46:58.017  1426  2569 I ActivityManager:   Force finishing activity ActivityRecord{14805ae u0 com.rokid.rkengine/.MainActivity t56}
04-25 16:46:58.021  1426  2761 W ActivityManager: Spurious death for ProcessRecord{b1012e3 0:com.rokid.rkengine/u0a78}, curProc for 16123: null
04-25 16:46:58.054  1426  1543 W WindowAnimator: Failed to dispatch window animation state change.
04-25 16:46:58.054  1426  1543 W WindowAnimator: android.os.DeadObjectException
04-25 16:46:58.054  1426  1543 W WindowAnimator: 	at android.os.BinderProxy.transactNative(Native Method)
04-25 16:46:58.054  1426  1543 W WindowAnimator: 	at android.os.BinderProxy.transact(Binder.java:503)
04-25 16:46:58.054  1426  1543 W WindowAnimator: 	at android.view.IWindow$Stub$Proxy.onAnimationStopped(IWindow.java:534)
04-25 16:46:58.054  1426  1543 W WindowAnimator: 	at com.android.server.wm.WindowAnimator.updateWindowsLocked(WindowAnimator.java:286)
04-25 16:46:58.054  1426  1543 W WindowAnimator: 	at com.android.server.wm.WindowAnimator.animateLocked(WindowAnimator.java:678)
04-25 16:46:58.054  1426  1543 W WindowAnimator: 	at com.android.server.wm.WindowAnimator.access$000(WindowAnimator.java:53)
04-25 16:46:58.054  1426  1543 W WindowAnimator: 	at com.android.server.wm.WindowAnimator$1.doFrame(WindowAnimator.java:123)
04-25 16:46:58.054  1426  1543 W WindowAnimator: 	at android.view.Choreographer$CallbackRecord.run(Choreographer.java:856)
04-25 16:46:58.054  1426  1543 W WindowAnimator: 	at android.view.Choreographer.doCallbacks(Choreographer.java:670)
04-25 16:46:58.054  1426  1543 W WindowAnimator: 	at android.view.Choreographer.doFrame(Choreographer.java:603)
04-25 16:46:58.054  1426  1543 W WindowAnimator: 	at android.view.Choreographer$FrameDisplayEventReceiver.run(Choreographer.java:844)
04-25 16:46:58.054  1426  1543 W WindowAnimator: 	at android.os.Handler.handleCallback(Handler.java:739)
04-25 16:46:58.054  1426  1543 W WindowAnimator: 	at android.os.Handler.dispatchMessage(Handler.java:95)
04-25 16:46:58.054  1426  1543 W WindowAnimator: 	at android.os.Looper.loop(Looper.java:148)
04-25 16:46:58.054  1426  1543 W WindowAnimator: 	at android.os.HandlerThread.run(HandlerThread.java:61)
04-25 16:46:58.054  1426  1543 W WindowAnimator: 	at com.android.server.ServiceThread.run(ServiceThread.java:46)
04-25 16:46:58.075  1426  2590 I ActivityManager: Killing 7118:com.android.keychain/1000 (adj 15): empty for 3863s
04-25 16:46:58.279  1426  2467 I ActivityManager: Process com.rokid.rkengine (pid 11867) has died
04-25 16:47:03.662  6979  6990 D DefContainer: Copying /data/local/tmp/com.rokid.rkengine to base.apk
04-25 16:47:04.079  1426  1510 I ActivityManager: Force stopping com.rokid.rkengine appid=10078 user=-1: uninstall pkg
04-25 16:47:04.160  1426  1566 I PackageManager: Package com.rokid.rkengine codePath changed from /data/app/com.rokid.rkengine-2 to /data/app/com.rokid.rkengine-1; Retaining data and using new
04-25 16:47:04.160  1426  1510 I ActivityManager: Force stopping com.rokid.rkengine appid=10078 user=-1: replace pkg
04-25 16:47:04.161  1426  1566 W PackageManager: Code path for com.rokid.rkengine changing from /data/app/com.rokid.rkengine-2 to /data/app/com.rokid.rkengine-1
04-25 16:47:04.161  1426  1566 W PackageManager: Resource path for com.rokid.rkengine changing from /data/app/com.rokid.rkengine-2 to /data/app/com.rokid.rkengine-1
04-25 16:47:04.337  1426  1566 W PackageManager: Couldn't remove dex file for package:  at location /data/app/com.rokid.rkengine-2/base.apk, retcode=-1
04-25 16:47:04.337  1426  1566 I ActivityManager: Force stopping com.rokid.rkengine appid=10078 user=0: pkg removed
04-25 16:47:04.355  1426  1426 D JobSchedulerService: Receieved: android.intent.action.PACKAGE_REMOVED
04-25 16:47:04.418  1426  1488 I ActivityManager: Start proc 12215:com.android.keychain/1000 for broadcast com.android.keychain/.KeyChainBroadcastReceiver
04-25 16:47:04.434  1426  1509 W VoiceInteractionManagerService: no available voice recognition services found for user 0
04-25 16:47:04.810 12215 12215 W ContextImpl: Calling a method in the system process without a qualified user: android.app.ContextImpl.startService:1225 android.content.ContextWrapper.startService:581 android.content.ContextWrapper.startService:581 com.android.keychain.KeyChainBroadcastReceiver.onReceive:12 android.app.ActivityThread.handleReceiver:2729 
04-25 16:47:05.191  1426  1768 I ActivityManager: START u0 {act=android.intent.action.MAIN cat=[android.intent.category.LAUNCHER] flg=0x10000000 cmp=com.rokid.rkengine/.MainActivity} from uid 2000 on display 0
04-25 16:47:05.244  1426  1486 I ActivityManager: Start proc 12295:com.rokid.rkengine/u0a78 for activity com.rokid.rkengine/.MainActivity
04-25 16:47:06.780  1426  1788 D ConnectivityService: notifyType CAP_CHANGED for NetworkAgentInfo [WIFI () - 100]
04-25 16:47:08.198   351  1719 E NetlinkEvent: NetlinkEvent::FindParam(): Parameter 'TIME_NS' not found
04-25 16:47:08.199   351  1719 E NetlinkEvent: NetlinkEvent::FindParam(): Parameter 'UID' not found
04-25 16:47:09.472   351  1719 E NetlinkEvent: NetlinkEvent::FindParam(): Parameter 'TIME_NS' not found
04-25 16:47:09.472   351  1719 E NetlinkEvent: NetlinkEvent::FindParam(): Parameter 'UID' not found
04-25 16:47:27.867  1426  1788 D ConnectivityService: notifyType CAP_CHANGED for NetworkAgentInfo [WIFI () - 100]
04-25 16:47:53.811  1426  1510 W ProcessCpuTracker: Skipping unknown process pid 15464
04-25 16:47:53.811  1426  1510 W ProcessCpuTracker: Skipping unknown process pid 15466
04-25 16:47:54.842  1426  1510 I ProcessStatsService: Prepared write state in 2ms
04-25 16:47:54.844  1426  1510 I ProcessStatsService: Prepared write state in 2ms
04-25 16:48:01.010  1426  1788 D ConnectivityService: notifyType CAP_CHANGED for NetworkAgentInfo [WIFI () - 100]
04-25 16:48:10.050  1426  1788 D ConnectivityService: notifyType CAP_CHANGED for NetworkAgentInfo [WIFI () - 100]
04-25 16:48:44.959   351  1719 E NetlinkEvent: NetlinkEvent::FindParam(): Parameter 'TIME_NS' not found
04-25 16:48:44.959   351  1719 E NetlinkEvent: NetlinkEvent::FindParam(): Parameter 'UID' not found
04-25 16:48:48.502   351  1719 E NetlinkEvent: NetlinkEvent::FindParam(): Parameter 'TIME_NS' not found
04-25 16:48:48.502   351  1719 E NetlinkEvent: NetlinkEvent::FindParam(): Parameter 'UID' not found
04-25 16:48:52.204  1426  1788 D ConnectivityService: notifyType CAP_CHANGED for NetworkAgentInfo [WIFI () - 100]
04-25 16:48:55.216  1426  1788 D ConnectivityService: notifyType CAP_CHANGED for NetworkAgentInfo [WIFI () - 100]
04-25 16:49:10.301  1426  1788 D ConnectivityService: notifyType CAP_CHANGED for NetworkAgentInfo [WIFI () - 100]
04-25 16:49:13.315  1426  1788 D ConnectivityService: notifyType CAP_CHANGED for NetworkAgentInfo [WIFI () - 100]
04-25 16:49:31.413  1426  1788 D ConnectivityService: notifyType CAP_CHANGED for NetworkAgentInfo [WIFI () - 100]
04-25 16:49:40.451  1426  1788 D ConnectivityService: updateNetworkScore for NetworkAgentInfo [WIFI () - 100] to 56
04-25 16:49:44.559   351  1719 E NetlinkEvent: NetlinkEvent::FindParam(): Parameter 'TIME_NS' not found
04-25 16:49:44.559   351  1719 E NetlinkEvent: NetlinkEvent::FindParam(): Parameter 'UID' not found
04-25 16:49:49.499   351  1719 E NetlinkEvent: NetlinkEvent::FindParam(): Parameter 'TIME_NS' not found
04-25 16:49:49.499   351  1719 E NetlinkEvent: NetlinkEvent::FindParam(): Parameter 'UID' not found
04-25 16:49:52.510  1426  1788 D ConnectivityService: updateNetworkScore for NetworkAgentInfo [WIFI () - 100] to 60
04-25 16:50:01.749  1426  2581 I ActivityManager: Force stopping com.rokid.rkengine appid=10078 user=0: from pid 23563
04-25 16:50:01.749  1426  2581 I ActivityManager: Killing 12295:com.rokid.rkengine/u0a78 (adj 0): stop com.rokid.rkengine
04-25 16:50:01.762  1426  2761 I WindowState: WIN DEATH: Window{8392a15 u0 com.rokid.rkengine/com.rokid.rkengine.MainActivity}
04-25 16:50:01.779  1426  2581 W ActivityManager: Force removing ActivityRecord{398c70 u0 com.rokid.rkengine/.MainActivity t57}: app died, no saved state
04-25 16:50:01.780  1426  1543 W WindowAnimator: Failed to dispatch window animation state change.
04-25 16:50:01.780  1426  1543 W WindowAnimator: android.os.DeadObjectException
04-25 16:50:01.780  1426  1543 W WindowAnimator: 	at android.os.BinderProxy.transactNative(Native Method)
04-25 16:50:01.780  1426  1543 W WindowAnimator: 	at android.os.BinderProxy.transact(Binder.java:503)
04-25 16:50:01.780  1426  1543 W WindowAnimator: 	at android.view.IWindow$Stub$Proxy.onAnimationStarted(IWindow.java:520)
04-25 16:50:01.780  1426  1543 W WindowAnimator: 	at com.android.server.wm.WindowAnimator.updateWindowsLocked(WindowAnimator.java:282)
04-25 16:50:01.780  1426  1543 W WindowAnimator: 	at com.android.server.wm.WindowAnimator.animateLocked(WindowAnimator.java:678)
04-25 16:50:01.780  1426  1543 W WindowAnimator: 	at com.android.server.wm.WindowAnimator.access$000(WindowAnimator.java:53)
04-25 16:50:01.780  1426  1543 W WindowAnimator: 	at com.android.server.wm.WindowAnimator$1.doFrame(WindowAnimator.java:123)
04-25 16:50:01.780  1426  1543 W WindowAnimator: 	at android.view.Choreographer$CallbackRecord.run(Choreographer.java:856)
04-25 16:50:01.780  1426  1543 W WindowAnimator: 	at android.view.Choreographer.doCallbacks(Choreographer.java:670)
04-25 16:50:01.780  1426  1543 W WindowAnimator: 	at android.view.Choreographer.doFrame(Choreographer.java:603)
04-25 16:50:01.780  1426  1543 W WindowAnimator: 	at android.view.Choreographer$FrameDisplayEventReceiver.run(Choreographer.java:844)
04-25 16:50:01.780  1426  1543 W WindowAnimator: 	at android.os.Handler.handleCallback(Handler.java:739)
04-25 16:50:01.780  1426  1543 W WindowAnimator: 	at android.os.Handler.dispatchMessage(Handler.java:95)
04-25 16:50:01.780  1426  1543 W WindowAnimator: 	at android.os.Looper.loop(Looper.java:148)
04-25 16:50:01.780  1426  1543 W WindowAnimator: 	at android.os.HandlerThread.run(HandlerThread.java:61)
04-25 16:50:01.780  1426  1543 W WindowAnimator: 	at com.android.server.ServiceThread.run(ServiceThread.java:46)
04-25 16:50:01.785  1426  2775 W ActivityManager: Spurious death for ProcessRecord{2e089d2 0:com.rokid.rkengine/u0a78}, curProc for 12295: null
04-25 16:50:01.826  1426  2506 W InputMethodManagerService: Got RemoteException sending setActive(false) notification to pid 12295 uid 10078
04-25 16:50:01.868  1426  2581 W InputMethodManagerService: Starting input on non-focused client com.android.internal.view.IInputMethodClient$Stub$Proxy@74586cd (uid=10016 pid=2424)
04-25 16:50:02.297  1426  1543 W WindowAnimator: Failed to dispatch window animation state change.
04-25 16:50:02.297  1426  1543 W WindowAnimator: android.os.DeadObjectException
04-25 16:50:02.297  1426  1543 W WindowAnimator: 	at android.os.BinderProxy.transactNative(Native Method)
04-25 16:50:02.297  1426  1543 W WindowAnimator: 	at android.os.BinderProxy.transact(Binder.java:503)
04-25 16:50:02.297  1426  1543 W WindowAnimator: 	at android.view.IWindow$Stub$Proxy.onAnimationStopped(IWindow.java:534)
04-25 16:50:02.297  1426  1543 W WindowAnimator: 	at com.android.server.wm.WindowAnimator.updateWindowsLocked(WindowAnimator.java:286)
04-25 16:50:02.297  1426  1543 W WindowAnimator: 	at com.android.server.wm.WindowAnimator.animateLocked(WindowAnimator.java:678)
04-25 16:50:02.297  1426  1543 W WindowAnimator: 	at com.android.server.wm.WindowAnimator.access$000(WindowAnimator.java:53)
04-25 16:50:02.297  1426  1543 W WindowAnimator: 	at com.android.server.wm.WindowAnimator$1.doFrame(WindowAnimator.java:123)
04-25 16:50:02.297  1426  1543 W WindowAnimator: 	at android.view.Choreographer$CallbackRecord.run(Choreographer.java:856)
04-25 16:50:02.297  1426  1543 W WindowAnimator: 	at android.view.Choreographer.doCallbacks(Choreographer.java:670)
04-25 16:50:02.297  1426  1543 W WindowAnimator: 	at android.view.Choreographer.doFrame(Choreographer.java:603)
04-25 16:50:02.297  1426  1543 W WindowAnimator: 	at android.view.Choreographer$FrameDisplayEventReceiver.run(Choreographer.java:844)
04-25 16:50:02.297  1426  1543 W WindowAnimator: 	at android.os.Handler.handleCallback(Handler.java:739)
04-25 16:50:02.297  1426  1543 W WindowAnimator: 	at android.os.Handler.dispatchMessage(Handler.java:95)
04-25 16:50:02.297  1426  1543 W WindowAnimator: 	at android.os.Looper.loop(Looper.java:148)
04-25 16:50:02.297  1426  1543 W WindowAnimator: 	at android.os.HandlerThread.run(HandlerThread.java:61)
04-25 16:50:02.297  1426  1543 W WindowAnimator: 	at com.android.server.ServiceThread.run(ServiceThread.java:46)
04-25 16:50:08.016  6979  6991 D DefContainer: Copying /data/local/tmp/com.rokid.rkengine to base.apk
04-25 16:50:08.413  1426  1510 I ActivityManager: Force stopping com.rokid.rkengine appid=10078 user=-1: uninstall pkg
04-25 16:50:08.483  1426  1566 I PackageManager: Package com.rokid.rkengine codePath changed from /data/app/com.rokid.rkengine-1 to /data/app/com.rokid.rkengine-2; Retaining data and using new
04-25 16:50:08.484  1426  1566 W PackageManager: Code path for com.rokid.rkengine changing from /data/app/com.rokid.rkengine-1 to /data/app/com.rokid.rkengine-2
04-25 16:50:08.484  1426  1510 I ActivityManager: Force stopping com.rokid.rkengine appid=10078 user=-1: replace pkg
04-25 16:50:08.484  1426  1566 W PackageManager: Resource path for com.rokid.rkengine changing from /data/app/com.rokid.rkengine-1 to /data/app/com.rokid.rkengine-2
04-25 16:50:08.679  1426  1566 W PackageManager: Couldn't remove dex file for package:  at location /data/app/com.rokid.rkengine-1/base.apk, retcode=-1
04-25 16:50:08.679  1426  1566 I ActivityManager: Force stopping com.rokid.rkengine appid=10078 user=0: pkg removed
04-25 16:50:08.709  1426  1426 D JobSchedulerService: Receieved: android.intent.action.PACKAGE_REMOVED
04-25 16:50:08.748  1426  1509 W VoiceInteractionManagerService: no available voice recognition services found for user 0
04-25 16:50:08.749 12215 12215 W ContextImpl: Calling a method in the system process without a qualified user: android.app.ContextImpl.startService:1225 android.content.ContextWrapper.startService:581 android.content.ContextWrapper.startService:581 com.android.keychain.KeyChainBroadcastReceiver.onReceive:12 android.app.ActivityThread.handleReceiver:2729 
04-25 16:50:09.513  1426  2467 I ActivityManager: START u0 {act=android.intent.action.MAIN cat=[android.intent.category.LAUNCHER] flg=0x10000000 cmp=com.rokid.rkengine/.MainActivity} from uid 2000 on display 0
04-25 16:50:09.572  1426  1488 I ActivityManager: Start proc 24025:com.rokid.rkengine/u0a78 for activity com.rokid.rkengine/.MainActivity
04-25 16:50:44.559   351  1719 E NetlinkEvent: NetlinkEvent::FindParam(): Parameter 'TIME_NS' not found
04-25 16:50:44.559   351  1719 E NetlinkEvent: NetlinkEvent::FindParam(): Parameter 'UID' not found
04-25 16:50:49.502   351  1719 E NetlinkEvent: NetlinkEvent::FindParam(): Parameter 'TIME_NS' not found
04-25 16:50:49.502   351  1719 E NetlinkEvent: NetlinkEvent::FindParam(): Parameter 'UID' not found
04-25 16:50:52.748  1426  1788 D ConnectivityService: notifyType CAP_CHANGED for NetworkAgentInfo [WIFI () - 100]
04-25 16:51:14.938  1426  1763 I ActivityManager: START u0 {flg=0x10000000 cmp=com.koushikdutta.vysor/com.google.android.gms.ads.AdActivity (has extras)} from uid 10076 on display 0
04-25 16:51:17.504  1426  2761 W ActivityManager: Finishing task with all activities already finished
04-25 16:51:17.504  1426  2761 W ActivityManager: Duplicate finish request for ActivityRecord{b0740c1 u0 com.koushikdutta.vysor/com.google.android.gms.ads.AdActivity t54 f}
04-25 16:51:22.895  1426  1788 D ConnectivityService: notifyType CAP_CHANGED for NetworkAgentInfo [WIFI () - 100]
04-25 16:51:23.756  1426  1763 I ActivityManager: START u0 {act=android.intent.action.MAIN flg=0x10000000 cmp=com.rokid.cloudappclient/.activity.CloudActivity (has extras)} from uid 10078 on display 0
04-25 16:51:23.817  1426  2467 I ActivityManager: Start proc 28906:com.rokid.cloudappclient/u0a77 for activity com.rokid.cloudappclient/.activity.CloudActivity
04-25 16:51:24.837  1426  1768 E ActivityManager: ROKID: start service: com.rokid.tts uid: 1000 is isolated: false
04-25 16:51:24.848  1426  1768 I ActivityManager: Start proc 29043:com.rokid.tts/1000 for service com.rokid.tts/.TtsService
04-25 16:51:25.910  1426  1788 D ConnectivityService: notifyType CAP_CHANGED for NetworkAgentInfo [WIFI () - 100]
04-25 16:51:28.922  1426  1788 D ConnectivityService: notifyType CAP_CHANGED for NetworkAgentInfo [WIFI () - 100]
04-25 16:51:33.310  1426  1488 I ActivityManager: Force stopping com.rokid.rkengine appid=10078 user=0: from pid 29530
04-25 16:51:33.310  1426  1488 I ActivityManager: Killing 24025:com.rokid.rkengine/u0a78 (adj 7): stop com.rokid.rkengine
04-25 16:51:33.322  1426  2467 I WindowState: WIN DEATH: Window{bb6a6f4 u0 com.rokid.rkengine/com.rokid.rkengine.MainActivity}
04-25 16:51:33.329  1426  1488 I ActivityManager:   Force finishing activity ActivityRecord{fe56d71 u0 com.rokid.rkengine/.MainActivity t58}
04-25 16:51:33.331  1426  2775 W ActivityManager: Spurious death for ProcessRecord{e9ee765 0:com.rokid.rkengine/u0a78}, curProc for 24025: null
04-25 16:51:36.523  1426  1488 I ActivityManager: Force stopping com.rokid.rkengine appid=10078 user=0: from pid 29714
04-25 16:51:37.642  1426  2775 I ActivityManager: START u0 {act=android.intent.action.MAIN cat=[android.intent.category.LAUNCHER] flg=0x10000000 cmp=com.rokid.rkengine/.MainActivity} from uid 2000 on display 0
04-25 16:51:37.693  1426  2581 I ActivityManager: Start proc 29816:com.rokid.rkengine/u0a78 for activity com.rokid.rkengine/.MainActivity
04-25 16:51:42.229  1426  2506 I ActivityManager: START u0 {act=android.intent.action.MAIN flg=0x10000000 cmp=com.rokid.cloudappclient/.activity.CloudActivity (has extras)} from uid 10078 on display 0
04-25 16:51:56.062  1426  1788 D ConnectivityService: notifyType CAP_CHANGED for NetworkAgentInfo [WIFI () - 100]
04-25 16:52:08.239   351  1719 E NetlinkEvent: NetlinkEvent::FindParam(): Parameter 'TIME_NS' not found
04-25 16:52:08.239   351  1719 E NetlinkEvent: NetlinkEvent::FindParam(): Parameter 'UID' not found
04-25 16:52:09.528   351  1719 E NetlinkEvent: NetlinkEvent::FindParam(): Parameter 'TIME_NS' not found
04-25 16:52:09.528   351  1719 E NetlinkEvent: NetlinkEvent::FindParam(): Parameter 'UID' not found
04-25 16:53:18.497  1426  2467 I ActivityManager: Force stopping com.rokid.rkengine appid=10078 user=0: from pid 4529
04-25 16:53:18.497  1426  2467 I ActivityManager: Killing 29816:com.rokid.rkengine/u0a78 (adj 7): stop com.rokid.rkengine
04-25 16:53:18.510  1426  2411 I WindowState: WIN DEATH: Window{ad3111c u0 com.rokid.rkengine/com.rokid.rkengine.MainActivity}
04-25 16:53:18.539  1426  2467 I ActivityManager:   Force finishing activity ActivityRecord{1e7313e u0 com.rokid.rkengine/.MainActivity t60}
04-25 16:53:18.540  1426  2761 W ActivityManager: Spurious death for ProcessRecord{b96116d 0:com.rokid.rkengine/u0a78}, curProc for 29816: null
04-25 16:53:21.496  1426  2569 I ActivityManager: Force stopping com.rokid.rkengine appid=10078 user=0: from pid 4714
04-25 16:53:22.527  1426  1486 I ActivityManager: START u0 {act=android.intent.action.MAIN cat=[android.intent.category.LAUNCHER] flg=0x10000000 cmp=com.rokid.rkengine/.MainActivity} from uid 2000 on display 0
04-25 16:53:22.594  1426  2506 I ActivityManager: Start proc 4817:com.rokid.rkengine/u0a78 for activity com.rokid.rkengine/.MainActivity
04-25 16:53:23.473  1426  1788 D ConnectivityService: notifyType CAP_CHANGED for NetworkAgentInfo [WIFI () - 100]
04-25 16:54:02.632  1426  1788 D ConnectivityService: notifyType CAP_CHANGED for NetworkAgentInfo [WIFI () - 100]
04-25 16:55:08.279   351  1719 E NetlinkEvent: NetlinkEvent::FindParam(): Parameter 'TIME_NS' not found
04-25 16:55:08.279   351  1719 E NetlinkEvent: NetlinkEvent::FindParam(): Parameter 'UID' not found
04-25 16:55:09.545   351  1719 E NetlinkEvent: NetlinkEvent::FindParam(): Parameter 'TIME_NS' not found
04-25 16:55:09.545   351  1719 E NetlinkEvent: NetlinkEvent::FindParam(): Parameter 'UID' not found
04-25 16:55:11.940  1426  1788 D ConnectivityService: notifyType CAP_CHANGED for NetworkAgentInfo [WIFI () - 100]
04-25 16:55:14.955  1426  1788 D ConnectivityService: notifyType CAP_CHANGED for NetworkAgentInfo [WIFI () - 100]
04-25 16:56:08.278   351  1719 E NetlinkEvent: NetlinkEvent::FindParam(): Parameter 'TIME_NS' not found
04-25 16:56:08.279   351  1719 E NetlinkEvent: NetlinkEvent::FindParam(): Parameter 'UID' not found
04-25 16:56:09.551   351  1719 E NetlinkEvent: NetlinkEvent::FindParam(): Parameter 'TIME_NS' not found
04-25 16:56:09.551   351  1719 E NetlinkEvent: NetlinkEvent::FindParam(): Parameter 'UID' not found
04-25 16:56:44.599   351  1719 E NetlinkEvent: NetlinkEvent::FindParam(): Parameter 'TIME_NS' not found
04-25 16:56:44.599   351  1719 E NetlinkEvent: NetlinkEvent::FindParam(): Parameter 'UID' not found
04-25 16:56:49.053   351  1719 E NetlinkEvent: NetlinkEvent::FindParam(): Parameter 'TIME_NS' not found
04-25 16:56:49.053   351  1719 E NetlinkEvent: NetlinkEvent::FindParam(): Parameter 'UID' not found
04-25 16:57:44.599   351  1719 E NetlinkEvent: NetlinkEvent::FindParam(): Parameter 'TIME_NS' not found
04-25 16:57:44.599   351  1719 E NetlinkEvent: NetlinkEvent::FindParam(): Parameter 'UID' not found
04-25 16:57:49.561   351  1719 E NetlinkEvent: NetlinkEvent::FindParam(): Parameter 'TIME_NS' not found
04-25 16:57:49.561   351  1719 E NetlinkEvent: NetlinkEvent::FindParam(): Parameter 'UID' not found
04-25 16:58:44.599   351  1719 E NetlinkEvent: NetlinkEvent::FindParam(): Parameter 'TIME_NS' not found
04-25 16:58:44.599   351  1719 E NetlinkEvent: NetlinkEvent::FindParam(): Parameter 'UID' not found
04-25 16:58:49.565   351  1719 E NetlinkEvent: NetlinkEvent::FindParam(): Parameter 'TIME_NS' not found
04-25 16:58:49.565   351  1719 E NetlinkEvent: NetlinkEvent::FindParam(): Parameter 'UID' not found
04-25 16:59:18.844  1426  1566 W PackageParser: Unknown element under <manifest>: meta-data at /data/app/vmdl1419189660.tmp/base.apk Binary XML file line #11
04-25 16:59:19.439  1426  1566 V BackupManagerService: restoreAtInstall pkg=test.testapp1 token=8 restoreSet=0
04-25 16:59:19.439  1426  1566 V BackupManagerService: Finishing install immediately
04-25 16:59:19.494  1426  1509 W VoiceInteractionManagerService: no available voice recognition services found for user 0
04-25 16:59:20.290  1426  2581 I ActivityManager: START u0 {act=android.intent.action.MAIN cat=[android.intent.category.LAUNCHER] flg=0x10000000 cmp=test.testapp1/.MainActivity} from uid 2000 on display 0
04-25 16:59:20.355  1426  1768 I ActivityManager: Start proc 28050:test.testapp1/u0a25 for activity test.testapp1/.MainActivity
04-25 16:59:46.249  1426  1788 D ConnectivityService: notifyType CAP_CHANGED for NetworkAgentInfo [WIFI () - 100]
04-25 16:59:52.282  1426  1788 D ConnectivityService: notifyType CAP_CHANGED for NetworkAgentInfo [WIFI () - 100]
04-25 17:00:08.319   351  1719 E NetlinkEvent: NetlinkEvent::FindParam(): Parameter 'TIME_NS' not found
04-25 17:00:08.319   351  1719 E NetlinkEvent: NetlinkEvent::FindParam(): Parameter 'UID' not found
04-25 17:00:09.577   351  1719 E NetlinkEvent: NetlinkEvent::FindParam(): Parameter 'TIME_NS' not found
04-25 17:00:09.577   351  1719 E NetlinkEvent: NetlinkEvent::FindParam(): Parameter 'UID' not found
04-25 17:00:34.463  1426  1788 D ConnectivityService: notifyType CAP_CHANGED for NetworkAgentInfo [WIFI () - 100]
04-25 17:00:37.478  1426  1788 D ConnectivityService: notifyType CAP_CHANGED for NetworkAgentInfo [WIFI () - 100]
04-25 17:00:45.079   351  1719 E NetlinkEvent: NetlinkEvent::FindParam(): Parameter 'TIME_NS' not found
04-25 17:00:45.079   351  1719 E NetlinkEvent: NetlinkEvent::FindParam(): Parameter 'UID' not found
04-25 17:00:48.548   351  1719 E NetlinkEvent: NetlinkEvent::FindParam(): Parameter 'TIME_NS' not found
04-25 17:00:48.548   351  1719 E NetlinkEvent: NetlinkEvent::FindParam(): Parameter 'UID' not found
04-25 17:01:08.319   351  1719 E NetlinkEvent: NetlinkEvent::FindParam(): Parameter 'TIME_NS' not found
04-25 17:01:08.319   351  1719 E NetlinkEvent: NetlinkEvent::FindParam(): Parameter 'UID' not found
04-25 17:01:09.593   351  1719 E NetlinkEvent: NetlinkEvent::FindParam(): Parameter 'TIME_NS' not found
04-25 17:01:09.593   351  1719 E NetlinkEvent: NetlinkEvent::FindParam(): Parameter 'UID' not found
04-25 17:02:08.359   351  1719 E NetlinkEvent: NetlinkEvent::FindParam(): Parameter 'TIME_NS' not found
04-25 17:02:08.359   351  1719 E NetlinkEvent: NetlinkEvent::FindParam(): Parameter 'UID' not found
04-25 17:02:09.601   351  1719 E NetlinkEvent: NetlinkEvent::FindParam(): Parameter 'TIME_NS' not found
04-25 17:02:09.601   351  1719 E NetlinkEvent: NetlinkEvent::FindParam(): Parameter 'UID' not found
04-25 17:02:41.079  1426  1788 D ConnectivityService: notifyType CAP_CHANGED for NetworkAgentInfo [WIFI () - 100]
04-25 17:02:44.102  1426  1788 D ConnectivityService: notifyType CAP_CHANGED for NetworkAgentInfo [WIFI () - 100]
--------- beginning of main
04-25 17:03:22.703  2473  3334 D RKUpdateService: get ota check response: {"checkCode":0}
04-25 17:03:22.705  2473  3334 D RKUpdateService: intent file path: /storage/emulated/0/rokid/rkupdate.json
04-25 17:03:22.691  3334  3334 I pool-1-thread-1: type=1400 audit(0.0:300): avc: denied { write } for name="property_service" dev="tmpfs" ino=8205 scontext=u:r:platform_app:s0:c512,c768 tcontext=u:object_r:property_socket:s0 tclass=sock_file permissive=1
04-25 17:03:22.691  3334  3334 I pool-1-thread-1: type=1400 audit(0.0:301): avc: denied { connectto } for path="/dev/socket/property_service" scontext=u:r:platform_app:s0:c512,c768 tcontext=u:r:init:s0 tclass=unix_stream_socket permissive=1
04-25 17:03:22.825  2473  3334 D RKUpdateService: finish updating rkupdate.json file
04-25 17:03:22.825  2473  3334 D RKUpdateService: no new available update from server, check local
04-25 17:03:23.306  2452  3128 I ChannelThread: ping server
04-25 17:03:23.339  2452  3362 D WSToPBHandler: channel read0
04-25 17:03:23.339  2452  3362 E WSToPBHandler: recv pong
04-25 17:03:23.529  2473  3334 D RKUpdateService: update check ticTac: 0
04-25 17:03:24.859   427   427 I NODE    : info: _um.check(1)
04-25 17:03:24.901  4039  4039 I node-core-clust: type=1400 audit(0.0:302): avc: denied { write } for name="dnsproxyd" dev="tmpfs" ino=10115 scontext=u:r:init:s0 tcontext=u:object_r:dnsproxyd_socket:s0 tclass=sock_file permissive=1
04-25 17:03:24.901  4039  4039 I node-core-clust: type=1400 audit(0.0:303): avc: denied { connectto } for path="/dev/socket/dnsproxyd" scontext=u:r:init:s0 tcontext=u:r:netd:s0 tclass=unix_stream_socket permissive=1
04-25 17:03:24.911  1404  1404 I node-core-clust: type=1400 audit(0.0:304): avc: denied { create } for scontext=u:r:init:s0 tcontext=u:r:init:s0 tclass=tcp_socket permissive=1
04-25 17:03:24.911  1404  1404 I node-core-clust: type=1400 audit(0.0:305): avc: denied { ioctl } for path="socket:[626421]" dev="sockfs" ino=626421 ioctlcmd=5451 scontext=u:r:init:s0 tcontext=u:r:init:s0 tclass=tcp_socket permissive=1
04-25 17:03:24.911  1404  1404 I node-core-clust: type=1400 audit(0.0:306): avc: denied { getopt } for scontext=u:r:init:s0 tcontext=u:r:init:s0 tclass=tcp_socket permissive=1
04-25 17:03:24.911  1726  1726 I netd    : type=1400 audit(0.0:307): avc: denied { read write } for path="socket:[626421]" dev="sockfs" ino=626421 scontext=u:r:netd:s0 tcontext=u:r:init:s0 tclass=tcp_socket permissive=1
04-25 17:03:24.911  1726  1726 I netd    : type=1400 audit(0.0:308): avc: denied { getopt } for scontext=u:r:netd:s0 tcontext=u:r:init:s0 tclass=tcp_socket permissive=1
04-25 17:03:24.911  1726  1726 I netd    : type=1400 audit(0.0:309): avc: denied { setopt } for scontext=u:r:netd:s0 tcontext=u:r:init:s0 tclass=tcp_socket permissive=1
04-25 17:03:24.911  1404  1404 I node-core-clust: type=1400 audit(0.0:310): avc: denied { connect } for scontext=u:r:init:s0 tcontext=u:r:init:s0 tclass=tcp_socket permissive=1
04-25 17:03:24.911  1404  1404 I node-core-clust: type=1400 audit(0.0:311): avc: denied { name_connect } for dest=443 scontext=u:r:init:s0 tcontext=u:object_r:port:s0 tclass=tcp_socket permissive=1
04-25 17:03:24.921  1404  1404 I node-core-clust: type=1400 audit(0.0:312): avc: denied { write } for path="socket:[626421]" dev="sockfs" ino=626421 scontext=u:r:init:s0 tcontext=u:r:init:s0 tclass=tcp_socket permissive=1
04-25 17:03:24.941  1404  1404 I node-core-clust: type=1400 audit(0.0:313): avc: denied { read } for path="socket:[626421]" dev="sockfs" ino=626421 scontext=u:r:init:s0 tcontext=u:r:init:s0 tclass=tcp_socket permissive=1
04-25 17:03:24.979   427   427 I NODE    : info: _um next checking in 300.0s
04-25 17:03:25.611  2484  2777 E LightJNI: failed to lock buffer...
04-25 17:03:26.285  2132  2132 I chatty  : uid=1010(wifi) /system/bin/wpa_supplicant expire 272 lines
04-25 17:03:27.298  3345  3347 I RKUPL_r2audio: ----------3416.427246
04-25 17:03:29.308  3345  3347 I RKUPL_r2audio: ----------3621.624268
04-25 17:03:34.961  2484  2777 E LightJNI: failed to lock buffer...
04-25 17:03:43.330  2412  2803 I RKSessionManager: run renew session in ThreadId: 71
04-25 17:03:43.330  2412  2803 I RKSessionManager: renewSession is called
04-25 17:03:43.330  2412  2803 D RKSessionManager: renew session with sessionid: ONLINE:ROKI:B36F9A9D7BF14A9E9CE3D905FDE52C77
04-25 17:03:43.330  2412  2803 I RKConnectionHelper: get resolved host by RAPI
04-25 17:03:43.330  2412  2803 I RKConnectionHelper: request to generate rapi host
04-25 17:03:43.330  2412  2803 I RKConnectionHelper: Rokid is in PRO mode!
04-25 17:03:43.330  2412  2803 D HttpDNS : [getIpByHost] - fetch result from cache, host: rapi.service.rokid.com
04-25 17:03:43.330  2412  2803 I RKConnectionHelper: resolve host for: rapi.service.rokid.com successfully
04-25 17:03:43.330  2412  2803 I RKConnectionHelper: resolved host for rapi: 120.55.199.6
04-25 17:03:43.330  2412  2803 I RKConnectionManager: get account host resolved: true, host resolved: 120.55.199.6, origin host: rapi.service.rokid.com
04-25 17:03:43.330  2412  2803 I RKConnectionManager: RAPI Service URL: https://120.55.199.6/rapi.do
04-25 17:03:43.330  2412  2803 D RKConnectionManager: start rapi request in Thread: 71
04-25 17:03:43.330  2412  2803 D RKConnectionManager: called from PID: 2412
04-25 17:03:43.330  2412  2803 D RKConnectionManager: start new rapi service request task...host: https://120.55.199.6/rapi.do
04-25 17:03:43.331  2412  5751 D RKConnectionManager: rapi request doInBackground start
04-25 17:03:43.331  2412  5751 D RKConnectionManager: rapi request for com.rokid.service.session.renewSession v1.0 doInBackground ready
04-25 17:03:43.331  2412  5751 I RKLoginManager: get current sessionId: ONLINE:ROKI:B36F9A9D7BF14A9E9CE3D905FDE52C77
04-25 17:03:43.331  2412  5751 I RKConnectionManager: get current session id when start to do rapi request: ONLINE:ROKI:B36F9A9D7BF14A9E9CE3D905FDE52C77
04-25 17:03:43.331  2412  5751 I RKConnectionManager: rapi call session id replaced by current session id
04-25 17:03:43.332  2412  5751 W System  : ClassLoader referenced unknown path: /system/framework/tcmclient.jar
04-25 17:03:43.339  2412  5751 I RKConnectionManager: current x_request_datetime: 2017-04-25T17:03:43.338+0800;1493111023338
04-25 17:03:43.339  2412  5751 D RKConnectionManager: rapi protobuff created....
04-25 17:03:43.339  2412  5751 D RKConnectionManager: rapi set http post entity....
04-25 17:03:43.451  2412  5751 D RKConnectionManager: rapi response get entity....
04-25 17:03:43.451  2412  5751 D RKConnectionManager: rapi HttpEntity is streaming....
04-25 17:03:43.451  2412  5751 D RKConnectionManager: responseData: "1J,ONLINE:ROKI:926DF6996D4A4082B6EA60BB0E51394F�	
04-25 17:03:43.451  2412  5751 D RKConnectionManager: error:  | res: true | string_param: "ONLINE:ROKI:926DF6996D4A4082B6EA60BB0E51394F"
04-25 17:03:43.451  2412  5751 D RKConnectionManager: type: type_string
04-25 17:03:43.454  2412 13035 D RKSessionManager: renewSession onSuccess: ONLINE:ROKI:926DF6996D4A4082B6EA60BB0E51394F
04-25 17:03:44.382  2132  2132 I chatty  : uid=1010(wifi) /system/bin/wpa_supplicant expire 10 lines
04-25 17:03:48.131  3345  3347 I RKUPL_r2audio: ----------3817.350342
04-25 17:03:48.248  2340  3261 I NetworkMonitor: start ping process
04-25 17:03:49.500  3345  3347 I RKUPL_r2audio: ----------3846.317871
04-25 17:03:49.606  2376  3125 I chatty  : uid=1000(system) Thread-52 expire 1 line
04-25 17:03:53.311  2452  3128 I ChannelThread: ping server
04-25 17:03:53.344  2452  3362 D WSToPBHandler: channel read0
04-25 17:03:53.344  2452  3362 E WSToPBHandler: recv pong
04-25 17:03:53.619  1426  3024 I chatty  : uid=1000(system) ulp_msg expire 3 lines
04-25 17:03:53.619  1426  2190 I chatty  : uid=1000(system) FLP Service Cal expire 1 line
04-25 17:03:53.622  1426  2197 I chatty  : uid=1000(system) FLP Service Cal expire 1 line
04-25 17:03:54.403  3345  3347 I RKUPL_r2audio: r2status Cur ---- AwakeFlag:true SleepFlag:false AsrFlag:false AecFlag:false
04-25 17:03:55.938  3345  3347 I RKUPL_r2audio: ----------3798.998291
04-25 17:03:57.361  2340  3261 I NetworkMonitor: statistics starts at 12
04-25 17:03:57.362  2340  3261 I NetworkMonitor: match@6
04-25 17:03:57.362  2340  3261 I NetworkMonitor: send 10 with recv 10 lose 0 in 9013ms
04-25 17:03:57.362  2340  3261 I NetworkMonitor: roundTrip match@7
04-25 17:03:57.362  2340  3261 I NetworkMonitor: min:18.461/avg:26.09/max:33.658/mdev:4.495
04-25 17:03:57.362  2340  3261 I NetworkMonitor: ping process exit, lantency is 26
04-25 17:03:59.429  2132  2132 I chatty  : uid=1010(wifi) /system/bin/wpa_supplicant expire 10 lines
04-25 17:04:00.407  3345  3347 I RKUPL_r2audio: ----------3853.414062
04-25 17:04:01.735  3345  3347 I RKUPL_r2audio: ----------3862.224121
04-25 17:04:04.994  3345  3347 I RKUPL_r2audio: ----------3861.996582
04-25 17:04:07.729   409  2802 E leds_hw : busy
04-25 17:04:09.616  2376  3125 I chatty  : uid=1000(system) Thread-52 expire 3 lines
04-25 17:04:09.636  2376  3313 I chatty  : uid=1000(system) nioEventLoopGro expire 6 lines
04-25 17:04:10.122  2484  2777 E LightJNI: failed to lock buffer...
04-25 17:04:10.489  2484  2777 E LightJNI: failed to lock buffer...
04-25 17:04:10.588  2484  2777 E LightJNI: failed to lock buffer...
04-25 17:04:13.376  3345  3347 I RKUPL_r2audio: ----------5976.139648
04-25 17:04:14.494  2132  2132 I chatty  : uid=1010(wifi) /system/bin/wpa_supplicant expire 10 lines
04-25 17:04:15.494  2484  2777 E LightJNI: failed to lock buffer...
04-25 17:04:15.828  2484  2777 E LightJNI: failed to lock buffer...
04-25 17:04:17.647  3345  3347 I RKUPL_r2audio: ----------6283.509766
04-25 17:04:22.094  3345  3347 I RKUPL_r2audio: ----------6653.882324
04-25 17:04:22.432  2484  2777 E LightJNI: failed to lock buffer...
04-25 17:04:23.328  2452  3128 I ChannelThread: ping server
04-25 17:04:23.350  2452  3362 D WSToPBHandler: channel read0
04-25 17:04:23.350  2452  3362 E WSToPBHandler: recv pong
04-25 17:04:24.785   409  2802 E leds_hw : busy
04-25 17:04:26.220  3345  3347 I RKUPL_r2audio: ----------6504.683105
04-25 17:04:28.044  3345  3347 I RKUPL_r2audio: ----------6666.481445
04-25 17:04:29.568  2132  2132 I chatty  : uid=1010(wifi) /system/bin/wpa_supplicant expire 10 lines
04-25 17:04:35.210  3345  3347 I RKUPL_r2audio: ----------7037.484375
04-25 17:04:44.248  3345  3347 I RKUPL_r2audio: ----------9644.740234
04-25 17:04:44.390  3345  3347 I RKUPL_r2audio: r2status Cur ---- AwakeFlag:true SleepFlag:false AsrFlag:false AecFlag:false
04-25 17:04:44.630  2132  2132 I chatty  : uid=1010(wifi) /system/bin/wpa_supplicant expire 10 lines
04-25 17:04:44.639   351  1719 E NetlinkEvent: NetlinkEvent::FindParam(): Parameter 'TIME_NS' not found
04-25 17:04:44.639   351  1719 E NetlinkEvent: NetlinkEvent::FindParam(): Parameter 'UID' not found
04-25 17:04:45.442  3345  3347 I RKUPL_r2audio: ----------9688.420898
04-25 17:04:48.222  3345  3347 I RKUPL_r2audio: ----------9900.147461
04-25 17:04:48.563   351  1719 E NetlinkEvent: NetlinkEvent::FindParam(): Parameter 'TIME_NS' not found
04-25 17:04:48.563   351  1719 E NetlinkEvent: NetlinkEvent::FindParam(): Parameter 'UID' not found
04-25 17:04:50.168  2484  2777 E LightJNI: failed to lock buffer...
04-25 17:04:50.674  1426  1788 D ConnectivityService: notifyType CAP_CHANGED for NetworkAgentInfo [WIFI () - 100]
04-25 17:04:51.709 17396 17396 D AndroidRuntime: >>>>>> START com.android.internal.os.RuntimeInit uid 2000 <<<<<<
04-25 17:04:51.715 17396 17396 D AndroidRuntime: CheckJNI is OFF
04-25 17:04:51.785 17396 17396 D ICU     : No timezone override file found: /data/misc/zoneinfo/current/icu/icu_tzdata.dat
04-25 17:04:51.828 17396 17396 I Radio-JNI: register_android_hardware_Radio DONE
04-25 17:04:51.834 17396 17396 V RKStartup: register jni methods in real ...
04-25 17:04:51.852 17396 17396 D AndroidRuntime: Calling main entry com.android.commands.am.Am
04-25 17:04:51.855  1426  2569 I ActivityManager: Force stopping com.rokid.rkengine appid=10078 user=0: from pid 17396
04-25 17:04:51.855  1426  2569 I ActivityManager: Killing 4817:com.rokid.rkengine/u0a78 (adj 0): stop com.rokid.rkengine
04-25 17:04:51.870  1426  1768 I WindowState: WIN DEATH: Window{5b76213 u0 com.rokid.rkengine/com.rokid.rkengine.MainActivity}
04-25 17:04:51.871  2585  2784 W RKNativeAppClientService: callback death!
04-25 17:04:51.878  1426  1543 W WindowAnimator: Failed to dispatch window animation state change.
04-25 17:04:51.878  1426  1543 W WindowAnimator: android.os.DeadObjectException
04-25 17:04:51.878  1426  1543 W WindowAnimator: 	at android.os.BinderProxy.transactNative(Native Method)
04-25 17:04:51.878  1426  1543 W WindowAnimator: 	at android.os.BinderProxy.transact(Binder.java:503)
04-25 17:04:51.878  1426  1543 W WindowAnimator: 	at android.view.IWindow$Stub$Proxy.onAnimationStarted(IWindow.java:520)
04-25 17:04:51.878  1426  1543 W WindowAnimator: 	at com.android.server.wm.WindowAnimator.updateWindowsLocked(WindowAnimator.java:282)
04-25 17:04:51.878  1426  1543 W WindowAnimator: 	at com.android.server.wm.WindowAnimator.animateLocked(WindowAnimator.java:678)
04-25 17:04:51.878  1426  1543 W WindowAnimator: 	at com.android.server.wm.WindowAnimator.access$000(WindowAnimator.java:53)
04-25 17:04:51.878  1426  1543 W WindowAnimator: 	at com.android.server.wm.WindowAnimator$1.doFrame(WindowAnimator.java:123)
04-25 17:04:51.878  1426  1543 W WindowAnimator: 	at android.view.Choreographer$CallbackRecord.run(Choreographer.java:856)
04-25 17:04:51.878  1426  1543 W WindowAnimator: 	at android.view.Choreographer.doCallbacks(Choreographer.java:670)
04-25 17:04:51.878  1426  1543 W WindowAnimator: 	at android.view.Choreographer.doFrame(Choreographer.java:603)
04-25 17:04:51.878  1426  1543 W WindowAnimator: 	at android.view.Choreographer$FrameDisplayEventReceiver.run(Choreographer.java:844)
04-25 17:04:51.878  1426  1543 W WindowAnimator: 	at android.os.Handler.handleCallback(Handler.java:739)
04-25 17:04:51.878  1426  1543 W WindowAnimator: 	at android.os.Handler.dispatchMessage(Handler.java:95)
04-25 17:04:51.878  1426  1543 W WindowAnimator: 	at android.os.Looper.loop(Looper.java:148)
04-25 17:04:51.878  1426  1543 W WindowAnimator: 	at android.os.HandlerThread.run(HandlerThread.java:61)
04-25 17:04:51.878  1426  1543 W WindowAnimator: 	at com.android.server.ServiceThread.run(ServiceThread.java:46)
04-25 17:04:51.890  1426  2569 W ActivityManager: Force removing ActivityRecord{36b2fdd u0 com.rokid.rkengine/.MainActivity t61}: app died, no saved state
04-25 17:04:51.908  1426  2467 W ActivityManager: Spurious death for ProcessRecord{945e38 0:com.rokid.rkengine/u0a78}, curProc for 4817: null
04-25 17:04:51.912 17396 17396 D AndroidRuntime: Shutting down VM
04-25 17:04:51.921 28906 28906 D CloudAppClient - BaseActivity.onRestart(L:62): RKCloudAppActivity onRestart
04-25 17:04:51.921 28906 28906 I Activity: activityInfo: ActivityInfo{e062fba com.rokid.cloudappclient.activity.CloudActivity}
04-25 17:04:51.922 28906 28906 D CloudAppClient - BaseActivity.onStart(L:68): RKCloudAppActivity onStart
04-25 17:04:51.922 28906 28906 I Activity: activityInfo: ActivityInfo{e062fba com.rokid.cloudappclient.activity.CloudActivity}
04-25 17:04:51.922 28906 28906 D CloudAppClient - BaseActivity.onResume(L:74): RKCloudAppActivity onResume
04-25 17:04:51.922 28906 28906 I CloudAppClient - StateManager.getCurrentAppShot(L:139): get current app shot: CUT
04-25 17:04:51.923 28906 28906 D CloudAppClient - StateManager.getAppState(L:162): get app state: 3
04-25 17:04:51.923 28906 28906 I CloudAppClient - StateManager.getCurrentAppShot(L:139): get current app shot: CUT
04-25 17:04:51.923 28906 28906 D CloudAppClient - StateManager$StateNode.restoreLastAppState(L:640): AppState: 3 ; LastAppState: 3 
04-25 17:04:51.924 28906 28906 D CloudAppClient - StateManager$StateNode.restoreLastMediaState(L:650): MediaState: 0 ; LastMediaState: 0 
04-25 17:04:51.924 28906 28906 D CloudAppClient - StateManager$StateNode.restoreLastVoiceState(L:645): VoiceState: 1 ; LastVoiceState: 1 
04-25 17:04:51.925  1426  1426 I chatty  : uid=1000 system_server expire 2 lines
04-25 17:04:51.925  2585  2619 I RKNativeAppClientService: recv event callback for app change
04-25 17:04:51.926  2585  2784 I RKNativeAppClientService: recv event callback for app change
04-25 17:04:51.927  2585  2585 E RKNativeAppClientService: app state callback is null
04-25 17:04:51.927  2585  2585 E RKNativeAppClientService: app state callback is null
04-25 17:04:51.933  3345  3347 I RKUPL_r2audio: ----------7418.918945
04-25 17:04:51.944  1426  2506 W InputMethodManagerService: Got RemoteException sending setActive(false) notification to pid 4817 uid 10078
04-25 17:04:52.404  1426  1543 W WindowAnimator: Failed to dispatch window animation state change.
04-25 17:04:52.404  1426  1543 W WindowAnimator: android.os.DeadObjectException
04-25 17:04:52.404  1426  1543 W WindowAnimator: 	at android.os.BinderProxy.transactNative(Native Method)
04-25 17:04:52.404  1426  1543 W WindowAnimator: 	at android.os.BinderProxy.transact(Binder.java:503)
04-25 17:04:52.404  1426  1543 W WindowAnimator: 	at android.view.IWindow$Stub$Proxy.onAnimationStopped(IWindow.java:534)
04-25 17:04:52.404  1426  1543 W WindowAnimator: 	at com.android.server.wm.WindowAnimator.updateWindowsLocked(WindowAnimator.java:286)
04-25 17:04:52.404  1426  1543 W WindowAnimator: 	at com.android.server.wm.WindowAnimator.animateLocked(WindowAnimator.java:678)
04-25 17:04:52.404  1426  1543 W WindowAnimator: 	at com.android.server.wm.WindowAnimator.access$000(WindowAnimator.java:53)
04-25 17:04:52.404  1426  1543 W WindowAnimator: 	at com.android.server.wm.WindowAnimator$1.doFrame(WindowAnimator.java:123)
04-25 17:04:52.404  1426  1543 W WindowAnimator: 	at android.view.Choreographer$CallbackRecord.run(Choreographer.java:856)
04-25 17:04:52.404  1426  1543 W WindowAnimator: 	at android.view.Choreographer.doCallbacks(Choreographer.java:670)
04-25 17:04:52.404  1426  1543 W WindowAnimator: 	at android.view.Choreographer.doFrame(Choreographer.java:603)
04-25 17:04:52.404  1426  1543 W WindowAnimator: 	at android.view.Choreographer$FrameDisplayEventReceiver.run(Choreographer.java:844)
04-25 17:04:52.404  1426  1543 W WindowAnimator: 	at android.os.Handler.handleCallback(Handler.java:739)
04-25 17:04:52.404  1426  1543 W WindowAnimator: 	at android.os.Handler.dispatchMessage(Handler.java:95)
04-25 17:04:52.404  1426  1543 W WindowAnimator: 	at android.os.Looper.loop(Looper.java:148)
04-25 17:04:52.404  1426  1543 W WindowAnimator: 	at android.os.HandlerThread.run(HandlerThread.java:61)
04-25 17:04:52.404  1426  1543 W WindowAnimator: 	at com.android.server.ServiceThread.run(ServiceThread.java:46)
04-25 17:04:52.865 17499 17499 D AndroidRuntime: >>>>>> START com.android.internal.os.RuntimeInit uid 2000 <<<<<<
04-25 17:04:52.870 17499 17499 D AndroidRuntime: CheckJNI is OFF
04-25 17:04:52.933 17499 17499 D ICU     : No timezone override file found: /data/misc/zoneinfo/current/icu/icu_tzdata.dat
04-25 17:04:52.973 17499 17499 I Radio-JNI: register_android_hardware_Radio DONE
04-25 17:04:52.974  3345  3347 I RKUPL_r2audio: ----------6944.791504
04-25 17:04:52.979 17499 17499 V RKStartup: register jni methods in real ...
04-25 17:04:52.999 17499 17499 D AndroidRuntime: Calling main entry com.android.commands.pm.Pm
04-25 17:04:53.005 17499 17499 I art     : System.exit called, status: 0
04-25 17:04:53.005 17499 17499 I AndroidRuntime: VM exiting with result code 0.
04-25 17:04:53.332  2452  3128 I ChannelThread: ping server
04-25 17:04:53.350  2452  3362 D WSToPBHandler: channel read0
04-25 17:04:53.350  2452  3362 E WSToPBHandler: recv pong
04-25 17:04:53.619  1426  3024 I chatty  : uid=1000(system) ulp_msg expire 2 lines
04-25 17:04:53.619  1426  2190 I chatty  : uid=1000(system) FLP Service Cal expire 1 line
04-25 17:04:53.622  1426  2197 I chatty  : uid=1000(system) FLP Service Cal expire 1 line
04-25 17:04:53.623  1426  3024 I chatty  : uid=1000(system) ulp_msg expire 1 line
04-25 17:04:54.520   514  3891 I chatty  : uid=1000(system) /system/bin/mm-pp-daemon expire 2 lines
04-25 17:04:56.164  3345  3347 I RKUPL_r2audio: ----------6523.067871
04-25 17:04:56.976 17660 17660 D AndroidRuntime: >>>>>> START com.android.internal.os.RuntimeInit uid 2000 <<<<<<
04-25 17:04:56.980 17660 17660 D AndroidRuntime: CheckJNI is OFF
04-25 17:04:57.027 17660 17660 D ICU     : No timezone override file found: /data/misc/zoneinfo/current/icu/icu_tzdata.dat
04-25 17:04:57.065 17660 17660 I Radio-JNI: register_android_hardware_Radio DONE
04-25 17:04:57.070 17660 17660 V RKStartup: register jni methods in real ...
04-25 17:04:57.088 17660 17660 D AndroidRuntime: Calling main entry com.android.commands.wm.Wm
04-25 17:04:57.090 17660 17660 D AndroidRuntime: Shutting down VM
04-25 17:04:57.095 17660 17719 E art     : Thread attaching while runtime is shutting down: Binder_1
04-25 17:04:57.095 17660 17719 I AndroidRuntime: NOTE: attach of thread 'Binder_1' failed
04-25 17:04:57.143 17693 17693 D AndroidRuntime: >>>>>> START com.android.internal.os.RuntimeInit uid 2000 <<<<<<
04-25 17:04:57.147 17693 17693 D AndroidRuntime: CheckJNI is OFF
04-25 17:04:57.211 17693 17693 D ICU     : No timezone override file found: /data/misc/zoneinfo/current/icu/icu_tzdata.dat
04-25 17:04:57.258 17693 17693 I Radio-JNI: register_android_hardware_Radio DONE
04-25 17:04:57.264 17693 17693 V RKStartup: register jni methods in real ...
04-25 17:04:57.288 17693 17693 D AndroidRuntime: Calling main entry com.android.commands.pm.Pm
04-25 17:04:57.303  6979  6990 E NativeLibraryHelper: Failed to load assets verifier: 0
04-25 17:04:57.332  6979  6995 D DefContainer: Copying /data/local/tmp/com.rokid.rkengine to base.apk
04-25 17:04:57.341  1426  1566 I chatty  : uid=1000(system) PackageManager expire 6 lines
04-25 17:04:57.362  2340  3261 I NetworkMonitor: start ping process
04-25 17:04:57.412 17740 17740 I dex2oat : /system/bin/dex2oat --debuggable
