04-25 17:20:11.815  1426  1566 W PackageManager: Resource path for com.rokid.rkengine changing from /data/app/com.rokid.rkengine-1 to /data/app/com.rokid.rkengine-2
04-25 17:20:11.991  1426  1566 W Settings: Setting install_non_market_apps has moved from android.provider.Settings.Global to android.provider.Settings.Secure, returning read-only value.
04-25 17:20:11.991  1426  1566 I art     : Starting a blocking GC Explicit
04-25 17:20:12.025  1426  1566 I art     : Explicit concurrent mark sweep GC freed 52878(2MB) AllocSpace objects, 15(300KB) LOS objects, 33% free, 9MB/14MB, paused 662us total 32.917ms
04-25 17:20:12.031  1426  1566 W PackageManager: Couldn't remove dex file for package:  at location /data/app/com.rokid.rkengine-1/base.apk, retcode=-1
04-25 17:20:12.032  1426  1566 I ActivityManager: Force stopping com.rokid.rkengine appid=10078 user=0: pkg removed
04-25 17:20:12.036 26028 26028 I art     : System.exit called, status: 0
04-25 17:20:12.036 26028 26028 I AndroidRuntime: VM exiting with result code 0.
04-25 17:20:12.044  1426  1426 D JobSchedulerService: Receieved: android.intent.action.PACKAGE_REMOVED
04-25 17:20:12.045  2443  2443 D CarrierServiceBindHelper: Receive action: android.intent.action.PACKAGE_REMOVED
04-25 17:20:12.045  2443  2443 D CarrierServiceBindHelper: mHandler: 3
04-25 17:20:12.045  3395  3395 D BluetoothMapAppObserver: onReceive
04-25 17:20:12.045  3395  3395 D BluetoothMapAppObserver: The removed package is: com.rokid.rkengine
04-25 17:20:12.047  1426  1778 I InputReader: Reconfiguring input devices.  changes=0x00000010
04-25 17:20:12.051 12215 12215 W ContextImpl: Calling a method in the system process without a qualified user: android.app.ContextImpl.startService:1225 android.content.ContextWrapper.startService:581 android.content.ContextWrapper.startService:581 com.android.keychain.KeyChainBroadcastReceiver.onReceive:12 android.app.ActivityThread.handleReceiver:2729 
04-25 17:20:12.056  1426  2761 I RKAndroidBridge: service with package name com.android.keychain with comp name com.android.keychain.KeyChainService
04-25 17:20:12.058  1426  1778 I InputReader: Reconfiguring input devices.  changes=0x00000010
04-25 17:20:12.060  3395  3395 D BluetoothMapAppObserver: onReceive
04-25 17:20:12.060  3395  3395 D BluetoothMapAppObserver: The installed package is: com.rokid.rkengine
04-25 17:20:12.061  3395  3395 D BluetoothMapAppObserver: Found 0 application(s) with intent android.bluetooth.action.BLUETOOTH_MAP_PROVIDER
04-25 17:20:12.062  3395  3395 D BluetoothMapAppObserver: Found 0 application(s) with intent android.bluetooth.action.BLUETOOTH_MAP_IM_PROVIDER
04-25 17:20:12.079  1426  1509 W Searchables: No global search activity found
04-25 17:20:12.082  2443  2443 D CarrierServiceBindHelper: Receive action: android.intent.action.PACKAGE_ADDED
04-25 17:20:12.082  2443  2443 D CarrierServiceBindHelper: Receive action: android.intent.action.PACKAGE_REPLACED
04-25 17:20:12.083  2443  2443 D CarrierServiceBindHelper: mHandler: 3
04-25 17:20:12.083  2443  2443 D CarrierServiceBindHelper: mHandler: 3
04-25 17:20:12.083  2443  2443 D CarrierConfigLoader: mHandler: 9 phoneId: 0
04-25 17:20:12.083  1426  1778 I InputReader: Reconfiguring input devices.  changes=0x00000010
04-25 17:20:12.093  1426  1509 W Searchables: No global search activity found
04-25 17:20:12.094  1426  1509 W VoiceInteractionManagerService: no available voice recognition services found for user 0
04-25 17:20:12.786 26174 26174 D AndroidRuntime: >>>>>> START com.android.internal.os.RuntimeInit uid 2000 <<<<<<
04-25 17:20:12.790 26174 26174 D AndroidRuntime: CheckJNI is OFF
04-25 17:20:12.819  2132  2132 D wpa_supplicant: wlan0: Control interface command 'SIGNAL_POLL'
04-25 17:20:12.830  2132  2132 D wpa_supplicant: CTRL-DEBUG: global_ctrl_sock-sendto: sock=11 sndbuf=163840 outq=0 send_len=49
04-25 17:20:12.836 26174 26174 D ICU     : No timezone override file found: /data/misc/zoneinfo/current/icu/icu_tzdata.dat
04-25 17:20:12.878 26174 26174 I Radio-JNI: register_android_hardware_Radio DONE
04-25 17:20:12.883 26174 26174 V RKStartup: register jni methods in real ...
04-25 17:20:12.901 26174 26174 D AndroidRuntime: Calling main entry com.android.commands.am.Am
04-25 17:20:12.905  1426  2775 I ActivityManager: START u0 {act=android.intent.action.MAIN cat=[android.intent.category.LAUNCHER] flg=0x10000000 cmp=com.rokid.rkengine/.MainActivity} from uid 2000 on display 0
04-25 17:20:12.910  2424  2424 I Activity: activityInfo: ActivityInfo{3dcc75e com.rokid.launcher.PortalActivity}
04-25 17:20:12.910  2424  2424 D PortalActivity: onPause
04-25 17:20:12.910  1426  1426 I RKAndroidBridge: activity com.rokid.launcher.PortalActivity for com.rokid.launcher report status onPause
04-25 17:20:12.910  2585  2606 I RKNativeAppClientService: recv event callback for app change
04-25 17:20:12.910  2585  2585 E RKNativeAppClientService: app state callback is null
04-25 17:20:12.913 26174 26174 D AndroidRuntime: Shutting down VM
04-25 17:20:12.943  1426  2411 V BoostFramework: BoostFramework() : mPerf = com.qualcomm.qti.Performance@cc12ff4
04-25 17:20:12.943  1426  2411 I ActivityManager: Start proc 26243:com.rokid.rkengine/u0a78 for activity com.rokid.rkengine/.MainActivity
04-25 17:20:12.950 26243 26243 I art     : Late-enabling -Xcheck:jni
04-25 17:20:12.993 26243 26243 E DX      : /data/app/com.rokid.rkengine-2/base.apk
04-25 17:20:13.049 26256 26256 E dex2oat : Failed to create oat file: /data/dalvik-cache/arm/system@rokid@netty-android.jar@classes.dex: Permission denied
04-25 17:20:13.049 26256 26256 I dex2oat : dex2oat took 1.010ms (threads: 4) 
04-25 17:20:13.051 26243 26243 W art     : Failed execv(/system/bin/dex2oat --runtime-arg -classpath --runtime-arg  --debuggable --instruction-set=arm --instruction-set-features=smp,div,atomic_ldrd_strd --runtime-arg -Xrelocate --boot-image=/system/framework/boot.art --runtime-arg -Xms64m --runtime-arg -Xmx512m --instruction-set-variant=krait --instruction-set-features=default --dex-file=/system/rokid/netty-android.jar --oat-file=/data/dalvik-cache/arm/system@rokid@netty-android.jar@classes.dex) because non-0 exit status
04-25 17:20:13.285 26291 26291 E dex2oat : Failed to create oat file: /data/dalvik-cache/arm/system@rokid@jctools-android.jar@classes.dex: Permission denied
04-25 17:20:13.285 26291 26291 I dex2oat : dex2oat took 660.677us (threads: 4) 
04-25 17:20:13.289 26243 26243 W art     : Failed execv(/system/bin/dex2oat --runtime-arg -classpath --runtime-arg  --debuggable --instruction-set=arm --instruction-set-features=smp,div,atomic_ldrd_strd --runtime-arg -Xrelocate --boot-image=/system/framework/boot.art --runtime-arg -Xms64m --runtime-arg -Xmx512m --instruction-set-variant=krait --instruction-set-features=default --dex-file=/system/rokid/jctools-android.jar --oat-file=/data/dalvik-cache/arm/system@rokid@jctools-android.jar@classes.dex) because non-0 exit status
04-25 17:20:13.295 26243 26243 W System  : ClassLoader referenced unknown path: /data/app/com.rokid.rkengine-2/lib/arm
04-25 17:20:13.303 26243 26243 I Activity: activityInfo: ActivityInfo{ced1c4f com.rokid.rkengine.MainActivity}
04-25 17:20:13.303 26243 26243 I MainActivity: onCreate
04-25 17:20:13.303  1426  1426 I RKAndroidBridge: activity com.rokid.rkengine.MainActivity for com.rokid.rkengine report status onCreate
04-25 17:20:13.304  2585  2784 I RKNativeAppClientService: recv event callback for app change
04-25 17:20:13.304  2585  2585 E RKNativeAppClientService: app state callback is null
04-25 17:20:13.306 26243 26243 D RKAppEngine - AppManagerImp.bindService(L:52): isBind RemoteService true
04-25 17:20:13.341 26243 26243 I Activity: activityInfo: ActivityInfo{ced1c4f com.rokid.rkengine.MainActivity}
04-25 17:20:13.341  1426  1426 I RKAndroidBridge: activity com.rokid.rkengine.MainActivity for com.rokid.rkengine report status onStart
04-25 17:20:13.342  2585  2606 I RKNativeAppClientService: recv event callback for app change
04-25 17:20:13.342 26243 26243 I Activity: activityInfo: ActivityInfo{ced1c4f com.rokid.rkengine.MainActivity}
04-25 17:20:13.342  2585  2585 E RKNativeAppClientService: app state callback is null
04-25 17:20:13.342  1426  1426 I RKAndroidBridge: activity com.rokid.rkengine.MainActivity for com.rokid.rkengine report status onResume
04-25 17:20:13.342  2585  2784 I RKNativeAppClientService: recv event callback for app change
04-25 17:20:13.342  2585  2585 E RKNativeAppClientService: app state callback is null
04-25 17:20:13.352 26243 26243 D RKAppEngine - AppManagerImp$1.onServiceConnected(L:67): onServiceConnected 
04-25 17:20:13.353 26243 26243 D RKAppEngine - AppManagerImp.setAppStateCallBack(L:93): appManager setAppStateCallBack
04-25 17:20:13.353  2585  2619 I RKNativeAppClientProxy: setAppStateCallback
04-25 17:20:13.431  1426  1543 I ActivityManager: Displayed com.rokid.rkengine/.MainActivity: +501ms
04-25 17:20:13.547  2424  2424 D PortalActivity: onSaveInstanceState
04-25 17:20:13.547  2424  2424 I Activity: activityInfo: ActivityInfo{3dcc75e com.rokid.launcher.PortalActivity}
04-25 17:20:13.547  2424  2424 D PortalActivity: onStop
04-25 17:20:13.547  1426  1426 I RKAndroidBridge: activity com.rokid.launcher.PortalActivity for com.rokid.launcher report status onStop
04-25 17:20:13.548  2585  2606 I RKNativeAppClientService: recv event callback for app change
04-25 17:20:13.548  2585  2585 I RKNativeAppClientService: app state change with compName com.rokid.launcher.PortalActivity pkgName com.rokid.launcher
04-25 17:20:13.548  2585  2585 E RKNativeAppClientService: component is null
04-25 17:20:15.193  2484  2777 E LightJNI: failed to lock buffer...
04-25 17:20:15.266 26243 26243 D RKAppEngine - ParserProxy.startParse(L:66): action:{"appId":"AC191AE1C6A74549AB813AB0D57546E7","response":{"action":{"shoudEndSession":false,"voice":{"item":{},"needEventCallback":false}}},"startWithActiveWord":false,"version":"2.0.0"} nlp: {"cloud":false,"confidence":1,"domain":"custom.skill.A6DF1E1D61754997A5195FC1F28C2CA3","intent":"beat","pattern":"我要打人","posEnd":4,"posStart":0,"slots":{},"version":"custom.skill.A6DF1E1D61754997A5195FC1F28C2CA3:0.0.0"} asr: .
04-25 17:20:15.268   366  1743 E AudioPolicyManagerCustom: getNewOutputDevice() selected device 4000
04-25 17:20:15.299 26243 26243 D RKAppEngine - ParserProxy.startParse(L:123): aidl startApp
04-25 17:20:15.299 26243 26243 D RKAppEngine - AppManagerImp.startApp(L:114): appManager startApp appInfo : domain: custom.skill.A6DF1E1D61754997A5195FC1F28C2CA3
04-25 17:20:15.299 26243 26243 D RKAppEngine - AppManagerImp.startApp(L:114): appId: AC191AE1C6A74549AB813AB0D57546E7
04-25 17:20:15.299 26243 26243 D RKAppEngine - AppManagerImp.startApp(L:114): type: 0
04-25 17:20:15.299 26243 26243 D RKAppEngine - AppManagerImp.startApp(L:114): ignoreFromCDomain: false
04-25 17:20:15.299 26243 26243 D RKAppEngine - AppManagerImp.startApp(L:114): isSystem: false
04-25 17:20:15.299 26243 26243 D RKAppEngine - AppManagerImp.startApp(L:114):  extra : {"cloud":false,"confidence":1,"domain":"custom.skill.A6DF1E1D61754997A5195FC1F28C2CA3","intent":"beat","pattern":"我要打人","posEnd":4,"posStart":0,"slots":{},"version":"custom.skill.A6DF1E1D61754997A5195FC1F28C2CA3:0.0.0"}
04-25 17:20:15.299  2585  2784 I RKNativeAppClientProxy: startApp
04-25 17:20:15.299  2585  2585 I RKNativeAppClientService: resume app AC191AE1C6A74549AB813AB0D57546E7
04-25 17:20:15.300 26243 26243 D RKAppEngine - AppManagerImp.startApp(L:120): appManagerProxy.startApp
04-25 17:20:15.300  1426  2581 I ActivityManager: START u0 {flg=0x30004000 cmp=test.testapp1/.MainActivity (has extras)} from uid 10020 on display 0
04-25 17:20:15.314 26243 26243 I Activity: activityInfo: ActivityInfo{ced1c4f com.rokid.rkengine.MainActivity}
04-25 17:20:15.314  1426  1426 I RKAndroidBridge: activity com.rokid.rkengine.MainActivity for com.rokid.rkengine report status onPause
04-25 17:20:15.314  2585  2619 I RKNativeAppClientService: recv event callback for app change
04-25 17:20:15.335  2585  2585 I RKNativeAppClientService: app state change with compName com.rokid.rkengine.MainActivity pkgName com.rokid.rkengine
04-25 17:20:15.335  2585  2585 E RKNativeAppClientService: component is null
04-25 17:20:15.340  3424  3424 I Activity: activityInfo: ActivityInfo{37e2bd0 test.testapp1.MainActivity}
04-25 17:20:15.340  1426  1426 I RKAndroidBridge: activity test.testapp1.MainActivity for test.testapp1 report status onCreate
04-25 17:20:15.340  2585  2606 I RKNativeAppClientService: recv event callback for app change
04-25 17:20:15.340  2585  2585 I RKNativeAppClientService: app state change with compName test.testapp1.MainActivity pkgName test.testapp1
04-25 17:20:15.341 26243 26255 I NativeAppClientCallback: app null onCreate
04-25 17:20:15.357  3424  3424 I Activity: activityInfo: ActivityInfo{37e2bd0 test.testapp1.MainActivity}
04-25 17:20:15.357  1426  1426 I RKAndroidBridge: activity test.testapp1.MainActivity for test.testapp1 report status onStart
04-25 17:20:15.357  3424  3424 I Activity: activityInfo: ActivityInfo{37e2bd0 test.testapp1.MainActivity}
04-25 17:20:15.357  1426  1426 I RKAndroidBridge: activity test.testapp1.MainActivity for test.testapp1 report status onResume
04-25 17:20:15.357  2585  2784 I RKNativeAppClientService: recv event callback for app change
04-25 17:20:15.357  2585  2585 I RKNativeAppClientService: app state change with compName test.testapp1.MainActivity pkgName test.testapp1
04-25 17:20:15.357  2585  2619 I RKNativeAppClientService: recv event callback for app change
04-25 17:20:15.358 26243 26254 I NativeAppClientCallback: app null onStart
04-25 17:20:15.358  2585  2585 I RKNativeAppClientService: app state change with compName test.testapp1.MainActivity pkgName test.testapp1
04-25 17:20:15.359 26243 26255 I NativeAppClientCallback: app null onResume
04-25 17:20:15.421  1426  1543 I ActivityManager: Displayed test.testapp1/.MainActivity: +88ms
04-25 17:20:15.504   366  1743 E AudioPolicyManagerCustom: getNewOutputDevice() selected device 0
04-25 17:20:15.534  3345  3347 I RKUPL_r2audio: r2status Changed ---- AwakeFlag:true SleepFlag:false AsrFlag:false AecFlag:true
04-25 17:20:15.704  3345  3347 I RKUPL_r2audio: r2status Changed ---- AwakeFlag:true SleepFlag:false AsrFlag:false AecFlag:false
04-25 17:20:15.710  3345  3347 I RKUPL_r2audio: r2status Changed ---- AwakeFlag:true SleepFlag:false AsrFlag:false AecFlag:true
04-25 17:20:15.720  3345  3347 I RKUPL_r2audio: r2status Changed ---- AwakeFlag:true SleepFlag:false AsrFlag:false AecFlag:false
04-25 17:20:15.726  3345  3347 I RKUPL_r2audio: r2status Changed ---- AwakeFlag:true SleepFlag:false AsrFlag:false AecFlag:true
04-25 17:20:15.754  3345  3347 I RKUPL_r2audio: r2status Changed ---- AwakeFlag:true SleepFlag:false AsrFlag:false AecFlag:false
04-25 17:20:15.834  2132  2132 D wpa_supplicant: wlan0: Control interface command 'SIGNAL_POLL'
04-25 17:20:15.844  2132  2132 D wpa_supplicant: CTRL-DEBUG: global_ctrl_sock-sendto: sock=11 sndbuf=163840 outq=0 send_len=49
04-25 17:20:15.874  3345  3347 I RKUPL_r2audio: r2status Changed ---- AwakeFlag:true SleepFlag:false AsrFlag:false AecFlag:true
04-25 17:20:15.921  3345  3347 I RKUPL_r2audio: r2status Changed ---- AwakeFlag:true SleepFlag:false AsrFlag:false AecFlag:false
04-25 17:20:15.933 26243 26243 I Activity: activityInfo: ActivityInfo{ced1c4f com.rokid.rkengine.MainActivity}
04-25 17:20:15.933  1426  1426 I RKAndroidBridge: activity com.rokid.rkengine.MainActivity for com.rokid.rkengine report status onStop
04-25 17:20:15.933  2585  2784 I RKNativeAppClientService: recv event callback for app change
04-25 17:20:15.934  2585  2585 I RKNativeAppClientService: app state change with compName com.rokid.rkengine.MainActivity pkgName com.rokid.rkengine
04-25 17:20:15.934  2585  2585 E RKNativeAppClientService: component is null
04-25 17:20:17.825  3345  3347 I RKUPL_r2audio: ----------2221.022949
04-25 17:20:18.161   514  3891 E CABL    : hist_preprocess: Incorrect histogram data!!!
04-25 17:20:18.161   514  3891 E PPDaemon: abl_calc_lut() failed with ret = 1
04-25 17:20:18.848  2132  2132 D wpa_supplicant: wlan0: Control interface command 'SIGNAL_POLL'
04-25 17:20:18.857  2132  2132 D wpa_supplicant: CTRL-DEBUG: global_ctrl_sock-sendto: sock=11 sndbuf=163840 outq=0 send_len=49
04-25 17:20:21.863  2132  2132 D wpa_supplicant: wlan0: Control interface command 'SIGNAL_POLL'
04-25 17:20:21.871  2132  2132 D wpa_supplicant: CTRL-DEBUG: global_ctrl_sock-sendto: sock=11 sndbuf=163840 outq=0 send_len=49
04-25 17:20:21.896  3345  3347 I RKUPL_r2audio: ----------2165.131592
04-25 17:20:23.216  3345  3347 I RKUPL_r2audio: ----------2166.266602
04-25 17:20:23.470  2452  3128 I ChannelThread: ping server
04-25 17:20:23.492  2452  3362 D WSToPBHandler: channel read0
04-25 17:20:23.492  2452  3362 E WSToPBHandler: recv pong
04-25 17:20:23.544  2484  2777 E LightJNI: failed to lock buffer...
04-25 17:20:24.881  2132  2132 D wpa_supplicant: wlan0: Control interface command 'SIGNAL_POLL'
04-25 17:20:24.891  2132  2132 D wpa_supplicant: CTRL-DEBUG: global_ctrl_sock-sendto: sock=11 sndbuf=163840 outq=0 send_len=49
04-25 17:20:27.901  2132  2132 D wpa_supplicant: wlan0: Control interface command 'SIGNAL_POLL'
04-25 17:20:27.910  2132  2132 D wpa_supplicant: CTRL-DEBUG: global_ctrl_sock-sendto: sock=11 sndbuf=163840 outq=0 send_len=49
04-25 17:20:28.341  3345  3347 I RKUPL_r2audio: ----------3387.213867
04-25 17:20:29.401  3345  3347 I RKUPL_r2audio: ----------3440.256836
04-25 17:20:29.717  2376  3125 D tts.WSThread: doPing
04-25 17:20:29.738  2376  3313 D tts.WSInHandler: channel read0
04-25 17:20:29.738  2376  3313 D tts.WSInHandler: recv pong
04-25 17:20:30.359  1426  2506 D WindowManager: interceptKeyTq keycode=4 interactive=true keyguardActive=false policyFlags=2b000000
04-25 17:20:30.360  1426  2761 D WindowManager: interceptKeyTq keycode=4 interactive=true keyguardActive=false policyFlags=2b000000
04-25 17:20:30.392  3424  3424 I Activity: activityInfo: ActivityInfo{37e2bd0 test.testapp1.MainActivity}
04-25 17:20:30.392  1426  1426 I RKAndroidBridge: activity test.testapp1.MainActivity for test.testapp1 report status onPause
04-25 17:20:30.393  2585  2619 I RKNativeAppClientService: recv event callback for app change
04-25 17:20:30.393  2585  2585 I RKNativeAppClientService: app state change with compName test.testapp1.MainActivity pkgName test.testapp1
04-25 17:20:30.394 26243 26255 I NativeAppClientCallback: app null onPause
04-25 17:20:30.404  2424  2424 D PortalActivity: onRestart
04-25 17:20:30.405  2424  2424 I Activity: activityInfo: ActivityInfo{3dcc75e com.rokid.launcher.PortalActivity}
04-25 17:20:30.405  2424  2424 D PortalActivity: onStart
04-25 17:20:30.405  1426  1426 I RKAndroidBridge: activity com.rokid.launcher.PortalActivity for com.rokid.launcher report status onStart
04-25 17:20:30.405  2424  2424 D PortalActivity: portal onStart with stat: STATE_PAUSE
04-25 17:20:30.405  2424  2424 D PortalActivity: recv stat chg: STATE_PAUSE -> STATE_PAUSE
04-25 17:20:30.405  2424  2424 E PortalActivity: stat is not changed ...
04-25 17:20:30.405  2424  2424 I Activity: activityInfo: ActivityInfo{3dcc75e com.rokid.launcher.PortalActivity}
04-25 17:20:30.405  2424  2424 D PortalActivity: onResume
04-25 17:20:30.406  2585  2606 I RKNativeAppClientService: recv event callback for app change
04-25 17:20:30.406  2585  2585 I RKNativeAppClientService: app state change with compName com.rokid.launcher.PortalActivity pkgName com.rokid.launcher
04-25 17:20:30.406  1426  1426 I RKAndroidBridge: activity com.rokid.launcher.PortalActivity for com.rokid.launcher report status onResume
04-25 17:20:30.406  2585  2585 E RKNativeAppClientService: component is null
04-25 17:20:30.406  2585  2784 I RKNativeAppClientService: recv event callback for app change
04-25 17:20:30.407  2585  2585 I RKNativeAppClientService: app state change with compName com.rokid.launcher.PortalActivity pkgName com.rokid.launcher
04-25 17:20:30.407  2585  2585 E RKNativeAppClientService: component is null
04-25 17:20:30.507  1426  1783 D NtpTrustedTime: currentTimeMillis() cache hit
04-25 17:20:30.510  1426  1783 I TetherStatsReporting: getTetherStats() called NetworkStats: elapsedRealtime=9194503
04-25 17:20:30.510  1426  1783 I TetherStatsReporting:   [0] iface=wlan0 uid=0 set=DEFAULT tag=0x0 rxBytes=331181 rxPackets=1846 txBytes=76409 txPackets=731 operations=0
04-25 17:20:30.510  1426  1783 I TetherStatsReporting:   [1] iface=wlan0 uid=0 set=FOREGROUND tag=0x0 rxBytes=0 rxPackets=0 txBytes=0 txPackets=0 operations=0
04-25 17:20:30.510  1426  1783 I TetherStatsReporting:   [2] iface=wlan0 uid=1000 set=DEFAULT tag=0x0 rxBytes=62904 rxPackets=520 txBytes=78780 txPackets=982 operations=0
04-25 17:20:30.510  1426  1783 I TetherStatsReporting:   [3] iface=wlan0 uid=1000 set=FOREGROUND tag=0x0 rxBytes=0 rxPackets=0 txBytes=0 txPackets=0 operations=0
04-25 17:20:30.510  1426  1783 I TetherStatsReporting:   [4] iface=wlan0 uid=10014 set=DEFAULT tag=0x0 rxBytes=0 rxPackets=0 txBytes=0 txPackets=0 operations=0
04-25 17:20:30.510  1426  1783 I TetherStatsReporting:   [5] iface=wlan0 uid=10014 set=FOREGROUND tag=0x0 rxBytes=465359 rxPackets=881 txBytes=118221 txPackets=1156 operations=0
04-25 17:20:30.510  1426  1783 I TetherStatsReporting:   [6] iface=wlan0 uid=10018 set=DEFAULT tag=0x0 rxBytes=0 rxPackets=0 txBytes=0 txPackets=0 operations=0
04-25 17:20:30.510  1426  1783 I TetherStatsReporting:   [7] iface=wlan0 uid=10018 set=FOREGROUND tag=0x0 rxBytes=0 rxPackets=0 txBytes=111720 txPackets=1330 operations=0
04-25 17:20:30.510  1426  1783 I TetherStatsReporting:   [8] iface=wlan0 uid=10021 set=DEFAULT tag=0x0 rxBytes=0 rxPackets=0 txBytes=0 txPackets=0 operations=0
04-25 17:20:30.510  1426  1783 I TetherStatsReporting:   [9] iface=wlan0 uid=10021 set=FOREGROUND tag=0x0 rxBytes=6562 rxPackets=14 txBytes=1813 txPackets=18 operations=0
04-25 17:20:30.510  1426  1783 I TetherStatsReporting:   [10] iface=wlan0 uid=10022 set=DEFAULT tag=0x0 rxBytes=0 rxPackets=0 txBytes=0 txPackets=0 operations=0
04-25 17:20:30.510  1426  1783 I TetherStatsReporting:   [11] iface=wlan0 uid=10022 set=FOREGROUND tag=0x0 rxBytes=201827 rxPackets=440 txBytes=55077 txPackets=562 operations=0
04-25 17:20:30.510  1426  1783 I TetherStatsReporting:   [12] iface=wlan0 uid=10024 set=DEFAULT tag=0x0 rxBytes=0 rxPackets=0 txBytes=0 txPackets=0 operations=0
04-25 17:20:30.510  1426  1783 I TetherStatsReporting:   [13] iface=wlan0 uid=10024 set=FOREGROUND tag=0x0 rxBytes=38126 rxPackets=332 txBytes=45542 txPackets=642 operations=0
04-25 17:20:30.510  1426  1783 I TetherStatsReporting:   [14] iface=wlan0 uid=10076 set=DEFAULT tag=0x0 rxBytes=131310 rxPackets=155 txBytes=21214 txPackets=154 operations=0
04-25 17:20:30.510  1426  1783 I TetherStatsReporting:   [15] iface=wlan0 uid=10076 set=FOREGROUND tag=0x0 rxBytes=30384 rxPackets=39 txBytes=6584 txPackets=42 operations=0
04-25 17:20:30.510  1426  1783 I TetherStatsReporting:   [16] iface=dummy0 uid=0 set=DEFAULT tag=0x0 rxBytes=0 rxPackets=0 txBytes=168 txPackets=3 operations=0
04-25 17:20:30.510  1426  1783 I TetherStatsReporting:   [17] iface=dummy0 uid=0 set=FOREGROUND tag=0x0 rxBytes=0 rxPackets=0 txBytes=0 txPackets=0 operations=0
04-25 17:20:30.510  1426  1783 I TetherStatsReporting:   [18] iface=lo uid=0 set=DEFAULT tag=0x0 rxBytes=180 rxPackets=3 txBytes=120 txPackets=3 operations=0
04-25 17:20:30.510  1426  1783 I TetherStatsReporting:   [19] iface=lo uid=0 set=FOREGROUND tag=0x0 rxBytes=0 rxPackets=0 txBytes=0 txPackets=0 operations=0
04-25 17:20:30.510  1426  1783 I TetherStatsReporting:   [20] iface=lo uid=2000 set=DEFAULT tag=0x0 rxBytes=15999345 rxPackets=12633 txBytes=15998063 txPackets=12632 operations=0
04-25 17:20:30.510  1426  1783 I TetherStatsReporting:   [21] iface=lo uid=2000 set=FOREGROUND tag=0x0 rxBytes=0 rxPackets=0 txBytes=0 txPackets=0 operations=0
04-25 17:20:30.510  1426  1783 I TetherStatsReporting:   [22] iface=lo uid=10076 set=DEFAULT tag=0x0 rxBytes=4079 rxPackets=75 txBytes=5167 txPackets=76 operations=0
04-25 17:20:30.510  1426  1783 I TetherStatsReporting:   [23] iface=lo uid=10076 set=FOREGROUND tag=0x0 rxBytes=1196 rxPackets=23 txBytes=1450 txPackets=23 operations=0
04-25 17:20:30.510  1426  1783 I TetherStatsReporting: combining tether stats
04-25 17:20:30.511  2430  2866 D QtiTetherService/IpaWrapper: getStats(false)
04-25 17:20:30.512  1426  1783 D NtpTrustedTime: currentTimeMillis() cache hit
04-25 17:20:30.513  1426  1784 D NtpTrustedTime: currentTimeMillis() cache hit
04-25 17:20:30.513  1426  1784 D NtpTrustedTime: currentTimeMillis() cache hit
04-25 17:20:30.914  2132  2132 D wpa_supplicant: wlan0: Control interface command 'SIGNAL_POLL'
04-25 17:20:30.923  2132  2132 D wpa_supplicant: CTRL-DEBUG: global_ctrl_sock-sendto: sock=11 sndbuf=163840 outq=0 send_len=49
04-25 17:20:31.002  3424  3424 I Activity: activityInfo: ActivityInfo{37e2bd0 test.testapp1.MainActivity}
04-25 17:20:31.003  1426  1426 I RKAndroidBridge: activity test.testapp1.MainActivity for test.testapp1 report status onStop
04-25 17:20:31.003  2585  2619 I RKNativeAppClientService: recv event callback for app change
04-25 17:20:31.004  2585  2585 I RKNativeAppClientService: app state change with compName test.testapp1.MainActivity pkgName test.testapp1
04-25 17:20:31.005  3424  3424 I Activity: activityInfo: ActivityInfo{37e2bd0 test.testapp1.MainActivity}
04-25 17:20:31.005  1426  1426 I RKAndroidBridge: activity test.testapp1.MainActivity for test.testapp1 report status onDestroy
04-25 17:20:31.005  2585  2606 I RKNativeAppClientService: recv event callback for app change
04-25 17:20:31.005  2585  2585 I RKNativeAppClientService: app state change with compName test.testapp1.MainActivity pkgName test.testapp1
04-25 17:20:31.006  2585  2585 I RKNativeAppClientService: pkgname test.testapp1 compName test.testapp1.MainActivity onDestroy
04-25 17:20:33.927  2132  2132 D wpa_supplicant: wlan0: Control interface command 'SIGNAL_POLL'
04-25 17:20:33.937  2132  2132 D wpa_supplicant: CTRL-DEBUG: global_ctrl_sock-sendto: sock=11 sndbuf=163840 outq=0 send_len=49
04-25 17:20:36.229  3345  3347 I RKUPL_r2audio: r2status Cur ---- AwakeFlag:true SleepFlag:false AsrFlag:false AecFlag:false
04-25 17:20:36.941  2132  2132 D wpa_supplicant: wlan0: Control interface command 'SIGNAL_POLL'
04-25 17:20:36.951  2132  2132 D wpa_supplicant: CTRL-DEBUG: global_ctrl_sock-sendto: sock=11 sndbuf=163840 outq=0 send_len=49
04-25 17:20:37.416  3345  3347 I RKUPL_r2audio: ----------2457.413086
04-25 17:20:37.850 28599 28599 D AndroidRuntime: >>>>>> START com.android.internal.os.RuntimeInit uid 2000 <<<<<<
04-25 17:20:37.854 28599 28599 D AndroidRuntime: CheckJNI is OFF
04-25 17:20:37.915 28599 28599 D ICU     : No timezone override file found: /data/misc/zoneinfo/current/icu/icu_tzdata.dat
04-25 17:20:37.956 28599 28599 I Radio-JNI: register_android_hardware_Radio DONE
04-25 17:20:37.961 28599 28599 V RKStartup: register jni methods in real ...
04-25 17:20:37.978 28599 28599 D AndroidRuntime: Calling main entry com.android.commands.am.Am
04-25 17:20:37.981  1426  2775 I ActivityManager: Force stopping com.rokid.rkengine appid=10078 user=0: from pid 28599
04-25 17:20:37.982  1426  2775 I ActivityManager: Killing 26243:com.rokid.rkengine/u0a78 (adj 7): stop com.rokid.rkengine
04-25 17:20:37.995  1426  2464 I WindowState: WIN DEATH: Window{fbcbd51 u0 com.rokid.rkengine/com.rokid.rkengine.MainActivity}
04-25 17:20:37.996  2585  2784 W RKNativeAppClientService: callback death!
04-25 17:20:38.009  1426  2775 I ActivityManager:   Force finishing activity ActivityRecord{b56115c u0 com.rokid.rkengine/.MainActivity t73}
04-25 17:20:38.010 28599 28599 D AndroidRuntime: Shutting down VM
04-25 17:20:38.010  1426  2581 W ActivityManager: Spurious death for ProcessRecord{302acde 0:com.rokid.rkengine/u0a78}, curProc for 26243: null
04-25 17:20:38.933 28723 28723 D AndroidRuntime: >>>>>> START com.android.internal.os.RuntimeInit uid 2000 <<<<<<
04-25 17:20:38.937 28723 28723 D AndroidRuntime: CheckJNI is OFF
04-25 17:20:38.987 28723 28723 D ICU     : No timezone override file found: /data/misc/zoneinfo/current/icu/icu_tzdata.dat
04-25 17:20:39.029 28723 28723 I Radio-JNI: register_android_hardware_Radio DONE
04-25 17:20:39.035 28723 28723 V RKStartup: register jni methods in real ...
04-25 17:20:39.054 28723 28723 D AndroidRuntime: Calling main entry com.android.commands.pm.Pm
04-25 17:20:39.059 28723 28723 I art     : System.exit called, status: 0
04-25 17:20:39.059 28723 28723 I AndroidRuntime: VM exiting with result code 0.
04-25 17:20:39.330  3345  3347 I RKUPL_r2audio: ----------2464.545654
04-25 17:20:39.954  2132  2132 D wpa_supplicant: wlan0: Control interface command 'SIGNAL_POLL'
04-25 17:20:39.965  2132  2132 D wpa_supplicant: CTRL-DEBUG: global_ctrl_sock-sendto: sock=11 sndbuf=163840 outq=0 send_len=49
04-25 17:20:40.058   514  3891 E CABL    : hist_preprocess: Incorrect histogram data!!!
04-25 17:20:40.059   514  3891 E PPDaemon: abl_calc_lut() failed with ret = 1
04-25 17:20:40.999  3345  3347 I RKUPL_r2audio: ----------2640.456787
04-25 17:20:42.088   514  3891 E CABL    : hist_preprocess: Incorrect histogram data!!!
04-25 17:20:42.088   514  3891 E PPDaemon: abl_calc_lut() failed with ret = 1
04-25 17:20:42.899 28995 28995 D AndroidRuntime: >>>>>> START com.android.internal.os.RuntimeInit uid 2000 <<<<<<
04-25 17:20:42.903 28995 28995 D AndroidRuntime: CheckJNI is OFF
04-25 17:20:42.962 28995 28995 D ICU     : No timezone override file found: /data/misc/zoneinfo/current/icu/icu_tzdata.dat
04-25 17:20:42.969  2132  2132 D wpa_supplicant: wlan0: Control interface command 'SIGNAL_POLL'
04-25 17:20:42.978  2132  2132 D wpa_supplicant: CTRL-DEBUG: global_ctrl_sock-sendto: sock=11 sndbuf=163840 outq=0 send_len=49
04-25 17:20:43.004 28995 28995 I Radio-JNI: register_android_hardware_Radio DONE
04-25 17:20:43.011 28995 28995 V RKStartup: register jni methods in real ...
04-25 17:20:43.029 28995 28995 D AndroidRuntime: Calling main entry com.android.commands.wm.Wm
04-25 17:20:43.030 28995 28995 D AndroidRuntime: Shutting down VM
04-25 17:20:43.039 29070 29070 D AndroidRuntime: >>>>>> START com.android.internal.os.RuntimeInit uid 2000 <<<<<<
04-25 17:20:43.044 29070 29070 D AndroidRuntime: CheckJNI is OFF
04-25 17:20:43.089 29070 29070 D ICU     : No timezone override file found: /data/misc/zoneinfo/current/icu/icu_tzdata.dat
04-25 17:20:43.128 29070 29070 I Radio-JNI: register_android_hardware_Radio DONE
04-25 17:20:43.135 29070 29070 V RKStartup: register jni methods in real ...
04-25 17:20:43.155 29070 29070 D AndroidRuntime: Calling main entry com.android.commands.pm.Pm
04-25 17:20:43.172  6979  7000 E NativeLibraryHelper: Failed to load assets verifier: 0
04-25 17:20:43.161  3349  3349 I runtime : type=1400 audit(0.0:363): avc: denied { ioctl } for path="/dev/snd/pcmC1D0c" dev="tmpfs" ino=8852 ioctlcmd=4151 scontext=u:r:init:s0 tcontext=u:object_r:audio_device:s0 tclass=chr_file permissive=1
04-25 17:20:43.176  6979  6991 D DefContainer: Copying /data/local/tmp/com.rokid.rkengine to base.apk
04-25 17:20:43.184  1426  1566 E NativeLibraryHelper: Failed to load assets verifier: 0
04-25 17:20:43.207  1426  1566 E NativeLibraryHelper: Failed to load assets verifier: 0
04-25 17:20:43.209  1426  1566 I PackageManager.DexOptimizer: Running dexopt (dex2oat) on: /data/app/vmdl53506369.tmp/base.apk pkg=com.rokid.rkengine isa=arm vmSafeMode=false debuggable=true oatDir = /data/app/vmdl53506369.tmp/oat bootComplete=true
04-25 17:20:43.252 29124 29124 I dex2oat : /system/bin/dex2oat --debuggable
04-25 17:20:43.547 29124 29124 I dex2oat : dex2oat took 295.847ms (threads: 4) arena alloc=73KB java alloc=300KB native alloc=2MB free=2MB
04-25 17:20:43.556  1426  1510 I ActivityManager: Force stopping com.rokid.rkengine appid=10078 user=-1: uninstall pkg
04-25 17:20:43.657  1426  1566 I PackageManager: Package com.rokid.rkengine codePath changed from /data/app/com.rokid.rkengine-2 to /data/app/com.rokid.rkengine-1; Retaining data and using new
04-25 17:20:43.658  1426  1510 I ActivityManager: Force stopping com.rokid.rkengine appid=10078 user=-1: replace pkg
04-25 17:20:43.658  1426  1566 W PackageManager: Code path for com.rokid.rkengine changing from /data/app/com.rokid.rkengine-2 to /data/app/com.rokid.rkengine-1
04-25 17:20:43.658  1426  1566 W PackageManager: Resource path for com.rokid.rkengine changing from /data/app/com.rokid.rkengine-2 to /data/app/com.rokid.rkengine-1
04-25 17:20:43.808  1426  1566 W Settings: Setting install_non_market_apps has moved from android.provider.Settings.Global to android.provider.Settings.Secure, returning read-only value.
04-25 17:20:43.808  1426  1566 I art     : Starting a blocking GC Explicit
04-25 17:20:43.843  1426  1566 I art     : Explicit concurrent mark sweep GC freed 50028(2MB) AllocSpace objects, 11(220KB) LOS objects, 33% free, 9MB/14MB, paused 635us total 32.895ms
04-25 17:20:43.847  1426  1566 W PackageManager: Couldn't remove dex file for package:  at location /data/app/com.rokid.rkengine-2/base.apk, retcode=-1
04-25 17:20:43.849  1426  1566 I ActivityManager: Force stopping com.rokid.rkengine appid=10078 user=0: pkg removed
04-25 17:20:43.850 29070 29070 I art     : System.exit called, status: 0
04-25 17:20:43.850 29070 29070 I AndroidRuntime: VM exiting with result code 0.
04-25 17:20:43.856  1426  1426 D JobSchedulerService: Receieved: android.intent.action.PACKAGE_REMOVED
04-25 17:20:43.862  3395  3395 D BluetoothMapAppObserver: onReceive
04-25 17:20:43.862  3395  3395 D BluetoothMapAppObserver: The removed package is: com.rokid.rkengine
04-25 17:20:43.864  3395  3395 D BluetoothMapAppObserver: onReceive
04-25 17:20:43.864  3395  3395 D BluetoothMapAppObserver: The installed package is: com.rokid.rkengine
04-25 17:20:43.867  3395  3395 D BluetoothMapAppObserver: Found 0 application(s) with intent android.bluetooth.action.BLUETOOTH_MAP_PROVIDER
04-25 17:20:43.872  1426  1778 I InputReader: Reconfiguring input devices.  changes=0x00000010
04-25 17:20:43.873  3395  3395 D BluetoothMapAppObserver: Found 0 application(s) with intent android.bluetooth.action.BLUETOOTH_MAP_IM_PROVIDER
04-25 17:20:43.873  2443  2443 D CarrierServiceBindHelper: Receive action: android.intent.action.PACKAGE_REMOVED
04-25 17:20:43.875  2443  2443 D CarrierServiceBindHelper: Receive action: android.intent.action.PACKAGE_ADDED
04-25 17:20:43.876  2443  2443 D CarrierServiceBindHelper: mHandler: 3
04-25 17:20:43.876  2443  2443 D CarrierServiceBindHelper: mHandler: 3
04-25 17:20:43.879  1426  1778 I InputReader: Reconfiguring input devices.  changes=0x00000010
04-25 17:20:43.880 12215 12215 W ContextImpl: Calling a method in the system process without a qualified user: android.app.ContextImpl.startService:1225 android.content.ContextWrapper.startService:581 android.content.ContextWrapper.startService:581 com.android.keychain.KeyChainBroadcastReceiver.onReceive:12 android.app.ActivityThread.handleReceiver:2729 
04-25 17:20:43.896  1426  1509 W Searchables: No global search activity found
04-25 17:20:43.898  1426  2464 I RKAndroidBridge: service with package name com.android.keychain with comp name com.android.keychain.KeyChainService
04-25 17:20:43.909  2443  2443 D CarrierServiceBindHelper: Receive action: android.intent.action.PACKAGE_REPLACED
04-25 17:20:43.909  2443  2443 D CarrierServiceBindHelper: mHandler: 3
04-25 17:20:43.910  2443  2443 D CarrierConfigLoader: mHandler: 9 phoneId: 0
04-25 17:20:43.911  1426  1778 I InputReader: Reconfiguring input devices.  changes=0x00000010
04-25 17:20:43.913  1426  1509 W Searchables: No global search activity found
04-25 17:20:43.913  1426  1509 W VoiceInteractionManagerService: no available voice recognition services found for user 0
04-25 17:20:44.607 29187 29187 D AndroidRuntime: >>>>>> START com.android.internal.os.RuntimeInit uid 2000 <<<<<<
04-25 17:20:44.612 29187 29187 D AndroidRuntime: CheckJNI is OFF
04-25 17:20:44.657 29187 29187 D ICU     : No timezone override file found: /data/misc/zoneinfo/current/icu/icu_tzdata.dat
04-25 17:20:44.696 29187 29187 I Radio-JNI: register_android_hardware_Radio DONE
04-25 17:20:44.701 29187 29187 V RKStartup: register jni methods in real ...
04-25 17:20:44.719 29187 29187 D AndroidRuntime: Calling main entry com.android.commands.am.Am
04-25 17:20:44.721  1426  1486 I ActivityManager: START u0 {act=android.intent.action.MAIN cat=[android.intent.category.LAUNCHER] flg=0x10000000 cmp=com.rokid.rkengine/.MainActivity} from uid 2000 on display 0
04-25 17:20:44.724  2424  2424 I Activity: activityInfo: ActivityInfo{3dcc75e com.rokid.launcher.PortalActivity}
04-25 17:20:44.724  2424  2424 D PortalActivity: onPause
04-25 17:20:44.725  1426  1426 I RKAndroidBridge: activity com.rokid.launcher.PortalActivity for com.rokid.launcher report status onPause
04-25 17:20:44.726  2585  2606 I RKNativeAppClientService: recv event callback for app change
04-25 17:20:44.726  2585  2585 E RKNativeAppClientService: app state callback is null
04-25 17:20:44.727 29187 29187 D AndroidRuntime: Shutting down VM
04-25 17:20:44.755  1426  2775 V BoostFramework: BoostFramework() : mPerf = com.qualcomm.qti.Performance@ad2cc76
04-25 17:20:44.755  1426  2775 I ActivityManager: Start proc 29255:com.rokid.rkengine/u0a78 for activity com.rokid.rkengine/.MainActivity
04-25 17:20:44.759   351  1719 E NetlinkEvent: NetlinkEvent::FindParam(): Parameter 'TIME_NS' not found
04-25 17:20:44.759   351  1719 E NetlinkEvent: NetlinkEvent::FindParam(): Parameter 'UID' not found
04-25 17:20:44.780 29255 29255 I art     : Late-enabling -Xcheck:jni
04-25 17:20:44.822 29255 29255 E DX      : /data/app/com.rokid.rkengine-1/base.apk
04-25 17:20:44.823  2484  2777 E LightJNI: failed to lock buffer...
04-25 17:20:44.875 29268 29268 E dex2oat : Failed to create oat file: /data/dalvik-cache/arm/system@rokid@netty-android.jar@classes.dex: Permission denied
04-25 17:20:44.875 29268 29268 I dex2oat : dex2oat took 651.614us (threads: 4) 
04-25 17:20:44.878 29255 29255 W art     : Failed execv(/system/bin/dex2oat --runtime-arg -classpath --runtime-arg  --debuggable --instruction-set=arm --instruction-set-features=smp,div,atomic_ldrd_strd --runtime-arg -Xrelocate --boot-image=/system/framework/boot.art --runtime-arg -Xms64m --runtime-arg -Xmx512m --instruction-set-variant=krait --instruction-set-features=default --dex-file=/system/rokid/netty-android.jar --oat-file=/data/dalvik-cache/arm/system@rokid@netty-android.jar@classes.dex) because non-0 exit status
04-25 17:20:44.989  2484  2777 E LightJNI: failed to lock buffer...
04-25 17:20:45.170 29304 29304 E dex2oat : Failed to create oat file: /data/dalvik-cache/arm/system@rokid@jctools-android.jar@classes.dex: Permission denied
04-25 17:20:45.170 29304 29304 I dex2oat : dex2oat took 675.885us (threads: 4) 
04-25 17:20:45.173 29255 29255 W art     : Failed execv(/system/bin/dex2oat --runtime-arg -classpath --runtime-arg  --debuggable --instruction-set=arm --instruction-set-features=smp,div,atomic_ldrd_strd --runtime-arg -Xrelocate --boot-image=/system/framework/boot.art --runtime-arg -Xms64m --runtime-arg -Xmx512m --instruction-set-variant=krait --instruction-set-features=default --dex-file=/system/rokid/jctools-android.jar --oat-file=/data/dalvik-cache/arm/system@rokid@jctools-android.jar@classes.dex) because non-0 exit status
04-25 17:20:45.179 29255 29255 W System  : ClassLoader referenced unknown path: /data/app/com.rokid.rkengine-1/lib/arm
04-25 17:20:45.187 29255 29255 I Activity: activityInfo: ActivityInfo{ced1c4f com.rokid.rkengine.MainActivity}
04-25 17:20:45.187  1426  1426 I RKAndroidBridge: activity com.rokid.rkengine.MainActivity for com.rokid.rkengine report status onCreate
04-25 17:20:45.188 29255 29255 I MainActivity: onCreate
04-25 17:20:45.188  2585  2784 I RKNativeAppClientService: recv event callback for app change
04-25 17:20:45.188  2585  2585 E RKNativeAppClientService: app state callback is null
04-25 17:20:45.191 29255 29255 D RKAppEngine - AppManagerImp.bindService(L:52): isBind RemoteService true
04-25 17:20:45.206 29255 29255 I Activity: activityInfo: ActivityInfo{ced1c4f com.rokid.rkengine.MainActivity}
04-25 17:20:45.206  1426  1426 I RKAndroidBridge: activity com.rokid.rkengine.MainActivity for com.rokid.rkengine report status onStart
04-25 17:20:45.206 29255 29255 I Activity: activityInfo: ActivityInfo{ced1c4f com.rokid.rkengine.MainActivity}
04-25 17:20:45.206  2585  2606 I RKNativeAppClientService: recv event callback for app change
04-25 17:20:45.206  2585  2585 E RKNativeAppClientService: app state callback is null
04-25 17:20:45.206  1426  1426 I RKAndroidBridge: activity com.rokid.rkengine.MainActivity for com.rokid.rkengine report status onResume
04-25 17:20:45.207  2585  2784 I RKNativeAppClientService: recv event callback for app change
04-25 17:20:45.207  2585  2585 E RKNativeAppClientService: app state callback is null
04-25 17:20:45.212 29255 29255 D RKAppEngine - AppManagerImp$1.onServiceConnected(L:67): onServiceConnected 
04-25 17:20:45.213 29255 29255 D RKAppEngine - AppManagerImp.setAppStateCallBack(L:93): appManager setAppStateCallBack
04-25 17:20:45.215  2585  2619 I RKNativeAppClientProxy: setAppStateCallback
04-25 17:20:45.316  1426  1543 I ActivityManager: Displayed com.rokid.rkengine/.MainActivity: +590ms
04-25 17:20:45.318  2424  2424 D PortalActivity: onSaveInstanceState
04-25 17:20:45.318  2424  2424 I Activity: activityInfo: ActivityInfo{3dcc75e com.rokid.launcher.PortalActivity}
04-25 17:20:45.318  2424  2424 D PortalActivity: onStop
04-25 17:20:45.318  1426  1426 I RKAndroidBridge: activity com.rokid.launcher.PortalActivity for com.rokid.launcher report status onStop
04-25 17:20:45.319  2585  2606 I RKNativeAppClientService: recv event callback for app change
04-25 17:20:45.319  2585  2585 I RKNativeAppClientService: app state change with compName com.rokid.launcher.PortalActivity pkgName com.rokid.launcher
04-25 17:20:45.319  2585  2585 E RKNativeAppClientService: component is null
04-25 17:20:45.983  2132  2132 D wpa_supplicant: wlan0: Control interface command 'SIGNAL_POLL'
04-25 17:20:45.990  2132  2132 D wpa_supplicant: CTRL-DEBUG: global_ctrl_sock-sendto: sock=11 sndbuf=163840 outq=0 send_len=49
04-25 17:20:48.103 29255 29255 D RKAppEngine - ParserProxy.startParse(L:66): action:{"appId":"AC191AE1C6A74549AB813AB0D57546E7","response":{"action":{"shoudEndSession":false,"voice":{"item":{},"needEventCallback":false}}},"startWithActiveWord":false,"version":"2.0.0"} nlp: {"cloud":false,"confidence":1,"domain":"custom.skill.A6DF1E1D61754997A5195FC1F28C2CA3","intent":"beat","pattern":"我要打人","posEnd":4,"posStart":0,"slots":{},"version":"custom.skill.A6DF1E1D61754997A5195FC1F28C2CA3:0.0.0"} asr: .
04-25 17:20:48.104   366  1743 E AudioPolicyManagerCustom: getNewOutputDevice() selected device 4000
04-25 17:20:48.133 29255 29255 D RKAppEngine - ParserProxy.startParse(L:123): aidl startApp
04-25 17:20:48.133 29255 29255 D RKAppEngine - AppManagerImp.startApp(L:114): appManager startApp appInfo : domain: null
04-25 17:20:48.133 29255 29255 D RKAppEngine - AppManagerImp.startApp(L:114): appId: AC191AE1C6A74549AB813AB0D57546E7
04-25 17:20:48.133 29255 29255 D RKAppEngine - AppManagerImp.startApp(L:114): type: 0
04-25 17:20:48.133 29255 29255 D RKAppEngine - AppManagerImp.startApp(L:114): ignoreFromCDomain: false
04-25 17:20:48.133 29255 29255 D RKAppEngine - AppManagerImp.startApp(L:114): isSystem: false
04-25 17:20:48.133 29255 29255 D RKAppEngine - AppManagerImp.startApp(L:114):  extra : {"cloud":false,"confidence":1,"domain":"custom.skill.A6DF1E1D61754997A5195FC1F28C2CA3","intent":"beat","pattern":"我要打人","posEnd":4,"posStart":0,"slots":{},"version":"custom.skill.A6DF1E1D61754997A5195FC1F28C2CA3:0.0.0"}
04-25 17:20:48.134  2585  2784 I RKNativeAppClientProxy: startApp
04-25 17:20:48.135  2585  2585 E RKNativeAppClientService: app info illegal
04-25 17:20:48.136 29255 29255 D RKAppEngine - AppManagerImp.startApp(L:120): appManagerProxy.startApp
04-25 17:20:48.338  3345  3347 I RKUPL_r2audio: r2status Changed ---- AwakeFlag:true SleepFlag:false AsrFlag:false AecFlag:true
04-25 17:20:48.346   366  1743 E AudioPolicyManagerCustom: getNewOutputDevice() selected device 0
04-25 17:20:48.497  3345  3347 I RKUPL_r2audio: r2status Changed ---- AwakeFlag:true SleepFlag:false AsrFlag:false AecFlag:false
04-25 17:20:48.520  3345  3347 I RKUPL_r2audio: r2status Changed ---- AwakeFlag:true SleepFlag:false AsrFlag:false AecFlag:true
04-25 17:20:48.522  3345  3347 I RKUPL_r2audio: r2status Changed ---- AwakeFlag:true SleepFlag:false AsrFlag:false AecFlag:false
04-25 17:20:48.525  3345  3347 I RKUPL_r2audio: r2status Changed ---- AwakeFlag:true SleepFlag:false AsrFlag:false AecFlag:true
04-25 17:20:48.528   351  1719 E NetlinkEvent: NetlinkEvent::FindParam(): Parameter 'TIME_NS' not found
04-25 17:20:48.528   351  1719 E NetlinkEvent: NetlinkEvent::FindParam(): Parameter 'UID' not found
04-25 17:20:48.647  3345  3347 I RKUPL_r2audio: r2status Changed ---- AwakeFlag:true SleepFlag:false AsrFlag:false AecFlag:false
04-25 17:20:48.671  3345  3347 I RKUPL_r2audio: r2status Changed ---- AwakeFlag:true SleepFlag:false AsrFlag:false AecFlag:true
04-25 17:20:48.809  3345  3347 I RKUPL_r2audio: r2status Changed ---- AwakeFlag:true SleepFlag:false AsrFlag:false AecFlag:false
04-25 17:20:48.991  2132  2132 D wpa_supplicant: wlan0: Control interface command 'SIGNAL_POLL'
04-25 17:20:49.001  2132  2132 D wpa_supplicant: CTRL-DEBUG: global_ctrl_sock-sendto: sock=11 sndbuf=163840 outq=0 send_len=49
04-25 17:20:49.002 29255 29255 D RKAppEngine - ParserProxy.startParse(L:66): action:{"appId":"AC191AE1C6A74549AB813AB0D57546E7","response":{"action":{"shoudEndSession":false,"voice":{"item":{},"needEventCallback":false}}},"startWithActiveWord":false,"version":"2.0.0"} nlp: {"cloud":false,"confidence":1,"domain":"custom.skill.A6DF1E1D61754997A5195FC1F28C2CA3","intent":"beat","pattern":"我要打人","posEnd":4,"posStart":0,"slots":{},"version":"custom.skill.A6DF1E1D61754997A5195FC1F28C2CA3:0.0.0"} asr: .
04-25 17:20:49.002   366  1743 E AudioPolicyManagerCustom: getNewOutputDevice() selected device 4000
04-25 17:20:49.005  1426  1788 D ConnectivityService: notifyType CAP_CHANGED for NetworkAgentInfo [WIFI () - 100]
04-25 17:20:49.022 29255 29255 D RKAppEngine - ParserProxy.startParse(L:123): aidl startApp
04-25 17:20:49.022 29255 29255 D RKAppEngine - AppManagerImp.startApp(L:114): appManager startApp appInfo : domain: null
04-25 17:20:49.022 29255 29255 D RKAppEngine - AppManagerImp.startApp(L:114): appId: AC191AE1C6A74549AB813AB0D57546E7
04-25 17:20:49.022 29255 29255 D RKAppEngine - AppManagerImp.startApp(L:114): type: 0
04-25 17:20:49.022 29255 29255 D RKAppEngine - AppManagerImp.startApp(L:114): ignoreFromCDomain: false
04-25 17:20:49.022 29255 29255 D RKAppEngine - AppManagerImp.startApp(L:114): isSystem: false
04-25 17:20:49.022 29255 29255 D RKAppEngine - AppManagerImp.startApp(L:114):  extra : {"cloud":false,"confidence":1,"domain":"custom.skill.A6DF1E1D61754997A5195FC1F28C2CA3","intent":"beat","pattern":"我要打人","posEnd":4,"posStart":0,"slots":{},"version":"custom.skill.A6DF1E1D61754997A5195FC1F28C2CA3:0.0.0"}
04-25 17:20:49.023  2585  2619 I RKNativeAppClientProxy: startApp
04-25 17:20:49.023  2585  2585 E RKNativeAppClientService: app info illegal
04-25 17:20:49.023 29255 29255 D RKAppEngine - AppManagerImp.startApp(L:120): appManagerProxy.startApp
04-25 17:20:49.066   366  1755 D AudioFlinger: mixer(0xb34c0000) throttle end: throttle time(11)
04-25 17:20:49.180  3345  3347 I RKUPL_r2audio: r2status Changed ---- AwakeFlag:true SleepFlag:false AsrFlag:false AecFlag:true
04-25 17:20:49.186   366  1743 E AudioPolicyManagerCustom: getNewOutputDevice() selected device 0
04-25 17:20:49.350  3345  3347 I RKUPL_r2audio: r2status Changed ---- AwakeFlag:true SleepFlag:false AsrFlag:false AecFlag:false
04-25 17:20:49.356  3345  3347 I RKUPL_r2audio: r2status Changed ---- AwakeFlag:true SleepFlag:false AsrFlag:false AecFlag:true
04-25 17:20:49.385  3345  3347 I RKUPL_r2audio: r2status Changed ---- AwakeFlag:true SleepFlag:false AsrFlag:false AecFlag:false
04-25 17:20:49.391  3345  3347 I RKUPL_r2audio: r2status Changed ---- AwakeFlag:true SleepFlag:false AsrFlag:false AecFlag:true
04-25 17:20:49.493  3345  3347 I RKUPL_r2audio: r2status Changed ---- AwakeFlag:true SleepFlag:false AsrFlag:false AecFlag:false
04-25 17:20:49.534  3345  3347 I RKUPL_r2audio: r2status Changed ---- AwakeFlag:true SleepFlag:false AsrFlag:false AecFlag:true
04-25 17:20:49.549  3345  3347 I RKUPL_r2audio: r2status Changed ---- AwakeFlag:true SleepFlag:false AsrFlag:false AecFlag:false
04-25 17:20:49.566 29255 29255 D RKAppEngine - ParserProxy.startParse(L:66): action:{"appId":"AC191AE1C6A74549AB813AB0D57546E7","response":{"action":{"shoudEndSession":false,"voice":{"item":{},"needEventCallback":false}}},"startWithActiveWord":false,"version":"2.0.0"} nlp: {"cloud":false,"confidence":1,"domain":"custom.skill.A6DF1E1D61754997A5195FC1F28C2CA3","intent":"beat","pattern":"我要打人","posEnd":4,"posStart":0,"slots":{},"version":"custom.skill.A6DF1E1D61754997A5195FC1F28C2CA3:0.0.0"} asr: .
04-25 17:20:49.567   366  1743 E AudioPolicyManagerCustom: getNewOutputDevice() selected device 4000
04-25 17:20:49.579 29255 29255 D RKAppEngine - ParserProxy.startParse(L:123): aidl startApp
04-25 17:20:49.580 29255 29255 D RKAppEngine - AppManagerImp.startApp(L:114): appManager startApp appInfo : domain: null
04-25 17:20:49.580 29255 29255 D RKAppEngine - AppManagerImp.startApp(L:114): appId: AC191AE1C6A74549AB813AB0D57546E7
04-25 17:20:49.580 29255 29255 D RKAppEngine - AppManagerImp.startApp(L:114): type: 0
04-25 17:20:49.580 29255 29255 D RKAppEngine - AppManagerImp.startApp(L:114): ignoreFromCDomain: false
04-25 17:20:49.580 29255 29255 D RKAppEngine - AppManagerImp.startApp(L:114): isSystem: false
