04-25 17:07:47.147 28332 28332 D RKAppEngine - ParserProxy.startParse(L:66): action:{"appId":"AC191AE1C6A74549AB813AB0D57546E7","response":{"action":{"shoudEndSession":false,"voice":{"item":{},"needEventCallback":false}}},"startWithActiveWord":false,"version":"2.0.0"} nlp: {"cloud":false,"confidence":1,"domain":"custom.skill.A6DF1E1D61754997A5195FC1F28C2CA3","intent":"beat","pattern":"我要打人","posEnd":4,"posStart":0,"slots":{},"version":"custom.skill.A6DF1E1D61754997A5195FC1F28C2CA3:0.0.0"} asr: .
04-25 17:07:47.147   366  1743 E AudioPolicyManagerCustom: getNewOutputDevice() selected device 4000
04-25 17:07:47.170  3345  3347 I RKUPL_r2audio: ----------2866.515381
04-25 17:07:47.188 28332 28332 D RKAppEngine - ParserProxy.startParse(L:123): aidl startApp
04-25 17:07:47.188 28332 28332 D RKAppEngine - AppManagerImp.startApp(L:114): appManager startApp appInfo : domain: custom.skill.A6DF1E1D61754997A5195FC1F28C2CA3
04-25 17:07:47.188 28332 28332 D RKAppEngine - AppManagerImp.startApp(L:114): appId: AC191AE1C6A74549AB813AB0D57546E7
04-25 17:07:47.188 28332 28332 D RKAppEngine - AppManagerImp.startApp(L:114): type: 0
04-25 17:07:47.188 28332 28332 D RKAppEngine - AppManagerImp.startApp(L:114): ignoreFromCDomain: false
04-25 17:07:47.188 28332 28332 D RKAppEngine - AppManagerImp.startApp(L:114): isSystem: false
04-25 17:07:47.188 28332 28332 D RKAppEngine - AppManagerImp.startApp(L:114):  extra : {"cloud":false,"confidence":1,"domain":"custom.skill.A6DF1E1D61754997A5195FC1F28C2CA3","intent":"beat","pattern":"我要打人","posEnd":4,"posStart":0,"slots":{},"version":"custom.skill.A6DF1E1D61754997A5195FC1F28C2CA3:0.0.0"}
04-25 17:07:47.188  2585  2784 I RKNativeAppClientProxy: startApp
04-25 17:07:47.188  2585  2585 I RKNativeAppClientService: resume app AC191AE1C6A74549AB813AB0D57546E7
04-25 17:07:47.189  2585  2585 E RKNativeAppClientService: no such domain custom.skill.A6DF1E1D61754997A5195FC1F28C2CA3 in native app
04-25 17:07:47.189 28332 28332 D RKAppEngine - AppManagerImp.startApp(L:120): appManagerProxy.startApp
04-25 17:07:47.382   366  1743 E AudioPolicyManagerCustom: getNewOutputDevice() selected device 0
04-25 17:07:47.392  3345  3347 I RKUPL_r2audio: r2status Changed ---- AwakeFlag:true SleepFlag:false AsrFlag:false AecFlag:true
04-25 17:07:47.529  3345  3347 I RKUPL_r2audio: r2status Changed ---- AwakeFlag:true SleepFlag:false AsrFlag:false AecFlag:false
04-25 17:07:47.533  3345  3347 I RKUPL_r2audio: r2status Changed ---- AwakeFlag:true SleepFlag:false AsrFlag:false AecFlag:true
04-25 17:07:47.552  3345  3347 I RKUPL_r2audio: r2status Changed ---- AwakeFlag:true SleepFlag:false AsrFlag:false AecFlag:false
04-25 17:07:47.557  3345  3347 I RKUPL_r2audio: r2status Changed ---- AwakeFlag:true SleepFlag:false AsrFlag:false AecFlag:true
04-25 17:07:47.750  3345  3347 I RKUPL_r2audio: r2status Changed ---- AwakeFlag:true SleepFlag:false AsrFlag:false AecFlag:false
04-25 17:07:47.777  3345  3347 I RKUPL_r2audio: r2status Changed ---- AwakeFlag:true SleepFlag:false AsrFlag:false AecFlag:true
04-25 17:07:47.797  3345  3347 I RKUPL_r2audio: r2status Changed ---- AwakeFlag:true SleepFlag:false AsrFlag:false AecFlag:false
04-25 17:07:49.636  2376  3125 I chatty  : uid=1000(system) Thread-52 expire 5 lines
04-25 17:07:49.651  2376  3313 I chatty  : uid=1000(system) nioEventLoopGro expire 10 lines
04-25 17:07:49.711  3349  3349 I runtime : type=1400 audit(0.0:315): avc: denied { ioctl } for path="/dev/snd/pcmC1D0c" dev="tmpfs" ino=8852 ioctlcmd=4151 scontext=u:r:init:s0 tcontext=u:object_r:audio_device:s0 tclass=chr_file permissive=1
04-25 17:07:53.362  2452  3128 I ChannelThread: ping server
04-25 17:07:53.383  2452  3362 D WSToPBHandler: channel read0
04-25 17:07:53.383  2452  3362 E WSToPBHandler: recv pong
04-25 17:07:53.620  1426  3024 I chatty  : uid=1000(system) ulp_msg expire 6 lines
04-25 17:07:53.620  1426  2190 I chatty  : uid=1000(system) FLP Service Cal expire 2 lines
04-25 17:07:53.623  1426  2197 I chatty  : uid=1000(system) FLP Service Cal expire 2 lines
04-25 17:07:56.889  2412  2412 I RKLoginManager: sync location!!
04-25 17:07:56.889  2412  2412 I RKLoginManager: get current sessionId: ONLINE:ROKI:89144F2653024BE18668802E0E039AB2
04-25 17:07:56.889  2412  2412 I RKConnectionHelper: get resolved host by RAPI
04-25 17:07:56.889  2412  2412 I RKConnectionHelper: request to generate rapi host
04-25 17:07:56.906  2412  2412 I RKConnectionHelper: Rokid is in PRO mode!
04-25 17:07:56.906  2412  2412 D HttpDNS : [getIpByHost] - fetch result from cache, host: rapi.service.rokid.com
04-25 17:07:56.906  2412  2412 I RKConnectionHelper: resolve host for: rapi.service.rokid.com successfully
04-25 17:07:56.906  2412  2412 I RKConnectionHelper: resolved host for rapi: 120.55.199.6
04-25 17:07:56.906  2412  2412 I RKConnectionManager: get account host resolved: true, host resolved: 120.55.199.6, origin host: rapi.service.rokid.com
04-25 17:07:56.906  2412  2412 I RKConnectionManager: RAPI Service URL: https://120.55.199.6/rapi.do
04-25 17:07:56.907  2412  2412 D RKConnectionManager: start new rapi service request task...host: https://120.55.199.6/rapi.do
04-25 17:07:56.907  2412  2412 E RKConnectionManager: Test sync request time cost: 1
04-25 17:07:56.907  2412  3337 D RKConnectionManager: rapi request doInBackground start
04-25 17:07:56.908  2412  3337 D RKConnectionManager: rapi request for com.rokid.server.service.location.whereIsRokid v1.0 doInBackground ready
04-25 17:07:56.908  2412  3337 I RKLoginManager: get current sessionId: ONLINE:ROKI:89144F2653024BE18668802E0E039AB2
04-25 17:07:56.908  2412  3337 I RKConnectionManager: get current session id when start to do rapi request: ONLINE:ROKI:89144F2653024BE18668802E0E039AB2
04-25 17:07:56.908  2412  3337 I RKConnectionManager: rapi call session id replaced by current session id
04-25 17:07:56.926  2412  3337 W System  : ClassLoader referenced unknown path: /system/framework/tcmclient.jar
04-25 17:07:56.928  2412  3337 I RKConnectionManager: current x_request_datetime: 2017-04-25T17:07:56.927+0800;1493111276927
04-25 17:07:56.928  2412  3337 D RKConnectionManager: rapi protobuff created....
04-25 17:07:56.928  2412  3337 D RKConnectionManager: rapi set http post entity....
04-25 17:07:56.946  2484  2777 E LightJNI: failed to lock buffer...
04-25 17:07:57.055  2412  3337 D RKConnectionManager: rapi response get entity....
04-25 17:07:57.055  2412  3337 D RKConnectionManager: rapi HttpEntity is streaming....
04-25 17:07:57.055  2412  3337 D RKConnectionManager: responseData: "�J�{"city":"杭州市","country":"中国","district":"余杭区","ip":"183.129.185.66","latitude":"30.257736666666666","locationFrom":"COORDINATES","longitude":"120.04381833333333","postalCode":"","province":"浙江省","route":"","street":"G25长深高速","streetNumber":"","timeZone":{"dstOffset":0,"timeZoneId":"Asia/Shanghai","timeZoneName":"China Standard Time"}}�	
04-25 17:07:57.056  2412  3337 D RKConnectionManager: error:  | res: true | string_param: "{\"city\":\"\346\235\255\345\267\236\345\270\202\",\"country\":\"\344\270\255\345\233\275\",\"district\":\"\344\275\231\346\235\255\345\214\272\",\"ip\":\"183.129.185.66\",\"latitude\":\"30.257736666666666\",\"locationFrom\":\"COORDINATES\",\"longitude\":\"120.04381833333333\",\"postalCode\":\"\",\"province\":\"\346\265\231\346\261\237\347\234\201\",\"route\":\"\",\"street\":\"G25\351\225\277\346\267\261\351\253\230\351\200\237\",\"streetNumber\":\"\",\"timeZone\":{\"dstOffset\":0,\"timeZoneId\":\"Asia/Shanghai\",\"timeZoneName\":\"China Standard Time\"}}"
04-25 17:07:57.056  2412  3337 D RKConnectionManager: type: type_string
04-25 17:07:57.057  2412  2412 I RKLoginManager: sync location result {"city":"杭州市","country":"中国","district":"余杭区","ip":"183.129.185.66","latitude":"30.257736666666666","locationFrom":"COORDINATES","longitude":"120.04381833333333","postalCode":"","province":"浙江省","route":"","street":"G25长深高速","streetNumber":"","timeZone":{"dstOffset":0,"timeZoneId":"Asia/Shanghai","timeZoneName":"China Standard Time"}}
04-25 17:07:57.057  2412  2412 D RKLoginManager: curr time zone: Asia/Shanghai
04-25 17:07:57.518  2132  2132 I chatty  : uid=1010(wifi) /system/bin/wpa_supplicant expire 20 lines
04-25 17:08:01.860  3345  3347 I RKUPL_r2audio: ----------2180.835449
04-25 17:08:04.801  3345  3347 I RKUPL_r2audio: r2status Cur ---- AwakeFlag:true SleepFlag:false AsrFlag:false AecFlag:false
04-25 17:08:05.520  3345  3347 I RKUPL_r2audio: ----------2759.575684
04-25 17:08:07.174  3345  3347 I RKUPL_r2audio: ----------2818.927002
04-25 17:08:12.594  1426  1788 D ConnectivityService: notifyType CAP_CHANGED for NetworkAgentInfo [WIFI () - 100]
04-25 17:08:17.920  3345  3347 I RKUPL_r2audio: ----------2911.314453
04-25 17:08:21.659  1426  1788 D ConnectivityService: notifyType CAP_CHANGED for NetworkAgentInfo [WIFI () - 100]
04-25 17:08:21.990  3345  3347 I RKUPL_r2audio: ----------2869.197510
04-25 17:08:23.203  3345  3347 I RKUPL_r2audio: ----------2878.694092
04-25 17:08:23.366  2452  3128 I ChannelThread: ping server
04-25 17:08:23.383  2452  3362 D WSToPBHandler: channel read0
04-25 17:08:23.383  2452  3362 E WSToPBHandler: recv pong
04-25 17:08:23.529  2473  3334 D RKUpdateService: update check ticTac: 300
04-25 17:08:23.529  2473  3334 D RKUpdateService: >>>>>>>>>>>>>>>>>>>>>>>>>>>>>>>>>>>>>> regular update check timer task completed
04-25 17:08:23.533  2473  3334 D RKUpdateService: read rkupdate.json file: {"checkCode":0,"downloadId":0,"downloadProgress":0,"downloadedSize":0,"is_force_update":false,"totalSize":0,"updateAvailable":false}
04-25 17:08:23.533  2412  2514 I RKLoginManager: get current sessionId: ONLINE:ROKI:89144F2653024BE18668802E0E039AB2
04-25 17:08:23.534  2473  3334 D RKUpdateService: get loginSessionID when OTA update url: ONLINE:ROKI:89144F2653024BE18668802E0E039AB2
04-25 17:08:23.534  2473  3334 D RKUpdateService: get system build version code: 2.1.6-20170424.164728
04-25 17:08:23.534  2473  3334 I RKConnectionHelper: get resolved host by RAPI
04-25 17:08:23.534  2473  3334 I RKConnectionHelper: request to generate rapi host
04-25 17:08:23.534  2473  3334 I RKConnectionHelper: Rokid is in PRO mode!
04-25 17:08:23.534  2473  3334 D HttpDNS : [getIpByHost] - fetch result from cache, host: rapi.service.rokid.com
04-25 17:08:23.534  2473  3334 I RKConnectionHelper: resolve host for: rapi.service.rokid.com successfully
04-25 17:08:23.534  2473  3334 I RKConnectionHelper: resolved host for rapi: 120.55.199.6
04-25 17:08:23.534  2473  3334 I RKConnectionManager: get account host resolved: true, host resolved: 120.55.199.6, origin host: rapi.service.rokid.com
04-25 17:08:23.534  2473  3334 I RKConnectionManager: RAPI Service URL: https://120.55.199.6/rapi.do
04-25 17:08:23.535  2473  3334 D RKConnectionManager: start new rapi service request task...host: https://120.55.199.6/rapi.do
04-25 17:08:23.535  2473  3334 E RKConnectionManager: Test sync request time cost: 0
04-25 17:08:23.535  2473  8367 D HttpDNS : [QueryHostTask.call] - buildUrl: http://101.37.99.33/131709/d?host=rapi.service.rokid.com
04-25 17:08:23.536  2473 32555 D RKConnectionManager: rapi request doInBackground start
04-25 17:08:23.536  2473 32555 D RKConnectionManager: rapi request for com.rokid.service.ota.check v1.0 doInBackground ready
04-25 17:08:23.549  2412  2505 I RKLoginManager: get current sessionId: ONLINE:ROKI:89144F2653024BE18668802E0E039AB2
04-25 17:08:23.550  2473 32555 I RKConnectionManager: get current session id when start to do rapi request: ONLINE:ROKI:89144F2653024BE18668802E0E039AB2
04-25 17:08:23.550  2473 32555 I RKConnectionManager: rapi call session id replaced by current session id
04-25 17:08:23.555  2473 32555 W System  : ClassLoader referenced unknown path: /system/framework/tcmclient.jar
04-25 17:08:23.556  2473 32555 I RKConnectionManager: current x_request_datetime: 2017-04-25T17:08:23.556+0800;1493111303556
04-25 17:08:23.556  2473 32555 D RKConnectionManager: rapi protobuff created....
04-25 17:08:23.556  2473 32555 D RKConnectionManager: rapi set http post entity....
04-25 17:08:23.569  2473  8367 D HttpDNS : [QueryHostTask.call] - resolve host:rapi.service.rokid.com ip:120.55.199.6 ttl:490
04-25 17:08:23.724  2473 32555 D RKConnectionManager: rapi response get entity....
04-25 17:08:23.724  2473 32555 D RKConnectionManager: rapi HttpEntity is streaming....
04-25 17:08:23.724  2473 32555 D RKConnectionManager: responseData: "J{"checkCode":0}�	
04-25 17:08:23.724  2473 32555 D RKConnectionManager: error:  | res: true | string_param: "{\"checkCode\":0}"
04-25 17:08:23.724  2473 32555 D RKConnectionManager: type: type_string
04-25 17:08:23.725  2473  3334 D RKUpdateService: get ota check response: {"checkCode":0}
04-25 17:08:23.711  3334  3334 I pool-1-thread-1: type=1400 audit(0.0:316): avc: denied { write } for name="property_service" dev="tmpfs" ino=8205 scontext=u:r:platform_app:s0:c512,c768 tcontext=u:object_r:property_socket:s0 tclass=sock_file permissive=1
04-25 17:08:23.727  2473  3334 D RKUpdateService: intent file path: /storage/emulated/0/rokid/rkupdate.json
04-25 17:08:23.711  3334  3334 I pool-1-thread-1: type=1400 audit(0.0:317): avc: denied { connectto } for path="/dev/socket/property_service" scontext=u:r:platform_app:s0:c512,c768 tcontext=u:r:init:s0 tclass=unix_stream_socket permissive=1
04-25 17:08:23.838  2473  3334 D RKUpdateService: finish updating rkupdate.json file
04-25 17:08:23.839  2473  3334 D RKUpdateService: no new available update from server, check local
04-25 17:08:24.530  2473  3334 D RKUpdateService: update check ticTac: 0
04-25 17:08:24.641  2340  3261 I NetworkMonitor: start ping process
04-25 17:08:24.931  2484  2777 E LightJNI: failed to lock buffer...
04-25 17:08:25.030  2484  2777 E LightJNI: failed to lock buffer...
04-25 17:08:25.032   427   427 I NODE    : info: _um.check(1)
04-25 17:08:25.021  4036  4036 I node-core-clust: type=1400 audit(0.0:318): avc: denied { connectto } for path="/dev/socket/dnsproxyd" scontext=u:r:init:s0 tcontext=u:r:netd:s0 tclass=unix_stream_socket permissive=1
04-25 17:08:25.031  1404  1404 I node-core-clust: type=1400 audit(0.0:319): avc: denied { create } for scontext=u:r:init:s0 tcontext=u:r:init:s0 tclass=tcp_socket permissive=1
04-25 17:08:25.031  1404  1404 I node-core-clust: type=1400 audit(0.0:320): avc: denied { ioctl } for path="socket:[650728]" dev="sockfs" ino=650728 ioctlcmd=5451 scontext=u:r:init:s0 tcontext=u:r:init:s0 tclass=tcp_socket permissive=1
04-25 17:08:25.031  1404  1404 I node-core-clust: type=1400 audit(0.0:321): avc: denied { getopt } for scontext=u:r:init:s0 tcontext=u:r:init:s0 tclass=tcp_socket permissive=1
04-25 17:08:25.031  1404  1404 I node-core-clust: type=1400 audit(0.0:322): avc: denied { write } for name="fwmarkd" dev="tmpfs" ino=10111 scontext=u:r:init:s0 tcontext=u:object_r:fwmarkd_socket:s0 tclass=sock_file permissive=1
04-25 17:08:25.031  1726  1726 I netd    : type=1400 audit(0.0:323): avc: denied { read write } for path="socket:[650728]" dev="sockfs" ino=650728 scontext=u:r:netd:s0 tcontext=u:r:init:s0 tclass=tcp_socket permissive=1
04-25 17:08:25.031  1726  1726 I netd    : type=1400 audit(0.0:324): avc: denied { getopt } for scontext=u:r:netd:s0 tcontext=u:r:init:s0 tclass=tcp_socket permissive=1
04-25 17:08:25.031  1726  1726 I netd    : type=1400 audit(0.0:325): avc: denied { setopt } for scontext=u:r:netd:s0 tcontext=u:r:init:s0 tclass=tcp_socket permissive=1
04-25 17:08:25.031  1404  1404 I node-core-clust: type=1400 audit(0.0:326): avc: denied { connect } for scontext=u:r:init:s0 tcontext=u:r:init:s0 tclass=tcp_socket permissive=1
04-25 17:08:25.131  1404  1404 I node-core-clust: type=1400 audit(0.0:327): avc: denied { write } for path="socket:[650728]" dev="sockfs" ino=650728 scontext=u:r:init:s0 tcontext=u:r:init:s0 tclass=tcp_socket permissive=1
04-25 17:08:25.221  1404  1404 I node-core-clust: type=1400 audit(0.0:328): avc: denied { read } for path="socket:[650728]" dev="sockfs" ino=650728 scontext=u:r:init:s0 tcontext=u:r:init:s0 tclass=tcp_socket permissive=1
04-25 17:08:25.332   427   427 I NODE    : info: _um next checking in 300.0s
04-25 17:08:27.679  2132  2132 I chatty  : uid=1010(wifi) /system/bin/wpa_supplicant expire 12 lines
04-25 17:08:30.451  2484  2777 E LightJNI: failed to lock buffer...
04-25 17:08:33.730  2340  3261 I NetworkMonitor: statistics starts at 12
04-25 17:08:33.731  2340  3261 I NetworkMonitor: match@6
04-25 17:08:33.731  2340  3261 I NetworkMonitor: send 10 with recv 10 lose 0 in 9017ms
04-25 17:08:33.731  2340  3261 I NetworkMonitor: roundTrip match@7
04-25 17:08:33.731  2340  3261 I NetworkMonitor: min:28.772/avg:34.752/max:38.418/mdev:3.221
04-25 17:08:33.731  2340  3261 I NetworkMonitor: ping process exit, lantency is 34
04-25 17:08:34.578  2484  2777 E LightJNI: failed to lock buffer...
04-25 17:08:42.894  3345  3347 I RKUPL_r2audio: ----------3068.722900
04-25 17:08:44.326  2484  2777 E LightJNI: failed to lock buffer...
04-25 17:08:45.750  2132  2132 I chatty  : uid=1010(wifi) /system/bin/wpa_supplicant expire 10 lines
04-25 17:08:48.759   351  1719 E NetlinkEvent: NetlinkEvent::FindParam(): Parameter 'TIME_NS' not found
04-25 17:08:48.759   351  1719 E NetlinkEvent: NetlinkEvent::FindParam(): Parameter 'UID' not found
04-25 17:08:49.105   351  1719 E NetlinkEvent: NetlinkEvent::FindParam(): Parameter 'TIME_NS' not found
04-25 17:08:49.105   351  1719 E NetlinkEvent: NetlinkEvent::FindParam(): Parameter 'UID' not found
04-25 17:08:53.373  2452  3128 I ChannelThread: ping server
04-25 17:08:53.390  2452  3362 D WSToPBHandler: channel read0
04-25 17:08:53.390  2452  3362 E WSToPBHandler: recv pong
04-25 17:08:54.607  3345  3347 I RKUPL_r2audio: ----------2682.680176
04-25 17:08:54.798  3345  3347 I RKUPL_r2audio: r2status Cur ---- AwakeFlag:true SleepFlag:false AsrFlag:false AecFlag:false
04-25 17:08:59.015  2484  2777 E LightJNI: failed to lock buffer...
04-25 17:09:00.820  2132  2132 I chatty  : uid=1010(wifi) /system/bin/wpa_supplicant expire 10 lines
04-25 17:09:10.678  3345  3347 I RKUPL_r2audio: ----------2562.343750
04-25 17:09:13.603  3345  3347 I RKUPL_r2audio: ----------2365.604492
04-25 17:09:14.798  2132  2132 I chatty  : uid=1010(wifi) /system/bin/wpa_supplicant expire 56 lines
04-25 17:09:14.807  1426  2997 I chatty  : uid=1000(system) IzatServiceBase expire 2 lines
04-25 17:09:16.523  2484  2777 E LightJNI: failed to lock buffer...
04-25 17:09:16.888  2484  2777 E LightJNI: failed to lock buffer...
04-25 17:09:17.214  2280  2280 D AndroidRuntime: >>>>>> START com.android.internal.os.RuntimeInit uid 2000 <<<<<<
04-25 17:09:17.218  2280  2280 D AndroidRuntime: CheckJNI is OFF
04-25 17:09:17.264  2280  2280 D ICU     : No timezone override file found: /data/misc/zoneinfo/current/icu/icu_tzdata.dat
04-25 17:09:17.304  2280  2280 I Radio-JNI: register_android_hardware_Radio DONE
04-25 17:09:17.309  2280  2280 V RKStartup: register jni methods in real ...
04-25 17:09:17.327  2280  2280 D AndroidRuntime: Calling main entry com.android.commands.am.Am
04-25 17:09:17.329  1426  1763 I ActivityManager: Force stopping test.testapp1 appid=10025 user=0: from pid 2280
04-25 17:09:17.329  1426  1763 I ActivityManager: Killing 28050:test.testapp1/u0a25 (adj 15): stop test.testapp1
04-25 17:09:17.346  1426  2467 I chatty  : uid=1000(system) Binder_7 expire 1 line
04-25 17:09:17.369  2280  2280 D AndroidRuntime: Shutting down VM
04-25 17:09:17.371  1426  1486 W ActivityManager: Spurious death for ProcessRecord{23d9868 0:test.testapp1/u0a25}, curProc for 28050: null
04-25 17:09:18.241  2489  2489 D AndroidRuntime: >>>>>> START com.android.internal.os.RuntimeInit uid 2000 <<<<<<
04-25 17:09:18.245  2489  2489 D AndroidRuntime: CheckJNI is OFF
04-25 17:09:18.290  2489  2489 D ICU     : No timezone override file found: /data/misc/zoneinfo/current/icu/icu_tzdata.dat
04-25 17:09:18.329  2489  2489 I Radio-JNI: register_android_hardware_Radio DONE
04-25 17:09:18.334  2489  2489 V RKStartup: register jni methods in real ...
04-25 17:09:18.353  2489  2489 D AndroidRuntime: Calling main entry com.android.commands.pm.Pm
04-25 17:09:18.359  2489  2489 I art     : System.exit called, status: 0
04-25 17:09:18.359  2489  2489 I AndroidRuntime: VM exiting with result code 0.
04-25 17:09:19.221  2656  2656 D AndroidRuntime: >>>>>> START com.android.internal.os.RuntimeInit uid 2000 <<<<<<
04-25 17:09:19.225  2656  2656 D AndroidRuntime: CheckJNI is OFF
04-25 17:09:19.279  2656  2656 D ICU     : No timezone override file found: /data/misc/zoneinfo/current/icu/icu_tzdata.dat
04-25 17:09:19.325  2656  2656 I Radio-JNI: register_android_hardware_Radio DONE
04-25 17:09:19.331  2656  2656 V RKStartup: register jni methods in real ...
04-25 17:09:19.349  2656  2656 D AndroidRuntime: Calling main entry com.android.commands.pm.Pm
04-25 17:09:19.358  2656  2656 I art     : System.exit called, status: 0
04-25 17:09:19.358  2656  2656 I AndroidRuntime: VM exiting with result code 0.
04-25 17:09:19.414  3345  3347 I RKUPL_r2audio: ----------2681.703369
04-25 17:09:20.554  3345  3347 I RKUPL_r2audio: ----------2710.152344
04-25 17:09:21.999  2889  2889 D AndroidRuntime: >>>>>> START com.android.internal.os.RuntimeInit uid 2000 <<<<<<
04-25 17:09:22.004  2889  2889 D AndroidRuntime: CheckJNI is OFF
04-25 17:09:22.009  2893  2893 D AndroidRuntime: >>>>>> START com.android.internal.os.RuntimeInit uid 2000 <<<<<<
04-25 17:09:22.013  2893  2893 D AndroidRuntime: CheckJNI is OFF
04-25 17:09:22.062  2889  2889 D ICU     : No timezone override file found: /data/misc/zoneinfo/current/icu/icu_tzdata.dat
04-25 17:09:22.072  2893  2893 D ICU     : No timezone override file found: /data/misc/zoneinfo/current/icu/icu_tzdata.dat
04-25 17:09:22.103  2889  2889 I Radio-JNI: register_android_hardware_Radio DONE
04-25 17:09:22.108  2889  2889 V RKStartup: register jni methods in real ...
04-25 17:09:22.112  2893  2893 I Radio-JNI: register_android_hardware_Radio DONE
04-25 17:09:22.117  2893  2893 V RKStartup: register jni methods in real ...
04-25 17:09:22.126  2889  2889 D AndroidRuntime: Calling main entry com.android.commands.wm.Wm
04-25 17:09:22.128  2889  2889 D AndroidRuntime: Shutting down VM
04-25 17:09:22.135  2893  2893 D AndroidRuntime: Calling main entry com.android.commands.pm.Pm
04-25 17:09:22.142  2893  2893 I art     : System.exit called, status: 0
04-25 17:09:22.142  2893  2893 I AndroidRuntime: VM exiting with result code 0.
04-25 17:09:22.161  3051  3051 I sh      : type=1400 audit(0.0:329): avc: denied { ioctl } for path="socket:[655058]" dev="sockfs" ino=655058 ioctlcmd=5401 scontext=u:r:shell:s0 tcontext=u:r:adbd:s0 tclass=unix_stream_socket permissive=1
04-25 17:09:22.796  3051  3051 D AndroidRuntime: >>>>>> START com.android.internal.os.RuntimeInit uid 2000 <<<<<<
04-25 17:09:22.801  3051  3051 D AndroidRuntime: CheckJNI is OFF
04-25 17:09:22.848  3051  3051 D ICU     : No timezone override file found: /data/misc/zoneinfo/current/icu/icu_tzdata.dat
04-25 17:09:22.913  3051  3051 I Radio-JNI: register_android_hardware_Radio DONE
04-25 17:09:22.920  3051  3051 V RKStartup: register jni methods in real ...
04-25 17:09:22.944  3051  3051 D AndroidRuntime: Calling main entry com.android.commands.pm.Pm
04-25 17:09:22.951   387   387 I installd: free_cache(445479) avail 12362031104
04-25 17:09:23.047  3051  3051 I art     : System.exit called, status: 0
04-25 17:09:23.047  3051  3051 I AndroidRuntime: VM exiting with result code 0.
04-25 17:09:23.299  3345  3347 I RKUPL_r2audio: ----------2442.702881
04-25 17:09:23.375  2452  3128 I ChannelThread: ping server
04-25 17:09:23.396  2452  3362 D WSToPBHandler: channel read0
04-25 17:09:23.396  2452  3362 E WSToPBHandler: recv pong
04-25 17:09:23.714  3117  3117 D AndroidRuntime: >>>>>> START com.android.internal.os.RuntimeInit uid 2000 <<<<<<
04-25 17:09:23.718  3117  3117 D AndroidRuntime: CheckJNI is OFF
04-25 17:09:23.775  3117  3117 D ICU     : No timezone override file found: /data/misc/zoneinfo/current/icu/icu_tzdata.dat
04-25 17:09:23.850  3117  3117 I Radio-JNI: register_android_hardware_Radio DONE
04-25 17:09:23.856  3117  3117 V RKStartup: register jni methods in real ...
04-25 17:09:23.873  3117  3117 D AndroidRuntime: Calling main entry com.android.commands.pm.Pm
04-25 17:09:24.055  1426  1731 D PackageInstaller: Inherited files: [/data/app/test.testapp1-1/split_lib_dependencies_apk.apk, /data/app/test.testapp1-1/split_lib_slice_0_apk.apk, /data/app/test.testapp1-1/split_lib_slice_1_apk.apk, /data/app/test.testapp1-1/split_lib_slice_2_apk.apk, /data/app/test.testapp1-1/split_lib_slice_3_apk.apk, /data/app/test.testapp1-1/split_lib_slice_4_apk.apk, /data/app/test.testapp1-1/split_lib_slice_5_apk.apk, /data/app/test.testapp1-1/split_lib_slice_6_apk.apk, /data/app/test.testapp1-1/split_lib_slice_7_apk.apk, /data/app/test.testapp1-1/split_lib_slice_8_apk.apk, /data/app/test.testapp1-1/split_lib_slice_9_apk.apk, /data/app/test.testapp1-1/oat/arm/base.odex]
04-25 17:09:24.062  1426  1731 D PackageInstaller: Linked 12 files into /data/app/vmdl1131037186.tmp
04-25 17:09:24.082  1426  1731 I chatty  : uid=1000(system) PackageInstalle expire 12 lines
04-25 17:09:24.117  6979  6995 E NativeLibraryHelper: Failed to load assets verifier: 0
04-25 17:09:24.118  6979  6995 E NativeLibraryHelper: Failed to load assets verifier: 0
04-25 17:09:24.118  6979  6995 E NativeLibraryHelper: Failed to load assets verifier: 0
04-25 17:09:24.118  6979  6995 E NativeLibraryHelper: Failed to load assets verifier: 0
04-25 17:09:24.119  6979  6995 E NativeLibraryHelper: Failed to load assets verifier: 0
04-25 17:09:24.123  6979  6995 E NativeLibraryHelper: Failed to load assets verifier: 0
04-25 17:09:24.123  6979  6995 E NativeLibraryHelper: Failed to load assets verifier: 0
04-25 17:09:24.124  6979  6995 E NativeLibraryHelper: Failed to load assets verifier: 0
04-25 17:09:24.124  6979  6995 E NativeLibraryHelper: Failed to load assets verifier: 0
04-25 17:09:24.124  6979  6995 E NativeLibraryHelper: Failed to load assets verifier: 0
04-25 17:09:24.124  6979  6995 E NativeLibraryHelper: Failed to load assets verifier: 0
04-25 17:09:24.125  6979  6995 E NativeLibraryHelper: Failed to load assets verifier: 0
04-25 17:09:24.143  1426  1566 W PackageParser: Unknown element under <manifest>: meta-data at /data/app/vmdl1131037186.tmp/base.apk Binary XML file line #11
04-25 17:09:24.360  1426  1566 I chatty  : uid=1000(system) PackageManager expire 15 lines
04-25 17:09:24.384  1426  1510 I ActivityManager: Force stopping test.testapp1 appid=10025 user=-1: uninstall pkg
04-25 17:09:24.468  1426  1566 I PackageManager: Package test.testapp1 codePath changed from /data/app/test.testapp1-1 to /data/app/test.testapp1-2; Retaining data and using new
04-25 17:09:24.468  1426  1566 W PackageManager: Code path for test.testapp1 changing from /data/app/test.testapp1-1 to /data/app/test.testapp1-2
04-25 17:09:24.469  1426  1510 I ActivityManager: Force stopping test.testapp1 appid=10025 user=-1: replace pkg
04-25 17:09:24.469  1426  1566 W PackageManager: Resource path for test.testapp1 changing from /data/app/test.testapp1-1 to /data/app/test.testapp1-2
04-25 17:09:24.662  1426  1566 W PackageManager: Couldn't remove dex file for package:  at location /data/app/test.testapp1-1/base.apk, retcode=-1
04-25 17:09:24.662  1426  1566 W PackageManager: Couldn't remove dex file for package:  at location /data/app/test.testapp1-1/split_lib_dependencies_apk.apk, retcode=-1
04-25 17:09:24.663  1426  1566 W PackageManager: Couldn't remove dex file for package:  at location /data/app/test.testapp1-1/split_lib_slice_0_apk.apk, retcode=-1
04-25 17:09:24.663  1426  1566 W PackageManager: Couldn't remove dex file for package:  at location /data/app/test.testapp1-1/split_lib_slice_1_apk.apk, retcode=-1
04-25 17:09:24.663  1426  1566 W PackageManager: Couldn't remove dex file for package:  at location /data/app/test.testapp1-1/split_lib_slice_2_apk.apk, retcode=-1
04-25 17:09:24.664  1426  1566 W PackageManager: Couldn't remove dex file for package:  at location /data/app/test.testapp1-1/split_lib_slice_3_apk.apk, retcode=-1
04-25 17:09:24.664  1426  1566 W PackageManager: Couldn't remove dex file for package:  at location /data/app/test.testapp1-1/split_lib_slice_4_apk.apk, retcode=-1
04-25 17:09:24.665  1426  1566 W PackageManager: Couldn't remove dex file for package:  at location /data/app/test.testapp1-1/split_lib_slice_5_apk.apk, retcode=-1
04-25 17:09:24.665  1426  1566 W PackageManager: Couldn't remove dex file for package:  at location /data/app/test.testapp1-1/split_lib_slice_6_apk.apk, retcode=-1
04-25 17:09:24.666  1426  1566 W PackageManager: Couldn't remove dex file for package:  at location /data/app/test.testapp1-1/split_lib_slice_7_apk.apk, retcode=-1
04-25 17:09:24.666  1426  1566 W PackageManager: Couldn't remove dex file for package:  at location /data/app/test.testapp1-1/split_lib_slice_8_apk.apk, retcode=-1
04-25 17:09:24.666  1426  1566 W PackageManager: Couldn't remove dex file for package:  at location /data/app/test.testapp1-1/split_lib_slice_9_apk.apk, retcode=-1
04-25 17:09:24.666   387   387 E installd: Couldn't opendir /data/app/vmdl1131037186.tmp: No such file or directory
04-25 17:09:24.669  3117  3117 I art     : System.exit called, status: 0
04-25 17:09:24.669  3117  3117 I AndroidRuntime: VM exiting with result code 0.
04-25 17:09:24.672  1426  1566 I ActivityManager: Force stopping test.testapp1 appid=10025 user=0: pkg removed
04-25 17:09:24.684  1426  1426 D JobSchedulerService: Receieved: android.intent.action.PACKAGE_REMOVED
04-25 17:09:24.685  3395  3395 D BluetoothMapAppObserver: onReceive
04-25 17:09:24.685  3395  3395 D BluetoothMapAppObserver: The removed package is: test.testapp1
04-25 17:09:24.688  2585  2619 I RKNativeAppClientService: recv event callback for pm remove
04-25 17:09:24.688  2443  2443 D CarrierServiceBindHelper: Receive action: android.intent.action.PACKAGE_REMOVED
04-25 17:09:24.688  1426  1778 I chatty  : uid=1000(system) InputReader expire 3 lines
04-25 17:09:24.688  2585  2585 I RKNativeAppClientService: pkg test.testapp1 uninstall
04-25 17:09:24.689  2443  2443 D CarrierServiceBindHelper: mHandler: 3
04-25 17:09:24.689  2585  2585 E RKNativeAppClientService: cannot find such package
04-25 17:09:24.693  3395  3395 D BluetoothMapAppObserver: onReceive
04-25 17:09:24.694  3395  3395 D BluetoothMapAppObserver: The installed package is: test.testapp1
04-25 17:09:24.694  3395  3395 D BluetoothMapAppObserver: Found 0 application(s) with intent android.bluetooth.action.BLUETOOTH_MAP_PROVIDER
04-25 17:09:24.695  3395  3395 D BluetoothMapAppObserver: Found 0 application(s) with intent android.bluetooth.action.BLUETOOTH_MAP_IM_PROVIDER
04-25 17:09:24.696  2443  2443 D CarrierServiceBindHelper: Receive action: android.intent.action.PACKAGE_ADDED
04-25 17:09:24.697  2443  2443 D CarrierServiceBindHelper: mHandler: 3
04-25 17:09:24.714 12215 12215 W ContextImpl: Calling a method in the system process without a qualified user: android.app.ContextImpl.startService:1225 android.content.ContextWrapper.startService:581 android.content.ContextWrapper.startService:581 com.android.keychain.KeyChainBroadcastReceiver.onReceive:12 android.app.ActivityThread.handleReceiver:2729 
04-25 17:09:24.715  1426  1509 I chatty  : uid=1000(system) android.bg expire 2 lines
04-25 17:09:24.717  2443  2443 D CarrierServiceBindHelper: Receive action: android.intent.action.PACKAGE_REPLACED
04-25 17:09:24.718  2443  2443 D CarrierServiceBindHelper: mHandler: 3
04-25 17:09:24.718  2443  2443 D CarrierConfigLoader: mHandler: 9 phoneId: 0
04-25 17:09:24.724  1426  1509 W VoiceInteractionManagerService: no available voice recognition services found for user 0
04-25 17:09:24.725  1426  2506 I chatty  : uid=1000(system) Binder_8 expire 1 line
04-25 17:09:24.729  1426  1426 I chatty  : uid=1000 system_server expire 8 lines
04-25 17:09:24.730  2585  2784 I RKNativeAppClientService: recv event callback for pm add
04-25 17:09:24.730  2585  2585 I RKNativeAppClientService: pkg test.testapp1 install
04-25 17:09:24.731 28332 28351 I NativeAppClientCallback: app null installed
04-25 17:09:25.419  3286  3286 D AndroidRuntime: >>>>>> START com.android.internal.os.RuntimeInit uid 2000 <<<<<<
04-25 17:09:25.424  3286  3286 D AndroidRuntime: CheckJNI is OFF
04-25 17:09:25.475  3286  3286 D ICU     : No timezone override file found: /data/misc/zoneinfo/current/icu/icu_tzdata.dat
04-25 17:09:25.523  3286  3286 I Radio-JNI: register_android_hardware_Radio DONE
04-25 17:09:25.529  3286  3286 V RKStartup: register jni methods in real ...
04-25 17:09:25.555  3286  3286 D AndroidRuntime: Calling main entry com.android.commands.am.Am
04-25 17:09:25.558  1426  2775 I ActivityManager: START u0 {act=android.intent.action.MAIN cat=[android.intent.category.LAUNCHER] flg=0x10000000 cmp=test.testapp1/.MainActivity} from uid 2000 on display 0
04-25 17:09:25.586 28332 28332 I Activity: activityInfo: ActivityInfo{ced1c4f com.rokid.rkengine.MainActivity}
04-25 17:09:25.587  2585  2606 I RKNativeAppClientService: recv event callback for app change
04-25 17:09:25.587  2585  2585 I RKNativeAppClientService: app state change with compName com.rokid.rkengine.MainActivity pkgName com.rokid.rkengine
04-25 17:09:25.588  2585  2585 E RKNativeAppClientService: component is null
04-25 17:09:25.606  3286  3286 D AndroidRuntime: Shutting down VM
04-25 17:09:25.616  1426  2569 I chatty  : uid=1000(system) Binder_9 expire 1 line
04-25 17:09:25.616  1426  2569 I ActivityManager: Start proc 3424:test.testapp1/u0a25 for activity test.testapp1/.MainActivity
04-25 17:09:25.630  3424  3424 I art     : Late-enabling -Xcheck:jni
04-25 17:09:25.686  3424  3424 E DX      : /data/app/test.testapp1-2/base.apk:/data/app/test.testapp1-2/split_lib_dependencies_apk.apk:/data/app/test.testapp1-2/split_lib_slice_0_apk.apk:/data/app/test.testapp1-2/split_lib_slice_1_apk.apk:/data/app/test.testapp1-2/split_lib_slice_2_apk.apk:/data/app/test.testapp1-2/split_lib_slice_3_apk.apk:/data/app/test.testapp1-2/split_lib_slice_4_apk.apk:/data/app/test.testapp1-2/split_lib_slice_5_apk.apk:/data/app/test.testapp1-2/split_lib_slice_6_apk.apk:/data/app/test.testapp1-2/split_lib_slice_7_apk.apk:/data/app/test.testapp1-2/split_lib_slice_8_apk.apk:/data/app/test.testapp1-2/split_lib_slice_9_apk.apk
04-25 17:09:25.737  3443  3443 E dex2oat : Failed to create oat file: /data/dalvik-cache/arm/data@app@test.testapp1-2@split_lib_dependencies_apk.apk@classes.dex: Permission denied
04-25 17:09:25.737  3443  3443 I dex2oat : dex2oat took 746.406us (threads: 4) 
04-25 17:09:25.740  3424  3424 W art     : Failed execv(/system/bin/dex2oat --runtime-arg -classpath --runtime-arg  --debuggable --instruction-set=arm --instruction-set-features=smp,div,atomic_ldrd_strd --runtime-arg -Xrelocate --boot-image=/system/framework/boot.art --runtime-arg -Xms64m --runtime-arg -Xmx512m --instruction-set-variant=krait --instruction-set-features=default --dex-file=/data/app/test.testapp1-2/split_lib_dependencies_apk.apk --oat-file=/data/dalvik-cache/arm/data@app@test.testapp1-2@split_lib_dependencies_apk.apk@classes.dex) because non-0 exit status
04-25 17:09:25.941  3456  3456 E dex2oat : Failed to create oat file: /data/dalvik-cache/arm/data@app@test.testapp1-2@split_lib_slice_0_apk.apk@classes.dex: Permission denied
04-25 17:09:25.941  3456  3456 I dex2oat : dex2oat took 749.844us (threads: 4) 
04-25 17:09:25.945  3424  3424 W art     : Failed execv(/system/bin/dex2oat --runtime-arg -classpath --runtime-arg  --debuggable --instruction-set=arm --instruction-set-features=smp,div,atomic_ldrd_strd --runtime-arg -Xrelocate --boot-image=/system/framework/boot.art --runtime-arg -Xms64m --runtime-arg -Xmx512m --instruction-set-variant=krait --instruction-set-features=default --dex-file=/data/app/test.testapp1-2/split_lib_slice_0_apk.apk --oat-file=/data/dalvik-cache/arm/data@app@test.testapp1-2@split_lib_slice_0_apk.apk@classes.dex) because non-0 exit status
04-25 17:09:26.011  3462  3462 E dex2oat : Failed to create oat file: /data/dalvik-cache/arm/data@app@test.testapp1-2@split_lib_slice_1_apk.apk@classes.dex: Permission denied
04-25 17:09:26.011  3462  3462 I dex2oat : dex2oat took 698.230us (threads: 4) 
04-25 17:09:26.014  3424  3424 W art     : Failed execv(/system/bin/dex2oat --runtime-arg -classpath --runtime-arg  --debuggable --instruction-set=arm --instruction-set-features=smp,div,atomic_ldrd_strd --runtime-arg -Xrelocate --boot-image=/system/framework/boot.art --runtime-arg -Xms64m --runtime-arg -Xmx512m --instruction-set-variant=krait --instruction-set-features=default --dex-file=/data/app/test.testapp1-2/split_lib_slice_1_apk.apk --oat-file=/data/dalvik-cache/arm/data@app@test.testapp1-2@split_lib_slice_1_apk.apk@classes.dex) because non-0 exit status
04-25 17:09:26.059  3467  3467 E dex2oat : Failed to create oat file: /data/dalvik-cache/arm/data@app@test.testapp1-2@split_lib_slice_2_apk.apk@classes.dex: Permission denied
04-25 17:09:26.059  3467  3467 I dex2oat : dex2oat took 737.604us (threads: 4) 
04-25 17:09:26.063  3424  3424 W art     : Failed execv(/system/bin/dex2oat --runtime-arg -classpath --runtime-arg  --debuggable --instruction-set=arm --instruction-set-features=smp,div,atomic_ldrd_strd --runtime-arg -Xrelocate --boot-image=/system/framework/boot.art --runtime-arg -Xms64m --runtime-arg -Xmx512m --instruction-set-variant=krait --instruction-set-features=default --dex-file=/data/app/test.testapp1-2/split_lib_slice_2_apk.apk --oat-file=/data/dalvik-cache/arm/data@app@test.testapp1-2@split_lib_slice_2_apk.apk@classes.dex) because non-0 exit status
04-25 17:09:26.113  3481  3481 E dex2oat : Failed to create oat file: /data/dalvik-cache/arm/data@app@test.testapp1-2@split_lib_slice_3_apk.apk@classes.dex: Permission denied
04-25 17:09:26.113  3481  3481 I dex2oat : dex2oat took 1.028ms (threads: 4) 
04-25 17:09:26.117  3424  3424 W art     : Failed execv(/system/bin/dex2oat --runtime-arg -classpath --runtime-arg  --debuggable --instruction-set=arm --instruction-set-features=smp,div,atomic_ldrd_strd --runtime-arg -Xrelocate --boot-image=/system/framework/boot.art --runtime-arg -Xms64m --runtime-arg -Xmx512m --instruction-set-variant=krait --instruction-set-features=default --dex-file=/data/app/test.testapp1-2/split_lib_slice_3_apk.apk --oat-file=/data/dalvik-cache/arm/data@app@test.testapp1-2@split_lib_slice_3_apk.apk@classes.dex) because non-0 exit status
04-25 17:09:26.184  3501  3501 E dex2oat : Failed to create oat file: /data/dalvik-cache/arm/data@app@test.testapp1-2@split_lib_slice_4_apk.apk@classes.dex: Permission denied
04-25 17:09:26.185  3501  3501 I dex2oat : dex2oat took 641.354us (threads: 4) 
04-25 17:09:26.189  3424  3424 W art     : Failed execv(/system/bin/dex2oat --runtime-arg -classpath --runtime-arg  --debuggable --instruction-set=arm --instruction-set-features=smp,div,atomic_ldrd_strd --runtime-arg -Xrelocate --boot-image=/system/framework/boot.art --runtime-arg -Xms64m --runtime-arg -Xmx512m --instruction-set-variant=krait --instruction-set-features=default --dex-file=/data/app/test.testapp1-2/split_lib_slice_4_apk.apk --oat-file=/data/dalvik-cache/arm/data@app@test.testapp1-2@split_lib_slice_4_apk.apk@classes.dex) because non-0 exit status
04-25 17:09:26.238  3513  3513 E dex2oat : Failed to create oat file: /data/dalvik-cache/arm/data@app@test.testapp1-2@split_lib_slice_5_apk.apk@classes.dex: Permission denied
04-25 17:09:26.239  3513  3513 I dex2oat : dex2oat took 1.134ms (threads: 4) 
04-25 17:09:26.242  3424  3424 W art     : Failed execv(/system/bin/dex2oat --runtime-arg -classpath --runtime-arg  --debuggable --instruction-set=arm --instruction-set-features=smp,div,atomic_ldrd_strd --runtime-arg -Xrelocate --boot-image=/system/framework/boot.art --runtime-arg -Xms64m --runtime-arg -Xmx512m --instruction-set-variant=krait --instruction-set-features=default --dex-file=/data/app/test.testapp1-2/split_lib_slice_5_apk.apk --oat-file=/data/dalvik-cache/arm/data@app@test.testapp1-2@split_lib_slice_5_apk.apk@classes.dex) because non-0 exit status
04-25 17:09:26.288  3517  3517 E dex2oat : Failed to create oat file: /data/dalvik-cache/arm/data@app@test.testapp1-2@split_lib_slice_6_apk.apk@classes.dex: Permission denied
04-25 17:09:26.288  3517  3517 I dex2oat : dex2oat took 770.520us (threads: 4) 
04-25 17:09:26.291  3424  3424 W art     : Failed execv(/system/bin/dex2oat --runtime-arg -classpath --runtime-arg  --debuggable --instruction-set=arm --instruction-set-features=smp,div,atomic_ldrd_strd --runtime-arg -Xrelocate --boot-image=/system/framework/boot.art --runtime-arg -Xms64m --runtime-arg -Xmx512m --instruction-set-variant=krait --instruction-set-features=default --dex-file=/data/app/test.testapp1-2/split_lib_slice_6_apk.apk --oat-file=/data/dalvik-cache/arm/data@app@test.testapp1-2@split_lib_slice_6_apk.apk@classes.dex) because non-0 exit status
04-25 17:09:26.359  3521  3521 E dex2oat : Failed to create oat file: /data/dalvik-cache/arm/data@app@test.testapp1-2@split_lib_slice_7_apk.apk@classes.dex: Permission denied
04-25 17:09:26.359  3521  3521 I dex2oat : dex2oat took 992.136us (threads: 4) 
04-25 17:09:26.363  3424  3424 W art     : Failed execv(/system/bin/dex2oat --runtime-arg -classpath --runtime-arg  --debuggable --instruction-set=arm --instruction-set-features=smp,div,atomic_ldrd_strd --runtime-arg -Xrelocate --boot-image=/system/framework/boot.art --runtime-arg -Xms64m --runtime-arg -Xmx512m --instruction-set-variant=krait --instruction-set-features=default --dex-file=/data/app/test.testapp1-2/split_lib_slice_7_apk.apk --oat-file=/data/dalvik-cache/arm/data@app@test.testapp1-2@split_lib_slice_7_apk.apk@classes.dex) because non-0 exit status
04-25 17:09:26.410  3526  3526 E dex2oat : Failed to create oat file: /data/dalvik-cache/arm/data@app@test.testapp1-2@split_lib_slice_8_apk.apk@classes.dex: Permission denied
04-25 17:09:26.410  3526  3526 I dex2oat : dex2oat took 615.833us (threads: 4) 
04-25 17:09:26.414  3424  3424 W art     : Failed execv(/system/bin/dex2oat --runtime-arg -classpath --runtime-arg  --debuggable --instruction-set=arm --instruction-set-features=smp,div,atomic_ldrd_strd --runtime-arg -Xrelocate --boot-image=/system/framework/boot.art --runtime-arg -Xms64m --runtime-arg -Xmx512m --instruction-set-variant=krait --instruction-set-features=default --dex-file=/data/app/test.testapp1-2/split_lib_slice_8_apk.apk --oat-file=/data/dalvik-cache/arm/data@app@test.testapp1-2@split_lib_slice_8_apk.apk@classes.dex) because non-0 exit status
04-25 17:09:26.460  3530  3530 E dex2oat : Failed to create oat file: /data/dalvik-cache/arm/data@app@test.testapp1-2@split_lib_slice_9_apk.apk@classes.dex: Permission denied
04-25 17:09:26.461  3530  3530 I dex2oat : dex2oat took 634.844us (threads: 4) 
04-25 17:09:26.463  3424  3424 W art     : Failed execv(/system/bin/dex2oat --runtime-arg -classpath --runtime-arg  --debuggable --instruction-set=arm --instruction-set-features=smp,div,atomic_ldrd_strd --runtime-arg -Xrelocate --boot-image=/system/framework/boot.art --runtime-arg -Xms64m --runtime-arg -Xmx512m --instruction-set-variant=krait --instruction-set-features=default --dex-file=/data/app/test.testapp1-2/split_lib_slice_9_apk.apk --oat-file=/data/dalvik-cache/arm/data@app@test.testapp1-2@split_lib_slice_9_apk.apk@classes.dex) because non-0 exit status
04-25 17:09:26.522  3536  3536 E dex2oat : Failed to create oat file: /data/dalvik-cache/arm/system@rokid@netty-android.jar@classes.dex: Permission denied
04-25 17:09:26.522  3536  3536 I dex2oat : dex2oat took 701.719us (threads: 4) 
04-25 17:09:26.525  3424  3424 W art     : Failed execv(/system/bin/dex2oat --runtime-arg -classpath --runtime-arg  --debuggable --instruction-set=arm --instruction-set-features=smp,div,atomic_ldrd_strd --runtime-arg -Xrelocate --boot-image=/system/framework/boot.art --runtime-arg -Xms64m --runtime-arg -Xmx512m --instruction-set-variant=krait --instruction-set-features=default --dex-file=/system/rokid/netty-android.jar --oat-file=/data/dalvik-cache/arm/system@rokid@netty-android.jar@classes.dex) because non-0 exit status
04-25 17:09:26.757  3578  3578 E dex2oat : Failed to create oat file: /data/dalvik-cache/arm/system@rokid@jctools-android.jar@classes.dex: Permission denied
04-25 17:09:26.757  3578  3578 I dex2oat : dex2oat took 669.167us (threads: 4) 
04-25 17:09:26.760  3424  3424 W art     : Failed execv(/system/bin/dex2oat --runtime-arg -classpath --runtime-arg  --debuggable --instruction-set=arm --instruction-set-features=smp,div,atomic_ldrd_strd --runtime-arg -Xrelocate --boot-image=/system/framework/boot.art --runtime-arg -Xms64m --runtime-arg -Xmx512m --instruction-set-variant=krait --instruction-set-features=default --dex-file=/system/rokid/jctools-android.jar --oat-file=/data/dalvik-cache/arm/system@rokid@jctools-android.jar@classes.dex) because non-0 exit status
04-25 17:09:26.766  3424  3424 W System  : ClassLoader referenced unknown path: /data/app/test.testapp1-2/lib/arm
04-25 17:09:26.768  3424  3424 I InstantRun: starting instant run server: is main process
04-25 17:09:26.872  3424  3424 W art     : Before Android 4.1, method android.graphics.PorterDuffColorFilter android.support.graphics.drawable.VectorDrawableCompat.updateTintFilter(android.graphics.PorterDuffColorFilter, android.content.res.ColorStateList, android.graphics.PorterDuff$Mode) would have incorrectly overridden the package-private method in android.graphics.drawable.Drawable
04-25 17:09:26.903  3424  3424 I Activity: activityInfo: ActivityInfo{e062fba test.testapp1.MainActivity}
04-25 17:09:26.904  2585  2619 I RKNativeAppClientService: recv event callback for app change
04-25 17:09:26.904  2585  2585 I RKNativeAppClientService: app state change with compName test.testapp1.MainActivity pkgName test.testapp1
04-25 17:09:26.905 28332 28351 I NativeAppClientCallback: app null onCreate
04-25 17:09:27.057  3424  3424 I Activity: activityInfo: ActivityInfo{e062fba test.testapp1.MainActivity}
04-25 17:09:27.057  1426  1426 I chatty  : uid=1000 system_server expire 2 lines
04-25 17:09:27.057  3424  3424 I Activity: activityInfo: ActivityInfo{e062fba test.testapp1.MainActivity}
04-25 17:09:27.058  2585  2784 I RKNativeAppClientService: recv event callback for app change
04-25 17:09:27.058  2585  2585 I RKNativeAppClientService: app state change with compName test.testapp1.MainActivity pkgName test.testapp1
04-25 17:09:27.059  2585  2606 I RKNativeAppClientService: recv event callback for app change
04-25 17:09:27.059 28332 28344 I NativeAppClientCallback: app null onStart
04-25 17:09:27.059  2585  2585 I RKNativeAppClientService: app state change with compName test.testapp1.MainActivity pkgName test.testapp1
04-25 17:09:27.060 28332 28343 I NativeAppClientCallback: app null onResume
04-25 17:09:27.076  3424  3608 D OpenGLRenderer: Use EGL_SWAP_BEHAVIOR_PRESERVED: true
04-25 17:09:27.124  3424  3608 I Adreno-EGL: <qeglDrvAPI_eglInitialize:379>: EGL 1.4 QUALCOMM build: Nondeterministic_AU_msm8974_LA.BF.1.1.3_RB1__release_AU (I741a3d36ca)
04-25 17:09:27.124  3424  3608 I Adreno-EGL: OpenGL ES Shader Compiler Version: E031.29.00.00
04-25 17:09:27.124  3424  3608 I Adreno-EGL: Build Date: 04/04/16 Mon
04-25 17:09:27.124  3424  3608 I Adreno-EGL: Local Branch: mybranch19053788
04-25 17:09:27.124  3424  3608 I Adreno-EGL: Remote Branch: quic/LA.BF.1.1.3_rb1.12
04-25 17:09:27.124  3424  3608 I Adreno-EGL: Local Patches: NONE
04-25 17:09:27.124  3424  3608 I Adreno-EGL: Reconstruct Branch: NOTHING
04-25 17:09:27.127  3424  3608 I OpenGLRenderer: Initialized EGL, version 1.4
04-25 17:09:27.202  3424  3424 W art     : Before Android 4.1, method int android.support.v7.widget.ListViewCompat.lookForSelectablePosition(int, boolean) would have incorrectly overridden the package-private method in android.widget.ListView
04-25 17:09:27.285  1426  1543 I chatty  : uid=1000(system) android.display expire 1 line
04-25 17:09:27.288 28332 28332 I Activity: activityInfo: ActivityInfo{ced1c4f com.rokid.rkengine.MainActivity}
04-25 17:09:27.288  1426  1426 I chatty  : uid=1000 system_server expire 1 line
04-25 17:09:27.288  2585  2784 I RKNativeAppClientService: recv event callback for app change
04-25 17:09:27.288  2585  2585 I RKNativeAppClientService: app state change with compName com.rokid.rkengine.MainActivity pkgName com.rokid.rkengine
04-25 17:09:27.289  2585  2585 E RKNativeAppClientService: component is null
04-25 17:09:27.493  2484  2777 E LightJNI: failed to lock buffer...
04-25 17:09:27.592  2484  2777 E LightJNI: failed to lock buffer...
04-25 17:09:27.936  2132  2132 I chatty  : uid=1010(wifi) /system/bin/wpa_supplicant expire 248 lines
04-25 17:09:29.520   514  3891 I chatty  : uid=1000(system) /system/bin/mm-pp-daemon expire 4 lines
04-25 17:09:29.644  2376  3125 I chatty  : uid=1000(system) Thread-52 expire 1 line
04-25 17:09:29.662  2376  3313 I chatty  : uid=1000(system) nioEventLoopGro expire 2 lines
04-25 17:09:30.140  3345  3347 I RKUPL_r2audio: ----------2023.907959
04-25 17:09:33.463  2484  2777 E LightJNI: failed to lock buffer...
04-25 17:09:33.732  2340  3261 I NetworkMonitor: start ping process
04-25 17:09:36.628  1426  1488 I chatty  : uid=1000(system) Binder_2 expire 1 line
04-25 17:09:36.629  1426  2775 I chatty  : uid=1000(system) Binder_D expire 1 line
04-25 17:09:36.655  3424  3424 I Activity: activityInfo: ActivityInfo{e062fba test.testapp1.MainActivity}
04-25 17:09:36.655  1426  1426 I chatty  : uid=1000 system_server expire 3 lines
04-25 17:09:36.656  2585  2784 I RKNativeAppClientService: recv event callback for app change
04-25 17:09:36.656  2585  2585 I RKNativeAppClientService: app state change with compName test.testapp1.MainActivity pkgName test.testapp1
04-25 17:09:36.658 28332 28343 I NativeAppClientCallback: app null onPause
